Archive member included to satisfy reference by file (symbol)

C:/ST/STM32CubeCLT_1.18.0/GNU-tools-for-STM32/bin/../lib/gcc/arm-none-eabi/13.3.1/../../../../arm-none-eabi/lib/thumb/v7e-m+fp/hard\libg.a(libc_a-exit.o)
                              C:/ST/STM32CubeCLT_1.18.0/GNU-tools-for-STM32/bin/../lib/gcc/arm-none-eabi/13.3.1/../../../../arm-none-eabi/lib/thumb/v7e-m+fp/hard/crt0.o (exit)
C:/ST/STM32CubeCLT_1.18.0/GNU-tools-for-STM32/bin/../lib/gcc/arm-none-eabi/13.3.1/../../../../arm-none-eabi/lib/thumb/v7e-m+fp/hard\libg.a(libc_a-findfp.o)
                              CMakeFiles/STM32f411ret6_usart_blinking.elf.dir/Middlewares/Third_Party/FreeRTOS/Source/tasks.c.obj (__sf)
C:/ST/STM32CubeCLT_1.18.0/GNU-tools-for-STM32/bin/../lib/gcc/arm-none-eabi/13.3.1/../../../../arm-none-eabi/lib/thumb/v7e-m+fp/hard\libg.a(libc_a-fwalk.o)
                              C:/ST/STM32CubeCLT_1.18.0/GNU-tools-for-STM32/bin/../lib/gcc/arm-none-eabi/13.3.1/../../../../arm-none-eabi/lib/thumb/v7e-m+fp/hard\libg.a(libc_a-findfp.o) (_fwalk_sglue)
C:/ST/STM32CubeCLT_1.18.0/GNU-tools-for-STM32/bin/../lib/gcc/arm-none-eabi/13.3.1/../../../../arm-none-eabi/lib/thumb/v7e-m+fp/hard\libg.a(libc_a-stdio.o)
                              C:/ST/STM32CubeCLT_1.18.0/GNU-tools-for-STM32/bin/../lib/gcc/arm-none-eabi/13.3.1/../../../../arm-none-eabi/lib/thumb/v7e-m+fp/hard\libg.a(libc_a-findfp.o) (__sread)
C:/ST/STM32CubeCLT_1.18.0/GNU-tools-for-STM32/bin/../lib/gcc/arm-none-eabi/13.3.1/../../../../arm-none-eabi/lib/thumb/v7e-m+fp/hard\libg.a(libc_a-memset.o)
                              C:/ST/STM32CubeCLT_1.18.0/GNU-tools-for-STM32/bin/../lib/gcc/arm-none-eabi/13.3.1/../../../../arm-none-eabi/lib/thumb/v7e-m+fp/hard/crt0.o (memset)
C:/ST/STM32CubeCLT_1.18.0/GNU-tools-for-STM32/bin/../lib/gcc/arm-none-eabi/13.3.1/../../../../arm-none-eabi/lib/thumb/v7e-m+fp/hard\libg.a(libc_a-closer.o)
                              C:/ST/STM32CubeCLT_1.18.0/GNU-tools-for-STM32/bin/../lib/gcc/arm-none-eabi/13.3.1/../../../../arm-none-eabi/lib/thumb/v7e-m+fp/hard\libg.a(libc_a-stdio.o) (_close_r)
C:/ST/STM32CubeCLT_1.18.0/GNU-tools-for-STM32/bin/../lib/gcc/arm-none-eabi/13.3.1/../../../../arm-none-eabi/lib/thumb/v7e-m+fp/hard\libg.a(libc_a-reent.o)
                              CMakeFiles/STM32f411ret6_usart_blinking.elf.dir/Middlewares/Third_Party/FreeRTOS/Source/tasks.c.obj (_reclaim_reent)
C:/ST/STM32CubeCLT_1.18.0/GNU-tools-for-STM32/bin/../lib/gcc/arm-none-eabi/13.3.1/../../../../arm-none-eabi/lib/thumb/v7e-m+fp/hard\libg.a(libc_a-impure.o)
                              CMakeFiles/STM32f411ret6_usart_blinking.elf.dir/Middlewares/Third_Party/FreeRTOS/Source/tasks.c.obj (_impure_ptr)
C:/ST/STM32CubeCLT_1.18.0/GNU-tools-for-STM32/bin/../lib/gcc/arm-none-eabi/13.3.1/../../../../arm-none-eabi/lib/thumb/v7e-m+fp/hard\libg.a(libc_a-lseekr.o)
                              C:/ST/STM32CubeCLT_1.18.0/GNU-tools-for-STM32/bin/../lib/gcc/arm-none-eabi/13.3.1/../../../../arm-none-eabi/lib/thumb/v7e-m+fp/hard\libg.a(libc_a-stdio.o) (_lseek_r)
C:/ST/STM32CubeCLT_1.18.0/GNU-tools-for-STM32/bin/../lib/gcc/arm-none-eabi/13.3.1/../../../../arm-none-eabi/lib/thumb/v7e-m+fp/hard\libg.a(libc_a-readr.o)
                              C:/ST/STM32CubeCLT_1.18.0/GNU-tools-for-STM32/bin/../lib/gcc/arm-none-eabi/13.3.1/../../../../arm-none-eabi/lib/thumb/v7e-m+fp/hard\libg.a(libc_a-stdio.o) (_read_r)
C:/ST/STM32CubeCLT_1.18.0/GNU-tools-for-STM32/bin/../lib/gcc/arm-none-eabi/13.3.1/../../../../arm-none-eabi/lib/thumb/v7e-m+fp/hard\libg.a(libc_a-writer.o)
                              C:/ST/STM32CubeCLT_1.18.0/GNU-tools-for-STM32/bin/../lib/gcc/arm-none-eabi/13.3.1/../../../../arm-none-eabi/lib/thumb/v7e-m+fp/hard\libg.a(libc_a-stdio.o) (_write_r)
C:/ST/STM32CubeCLT_1.18.0/GNU-tools-for-STM32/bin/../lib/gcc/arm-none-eabi/13.3.1/../../../../arm-none-eabi/lib/thumb/v7e-m+fp/hard\libg.a(libc_a-errno.o)
                              CMakeFiles/STM32f411ret6_usart_blinking.elf.dir/Core/Src/syscalls.c.obj (__errno)
C:/ST/STM32CubeCLT_1.18.0/GNU-tools-for-STM32/bin/../lib/gcc/arm-none-eabi/13.3.1/../../../../arm-none-eabi/lib/thumb/v7e-m+fp/hard\libg.a(libc_a-init.o)
                              C:/ST/STM32CubeCLT_1.18.0/GNU-tools-for-STM32/bin/../lib/gcc/arm-none-eabi/13.3.1/../../../../arm-none-eabi/lib/thumb/v7e-m+fp/hard/crt0.o (__libc_init_array)
C:/ST/STM32CubeCLT_1.18.0/GNU-tools-for-STM32/bin/../lib/gcc/arm-none-eabi/13.3.1/../../../../arm-none-eabi/lib/thumb/v7e-m+fp/hard\libg.a(libc_a-lock.o)
                              C:/ST/STM32CubeCLT_1.18.0/GNU-tools-for-STM32/bin/../lib/gcc/arm-none-eabi/13.3.1/../../../../arm-none-eabi/lib/thumb/v7e-m+fp/hard\libg.a(libc_a-findfp.o) (__retarget_lock_init_recursive)
C:/ST/STM32CubeCLT_1.18.0/GNU-tools-for-STM32/bin/../lib/gcc/arm-none-eabi/13.3.1/../../../../arm-none-eabi/lib/thumb/v7e-m+fp/hard\libg.a(libc_a-memcpy-stub.o)
                              CMakeFiles/STM32f411ret6_usart_blinking.elf.dir/Core/Src/main.c.obj (memcpy)
[...]
Memory Configuration

Name             Origin             Length             Attributes
RAM              0x20000000         0x00020000         xrw
FLASH            0x08000000         0x00080000         xr
*default*        0x00000000         0xffffffff

Linker script and memory map

LOAD C:/ST/STM32CubeCLT_1.18.0/GNU-tools-for-STM32/bin/../lib/gcc/arm-none-eabi/13.3.1/thumb/v7e-m+fp/hard/crti.o
LOAD C:/ST/STM32CubeCLT_1.18.0/GNU-tools-for-STM32/bin/../lib/gcc/arm-none-eabi/13.3.1/thumb/v7e-m+fp/hard/crtbegin.o
LOAD C:/ST/STM32CubeCLT_1.18.0/GNU-tools-for-STM32/bin/../lib/gcc/arm-none-eabi/13.3.1/../../../../arm-none-eabi/lib/thumb/v7e-m+fp/hard/crt0.o
LOAD CMakeFiles/STM32f411ret6_usart_blinking.elf.dir/Core/Src/freertos.c.obj
LOAD CMakeFiles/STM32f411ret6_usart_blinking.elf.dir/Core/Src/main.c.obj
LOAD CMakeFiles/STM32f411ret6_usart_blinking.elf.dir/Core/Src/syscalls.c.obj
LOAD CMakeFiles/STM32f411ret6_usart_blinking.elf.dir/Core/Src/sysmem.c.obj
LOAD CMakeFiles/STM32f411ret6_usart_blinking.elf.dir/Core/Src/system_stm32f4xx.c.obj
LOAD CMakeFiles/STM32f411ret6_usart_blinking.elf.dir/Core/Startup/startup_stm32f411retx.s.obj
LOAD CMakeFiles/STM32f411ret6_usart_blinking.elf.dir/Middlewares/Third_Party/FreeRTOS/Source/CMSIS_RTOS_V2/cmsis_os2.c.obj
LOAD CMakeFiles/STM32f411ret6_usart_blinking.elf.dir/Middlewares/Third_Party/FreeRTOS/Source/croutine.c.obj
LOAD CMakeFiles/STM32f411ret6_usart_blinking.elf.dir/Middlewares/Third_Party/FreeRTOS/Source/event_groups.c.obj
LOAD CMakeFiles/STM32f411ret6_usart_blinking.elf.dir/Middlewares/Third_Party/FreeRTOS/Source/list.c.obj
LOAD CMakeFiles/STM32f411ret6_usart_blinking.elf.dir/Middlewares/Third_Party/FreeRTOS/Source/portable/GCC/ARM_CM4F/port.c.obj
LOAD CMakeFiles/STM32f411ret6_usart_blinking.elf.dir/Middlewares/Third_Party/FreeRTOS/Source/portable/MemMang/heap_4.c.obj
LOAD CMakeFiles/STM32f411ret6_usart_blinking.elf.dir/Middlewares/Third_Party/FreeRTOS/Source/queue.c.obj
LOAD CMakeFiles/STM32f411ret6_usart_blinking.elf.dir/Middlewares/Third_Party/FreeRTOS/Source/stream_buffer.c.obj
LOAD CMakeFiles/STM32f411ret6_usart_blinking.elf.dir/Middlewares/Third_Party/FreeRTOS/Source/tasks.c.obj
LOAD CMakeFiles/STM32f411ret6_usart_blinking.elf.dir/Middlewares/Third_Party/FreeRTOS/Source/timers.c.obj
START GROUP
LOAD C:/ST/STM32CubeCLT_1.18.0/GNU-tools-for-STM32/bin/../lib/gcc/arm-none-eabi/13.3.1/thumb/v7e-m+fp/hard\libgcc.a
LOAD C:/ST/STM32CubeCLT_1.18.0/GNU-tools-for-STM32/bin/../lib/gcc/arm-none-eabi/13.3.1/../../../../arm-none-eabi/lib/thumb/v7e-m+fp/hard\libg.a
LOAD C:/ST/STM32CubeCLT_1.18.0/GNU-tools-for-STM32/bin/../lib/gcc/arm-none-eabi/13.3.1/../../../../arm-none-eabi/lib/thumb/v7e-m+fp/hard\libc.a
END GROUP
LOAD C:/ST/STM32CubeCLT_1.18.0/GNU-tools-for-STM32/bin/../lib/gcc/arm-none-eabi/13.3.1/thumb/v7e-m+fp/hard/crtend.o
LOAD C:/ST/STM32CubeCLT_1.18.0/GNU-tools-for-STM32/bin/../lib/gcc/arm-none-eabi/13.3.1/thumb/v7e-m+fp/hard/crtn.o
                0x20020000                        _estack = (ORIGIN (RAM) + LENGTH (RAM))
                0x00000200                        _Min_Heap_Size = 0x200
                0x00000400                        _Min_Stack_Size = 0x400

.isr_vector     0x08000000      0x198
                0x08000000                        . = ALIGN (0x4)
 *(.isr_vector)
 .isr_vector    0x08000000      0x198 CMakeFiles/STM32f411ret6_usart_blinking.elf.dir/Core/Startup/startup_stm32f411retx.s.obj
                0x08000000                g_pfnVectors
                0x08000198                        . = ALIGN (0x4)

.text           0x080001a0     0x2d58
                0x080001a0                        . = ALIGN (0x4)
 *(.text)
 .text          0x080001a0       0x40 C:/ST/STM32CubeCLT_1.18.0/GNU-tools-for-STM32/bin/../lib/gcc/arm-none-eabi/13.3.1/thumb/v7e-m+fp/hard/crtbegin.o
 .text          0x080001e0       0x10 C:/ST/STM32CubeCLT_1.18.0/GNU-tools-for-STM32/bin/../lib/gcc/arm-none-eabi/13.3.1/../../../../arm-none-eabi/lib/thumb/v7e-m+fp/hard\libg.a(libc_a-strlen.o)
                0x080001e0                strlen
 *(.text*)
 .text.BlinkingTask
                0x080001f0       0x78 CMakeFiles/STM32f411ret6_usart_blinking.elf.dir/Core/Src/main.c.obj
                0x080001f0                BlinkingTask
 .text.GPIO_Init
                0x08000268       0x50 CMakeFiles/STM32f411ret6_usart_blinking.elf.dir/Core/Src/main.c.obj
                0x08000268                GPIO_Init
 .text.USART2_Init
                0x080002b8       0x54 CMakeFiles/STM32f411ret6_usart_blinking.elf.dir/Core/Src/main.c.obj
                0x080002b8                USART2_Init
 .text.USART2_SendStringAsync
                0x0800030c       0x48 CMakeFiles/STM32f411ret6_usart_blinking.elf.dir/Core/Src/main.c.obj
                0x0800030c                USART2_SendStringAsync
 .text.UartTask
                0x08000354       0x88 CMakeFiles/STM32f411ret6_usart_blinking.elf.dir/Core/Src/main.c.obj
                0x08000354                UartTask
 .text.USART2_IRQHandler
                0x080003dc       0xcc CMakeFiles/STM32f411ret6_usart_blinking.elf.dir/Core/Src/main.c.obj
                0x080003dc                USART2_IRQHandler
 .text.SystemClock_Config
                0x080004a8        0x8 CMakeFiles/STM32f411ret6_usart_blinking.elf.dir/Core/Src/main.c.obj
                0x080004a8                SystemClock_Config
 .text.main     0x080004b0       0x94 CMakeFiles/STM32f411ret6_usart_blinking.elf.dir/Core/Src/main.c.obj
                0x080004b0                main
 .text._sbrk    0x08000544       0x48 CMakeFiles/STM32f411ret6_usart_blinking.elf.dir/Core/Src/sysmem.c.obj
                0x08000544                _sbrk
 .text.SystemInit
                0x0800058c       0x14 CMakeFiles/STM32f411ret6_usart_blinking.elf.dir/Core/Src/system_stm32f4xx.c.obj
                0x0800058c                SystemInit
 .text.SystemCoreClockUpdate
                0x080005a0       0xa0 CMakeFiles/STM32f411ret6_usart_blinking.elf.dir/Core/Src/system_stm32f4xx.c.obj
                0x080005a0                SystemCoreClockUpdate
 .text.Reset_Handler
                0x08000640       0x50 CMakeFiles/STM32f411ret6_usart_blinking.elf.dir/Core/Startup/startup_stm32f411retx.s.obj
                0x08000640                Reset_Handler
 .text.Default_Handler
                0x08000690        0x2 CMakeFiles/STM32f411ret6_usart_blinking.elf.dir/Core/Startup/startup_stm32f411retx.s.obj
                0x08000690                RTC_Alarm_IRQHandler
                0x08000690                EXTI2_IRQHandler
                0x08000690                DebugMon_Handler
                0x08000690                SPI4_IRQHandler
                0x08000690                TIM1_CC_IRQHandler
                0x08000690                DMA2_Stream5_IRQHandler
                0x08000690                HardFault_Handler
                0x08000690                DMA1_Stream5_IRQHandler
                0x08000690                PVD_IRQHandler
                0x08000690                SDIO_IRQHandler
                0x08000690                TAMP_STAMP_IRQHandler
                0x08000690                NMI_Handler
                0x08000690                EXTI3_IRQHandler
                0x08000690                TIM1_UP_TIM10_IRQHandler
                0x08000690                I2C3_ER_IRQHandler
                0x08000690                EXTI0_IRQHandler
                0x08000690                I2C2_EV_IRQHandler
                0x08000690                DMA1_Stream2_IRQHandler
                0x08000690                FPU_IRQHandler
                0x08000690                UsageFault_Handler
                0x08000690                DMA2_Stream2_IRQHandler
                0x08000690                SPI1_IRQHandler
                0x08000690                TIM1_BRK_TIM9_IRQHandler
                0x08000690                DMA2_Stream3_IRQHandler
                0x08000690                USART6_IRQHandler
                0x08000690                DMA2_Stream0_IRQHandler
                0x08000690                TIM4_IRQHandler
                0x08000690                I2C1_EV_IRQHandler
                0x08000690                DMA1_Stream6_IRQHandler
                0x08000690                DMA1_Stream1_IRQHandler
                0x08000690                TIM3_IRQHandler
                0x08000690                RCC_IRQHandler
                0x08000690                Default_Handler
                0x08000690                EXTI15_10_IRQHandler
                0x08000690                ADC_IRQHandler
                0x08000690                DMA1_Stream7_IRQHandler
                0x08000690                SPI5_IRQHandler
                0x08000690                TIM5_IRQHandler
                0x08000690                DMA2_Stream7_IRQHandler
                0x08000690                I2C3_EV_IRQHandler
                0x08000690                EXTI9_5_IRQHandler
                0x08000690                RTC_WKUP_IRQHandler
                0x08000690                SPI2_IRQHandler
                0x08000690                MemManage_Handler
                0x08000690                DMA1_Stream0_IRQHandler
                0x08000690                EXTI4_IRQHandler
                0x08000690                WWDG_IRQHandler
                0x08000690                TIM2_IRQHandler
                0x08000690                OTG_FS_WKUP_IRQHandler
                0x08000690                TIM1_TRG_COM_TIM11_IRQHandler
                0x08000690                EXTI1_IRQHandler
                0x08000690                I2C2_ER_IRQHandler
                0x08000690                DMA2_Stream1_IRQHandler
                0x08000690                FLASH_IRQHandler
                0x08000690                DMA2_Stream4_IRQHandler
                0x08000690                BusFault_Handler
                0x08000690                USART1_IRQHandler
                0x08000690                OTG_FS_IRQHandler
                0x08000690                SPI3_IRQHandler
                0x08000690                DMA1_Stream4_IRQHandler
                0x08000690                I2C1_ER_IRQHandler
                0x08000690                DMA2_Stream6_IRQHandler
                0x08000690                DMA1_Stream3_IRQHandler
 .text.SysTick_Handler
                0x08000692       0x18 CMakeFiles/STM32f411ret6_usart_blinking.elf.dir/Middlewares/Third_Party/FreeRTOS/Source/CMSIS_RTOS_V2/cmsis_os2.c.obj
                0x08000692                SysTick_Handler
 *fill*         0x080006aa        0x2 
 .text.osKernelInitialize
                0x080006ac       0x24 CMakeFiles/STM32f411ret6_usart_blinking.elf.dir/Middlewares/Third_Party/FreeRTOS/Source/CMSIS_RTOS_V2/cmsis_os2.c.obj
                0x080006ac                osKernelInitialize
 .text.osKernelStart
                0x080006d0       0x38 CMakeFiles/STM32f411ret6_usart_blinking.elf.dir/Middlewares/Third_Party/FreeRTOS/Source/CMSIS_RTOS_V2/cmsis_os2.c.obj
                0x080006d0                osKernelStart
 .text.osThreadNew
                0x08000708       0xb6 CMakeFiles/STM32f411ret6_usart_blinking.elf.dir/Middlewares/Third_Party/FreeRTOS/Source/CMSIS_RTOS_V2/cmsis_os2.c.obj
                0x08000708                osThreadNew
 .text.osDelay  0x080007be       0x1c CMakeFiles/STM32f411ret6_usart_blinking.elf.dir/Middlewares/Third_Party/FreeRTOS/Source/CMSIS_RTOS_V2/cmsis_os2.c.obj
                0x080007be                osDelay
 .text.osEventFlagsNew
                0x080007da       0x44 CMakeFiles/STM32f411ret6_usart_blinking.elf.dir/Middlewares/Third_Party/FreeRTOS/Source/CMSIS_RTOS_V2/cmsis_os2.c.obj
                0x080007da                osEventFlagsNew
 .text.osEventFlagsSet
                0x0800081e       0x5a CMakeFiles/STM32f411ret6_usart_blinking.elf.dir/Middlewares/Third_Party/FreeRTOS/Source/CMSIS_RTOS_V2/cmsis_os2.c.obj
                0x0800081e                osEventFlagsSet
 .text.osEventFlagsWait
                0x08000878       0x74 CMakeFiles/STM32f411ret6_usart_blinking.elf.dir/Middlewares/Third_Party/FreeRTOS/Source/CMSIS_RTOS_V2/cmsis_os2.c.obj
                0x08000878                osEventFlagsWait
 .text.osMessageQueueNew
                0x080008ec       0x96 CMakeFiles/STM32f411ret6_usart_blinking.elf.dir/Middlewares/Third_Party/FreeRTOS/Source/CMSIS_RTOS_V2/cmsis_os2.c.obj
                0x080008ec                osMessageQueueNew
 .text.osMessageQueuePut
                0x08000982       0x84 CMakeFiles/STM32f411ret6_usart_blinking.elf.dir/Middlewares/Third_Party/FreeRTOS/Source/CMSIS_RTOS_V2/cmsis_os2.c.obj
                0x08000982                osMessageQueuePut
 .text.osMessageQueueGet
                0x08000a06       0x82 CMakeFiles/STM32f411ret6_usart_blinking.elf.dir/Middlewares/Third_Party/FreeRTOS/Source/CMSIS_RTOS_V2/cmsis_os2.c.obj
                0x08000a06                osMessageQueueGet
 .text.vApplicationGetIdleTaskMemory
                0x08000a88       0x18 CMakeFiles/STM32f411ret6_usart_blinking.elf.dir/Middlewares/Third_Party/FreeRTOS/Source/CMSIS_RTOS_V2/cmsis_os2.c.obj
                0x08000a88                vApplicationGetIdleTaskMemory
 .text.vApplicationGetTimerTaskMemory
                0x08000aa0       0x18 CMakeFiles/STM32f411ret6_usart_blinking.elf.dir/Middlewares/Third_Party/FreeRTOS/Source/CMSIS_RTOS_V2/cmsis_os2.c.obj
                0x08000aa0                vApplicationGetTimerTaskMemory
 .text.prvTestWaitCondition
                0x08000ab8       0x1a CMakeFiles/STM32f411ret6_usart_blinking.elf.dir/Middlewares/Third_Party/FreeRTOS/Source/event_groups.c.obj
 .text.xEventGroupCreateStatic
                0x08000ad2       0x4a CMakeFiles/STM32f411ret6_usart_blinking.elf.dir/Middlewares/Third_Party/FreeRTOS/Source/event_groups.c.obj
                0x08000ad2                xEventGroupCreateStatic
 .text.xEventGroupCreate
                0x08000b1c       0x1c CMakeFiles/STM32f411ret6_usart_blinking.elf.dir/Middlewares/Third_Party/FreeRTOS/Source/event_groups.c.obj
                0x08000b1c                xEventGroupCreate
 .text.xEventGroupWaitBits
                0x08000b38      0x10a CMakeFiles/STM32f411ret6_usart_blinking.elf.dir/Middlewares/Third_Party/FreeRTOS/Source/event_groups.c.obj
                0x08000b38                xEventGroupWaitBits
 .text.xEventGroupSetBits
                0x08000c42       0x8e CMakeFiles/STM32f411ret6_usart_blinking.elf.dir/Middlewares/Third_Party/FreeRTOS/Source/event_groups.c.obj
                0x08000c42                xEventGroupSetBits
 .text.vEventGroupSetBitsCallback
                0x08000cd0        0x8 CMakeFiles/STM32f411ret6_usart_blinking.elf.dir/Middlewares/Third_Party/FreeRTOS/Source/event_groups.c.obj
                0x08000cd0                vEventGroupSetBitsCallback
 .text.xEventGroupSetBitsFromISR
                0x08000cd8       0x14 CMakeFiles/STM32f411ret6_usart_blinking.elf.dir/Middlewares/Third_Party/FreeRTOS/Source/event_groups.c.obj
                0x08000cd8                xEventGroupSetBitsFromISR
 .text.vListInitialise
                0x08000cec       0x16 CMakeFiles/STM32f411ret6_usart_blinking.elf.dir/Middlewares/Third_Party/FreeRTOS/Source/list.c.obj
                0x08000cec                vListInitialise
 .text.vListInitialiseItem
                0x08000d02        0x6 CMakeFiles/STM32f411ret6_usart_blinking.elf.dir/Middlewares/Third_Party/FreeRTOS/Source/list.c.obj
                0x08000d02                vListInitialiseItem
 .text.vListInsertEnd
                0x08000d08       0x16 CMakeFiles/STM32f411ret6_usart_blinking.elf.dir/Middlewares/Third_Party/FreeRTOS/Source/list.c.obj
                0x08000d08                vListInsertEnd
 .text.vListInsert
                0x08000d1e       0x32 CMakeFiles/STM32f411ret6_usart_blinking.elf.dir/Middlewares/Third_Party/FreeRTOS/Source/list.c.obj
                0x08000d1e                vListInsert
 .text.uxListRemove
                0x08000d50       0x26 CMakeFiles/STM32f411ret6_usart_blinking.elf.dir/Middlewares/Third_Party/FreeRTOS/Source/list.c.obj
                0x08000d50                uxListRemove
 *fill*         0x08000d76        0x2 
 .text.prvTaskExitError
                0x08000d78       0x40 CMakeFiles/STM32f411ret6_usart_blinking.elf.dir/Middlewares/Third_Party/FreeRTOS/Source/portable/GCC/ARM_CM4F/port.c.obj
 .text.prvPortStartFirstTask
                0x08000db8       0x28 CMakeFiles/STM32f411ret6_usart_blinking.elf.dir/Middlewares/Third_Party/FreeRTOS/Source/portable/GCC/ARM_CM4F/port.c.obj
 .text.vPortEnableVFP
                0x08000de0       0x14 CMakeFiles/STM32f411ret6_usart_blinking.elf.dir/Middlewares/Third_Party/FreeRTOS/Source/portable/GCC/ARM_CM4F/port.c.obj
 .text.pxPortInitialiseStack
                0x08000df4       0x2c CMakeFiles/STM32f411ret6_usart_blinking.elf.dir/Middlewares/Third_Party/FreeRTOS/Source/portable/GCC/ARM_CM4F/port.c.obj
                0x08000df4                pxPortInitialiseStack
 .text.SVC_Handler
                0x08000e20       0x24 CMakeFiles/STM32f411ret6_usart_blinking.elf.dir/Middlewares/Third_Party/FreeRTOS/Source/portable/GCC/ARM_CM4F/port.c.obj
                0x08000e20                SVC_Handler
 .text.vPortEnterCritical
                0x08000e44       0x44 CMakeFiles/STM32f411ret6_usart_blinking.elf.dir/Middlewares/Third_Party/FreeRTOS/Source/portable/GCC/ARM_CM4F/port.c.obj
                0x08000e44                vPortEnterCritical
 .text.vPortExitCritical
                0x08000e88       0x2c CMakeFiles/STM32f411ret6_usart_blinking.elf.dir/Middlewares/Third_Party/FreeRTOS/Source/portable/GCC/ARM_CM4F/port.c.obj
                0x08000e88                vPortExitCritical
 *fill*         0x08000eb4        0xc 
 .text.PendSV_Handler
                0x08000ec0       0x64 CMakeFiles/STM32f411ret6_usart_blinking.elf.dir/Middlewares/Third_Party/FreeRTOS/Source/portable/GCC/ARM_CM4F/port.c.obj
                0x08000ec0                PendSV_Handler
 .text.xPortSysTickHandler
                0x08000f24       0x2c CMakeFiles/STM32f411ret6_usart_blinking.elf.dir/Middlewares/Third_Party/FreeRTOS/Source/portable/GCC/ARM_CM4F/port.c.obj
                0x08000f24                xPortSysTickHandler
 .text.vPortSetupTimerInterrupt
                0x08000f50       0x28 CMakeFiles/STM32f411ret6_usart_blinking.elf.dir/Middlewares/Third_Party/FreeRTOS/Source/portable/GCC/ARM_CM4F/port.c.obj
                0x08000f50                vPortSetupTimerInterrupt
 .text.xPortStartScheduler
                0x08000f78      0x118 CMakeFiles/STM32f411ret6_usart_blinking.elf.dir/Middlewares/Third_Party/FreeRTOS/Source/portable/GCC/ARM_CM4F/port.c.obj
                0x08000f78                xPortStartScheduler
 .text.vPortValidateInterruptPriority
                0x08001090       0x5c CMakeFiles/STM32f411ret6_usart_blinking.elf.dir/Middlewares/Third_Party/FreeRTOS/Source/portable/GCC/ARM_CM4F/port.c.obj
                0x08001090                vPortValidateInterruptPriority
 .text.prvHeapInit
                0x080010ec       0x64 CMakeFiles/STM32f411ret6_usart_blinking.elf.dir/Middlewares/Third_Party/FreeRTOS/Source/portable/MemMang/heap_4.c.obj
 .text.prvInsertBlockIntoFreeList
                0x08001150       0x64 CMakeFiles/STM32f411ret6_usart_blinking.elf.dir/Middlewares/Third_Party/FreeRTOS/Source/portable/MemMang/heap_4.c.obj
 .text.pvPortMalloc
                0x080011b4      0x104 CMakeFiles/STM32f411ret6_usart_blinking.elf.dir/Middlewares/Third_Party/FreeRTOS/Source/portable/MemMang/heap_4.c.obj
                0x080011b4                pvPortMalloc
 .text.vPortFree
                0x080012b8       0x7c CMakeFiles/STM32f411ret6_usart_blinking.elf.dir/Middlewares/Third_Party/FreeRTOS/Source/portable/MemMang/heap_4.c.obj
                0x080012b8                vPortFree
 .text.prvIsQueueFull
                0x08001334       0x1e CMakeFiles/STM32f411ret6_usart_blinking.elf.dir/Middlewares/Third_Party/FreeRTOS/Source/queue.c.obj
 .text.prvIsQueueEmpty
                0x08001352       0x1a CMakeFiles/STM32f411ret6_usart_blinking.elf.dir/Middlewares/Third_Party/FreeRTOS/Source/queue.c.obj
 .text.prvCopyDataToQueue
                0x0800136c       0x76 CMakeFiles/STM32f411ret6_usart_blinking.elf.dir/Middlewares/Third_Party/FreeRTOS/Source/queue.c.obj
 .text.prvCopyDataFromQueue
                0x080013e2       0x24 CMakeFiles/STM32f411ret6_usart_blinking.elf.dir/Middlewares/Third_Party/FreeRTOS/Source/queue.c.obj
 .text.prvUnlockQueue
                0x08001406       0x6e CMakeFiles/STM32f411ret6_usart_blinking.elf.dir/Middlewares/Third_Party/FreeRTOS/Source/queue.c.obj
 .text.xQueueGenericReset
                0x08001474       0x84 CMakeFiles/STM32f411ret6_usart_blinking.elf.dir/Middlewares/Third_Party/FreeRTOS/Source/queue.c.obj
                0x08001474                xQueueGenericReset
 .text.prvInitialiseNewQueue
                0x080014f8       0x22 CMakeFiles/STM32f411ret6_usart_blinking.elf.dir/Middlewares/Third_Party/FreeRTOS/Source/queue.c.obj
 .text.xQueueGenericCreateStatic
                0x0800151a       0x94 CMakeFiles/STM32f411ret6_usart_blinking.elf.dir/Middlewares/Third_Party/FreeRTOS/Source/queue.c.obj
                0x0800151a                xQueueGenericCreateStatic
 .text.xQueueGenericCreate
                0x080015ae       0x48 CMakeFiles/STM32f411ret6_usart_blinking.elf.dir/Middlewares/Third_Party/FreeRTOS/Source/queue.c.obj
                0x080015ae                xQueueGenericCreate
 .text.xQueueGenericSend
                0x080015f6      0x188 CMakeFiles/STM32f411ret6_usart_blinking.elf.dir/Middlewares/Third_Party/FreeRTOS/Source/queue.c.obj
                0x080015f6                xQueueGenericSend
 .text.xQueueGenericSendFromISR
                0x0800177e       0xce CMakeFiles/STM32f411ret6_usart_blinking.elf.dir/Middlewares/Third_Party/FreeRTOS/Source/queue.c.obj
                0x0800177e                xQueueGenericSendFromISR
 .text.xQueueReceive
                0x0800184c      0x15e CMakeFiles/STM32f411ret6_usart_blinking.elf.dir/Middlewares/Third_Party/FreeRTOS/Source/queue.c.obj
                0x0800184c                xQueueReceive
 .text.xQueueReceiveFromISR
                0x080019aa       0xae CMakeFiles/STM32f411ret6_usart_blinking.elf.dir/Middlewares/Third_Party/FreeRTOS/Source/queue.c.obj
                0x080019aa                xQueueReceiveFromISR
 .text.vQueueAddToRegistry
                0x08001a58       0x28 CMakeFiles/STM32f411ret6_usart_blinking.elf.dir/Middlewares/Third_Party/FreeRTOS/Source/queue.c.obj
                0x08001a58                vQueueAddToRegistry
 .text.vQueueWaitForMessageRestricted
                0x08001a80       0x52 CMakeFiles/STM32f411ret6_usart_blinking.elf.dir/Middlewares/Third_Party/FreeRTOS/Source/queue.c.obj
                0x08001a80                vQueueWaitForMessageRestricted
 *fill*         0x08001ad2        0x2 
 .text.prvResetNextTaskUnblockTime
                0x08001ad4       0x2c CMakeFiles/STM32f411ret6_usart_blinking.elf.dir/Middlewares/Third_Party/FreeRTOS/Source/tasks.c.obj
 .text.prvInitialiseNewTask
                0x08001b00      0x104 CMakeFiles/STM32f411ret6_usart_blinking.elf.dir/Middlewares/Third_Party/FreeRTOS/Source/tasks.c.obj
 .text.prvInitialiseTaskLists
                0x08001c04       0x68 CMakeFiles/STM32f411ret6_usart_blinking.elf.dir/Middlewares/Third_Party/FreeRTOS/Source/tasks.c.obj
 .text.prvAddNewTaskToReadyList
                0x08001c6c       0xac CMakeFiles/STM32f411ret6_usart_blinking.elf.dir/Middlewares/Third_Party/FreeRTOS/Source/tasks.c.obj
 .text.prvDeleteTCB
                0x08001d18       0x40 CMakeFiles/STM32f411ret6_usart_blinking.elf.dir/Middlewares/Third_Party/FreeRTOS/Source/tasks.c.obj
 .text.prvCheckTasksWaitingTermination
                0x08001d58       0x4c CMakeFiles/STM32f411ret6_usart_blinking.elf.dir/Middlewares/Third_Party/FreeRTOS/Source/tasks.c.obj
 .text.prvIdleTask
                0x08001da4       0x28 CMakeFiles/STM32f411ret6_usart_blinking.elf.dir/Middlewares/Third_Party/FreeRTOS/Source/tasks.c.obj
 .text.prvAddCurrentTaskToDelayedList
                0x08001dcc       0x7c CMakeFiles/STM32f411ret6_usart_blinking.elf.dir/Middlewares/Third_Party/FreeRTOS/Source/tasks.c.obj
 .text.xTaskCreateStatic
                0x08001e48       0x7a CMakeFiles/STM32f411ret6_usart_blinking.elf.dir/Middlewares/Third_Party/FreeRTOS/Source/tasks.c.obj
                0x08001e48                xTaskCreateStatic
 .text.xTaskCreate
                0x08001ec2       0x66 CMakeFiles/STM32f411ret6_usart_blinking.elf.dir/Middlewares/Third_Party/FreeRTOS/Source/tasks.c.obj
                0x08001ec2                xTaskCreate
 .text.vTaskStartScheduler
                0x08001f28       0xac CMakeFiles/STM32f411ret6_usart_blinking.elf.dir/Middlewares/Third_Party/FreeRTOS/Source/tasks.c.obj
                0x08001f28                vTaskStartScheduler
 .text.vTaskSuspendAll
                0x08001fd4       0x10 CMakeFiles/STM32f411ret6_usart_blinking.elf.dir/Middlewares/Third_Party/FreeRTOS/Source/tasks.c.obj
                0x08001fd4                vTaskSuspendAll
 .text.xTaskGetTickCount
                0x08001fe4        0xc CMakeFiles/STM32f411ret6_usart_blinking.elf.dir/Middlewares/Third_Party/FreeRTOS/Source/tasks.c.obj
                0x08001fe4                xTaskGetTickCount
 .text.xTaskIncrementTick
                0x08001ff0      0x118 CMakeFiles/STM32f411ret6_usart_blinking.elf.dir/Middlewares/Third_Party/FreeRTOS/Source/tasks.c.obj
                0x08001ff0                xTaskIncrementTick
 .text.xTaskResumeAll
                0x08002108       0xf8 CMakeFiles/STM32f411ret6_usart_blinking.elf.dir/Middlewares/Third_Party/FreeRTOS/Source/tasks.c.obj
                0x08002108                xTaskResumeAll
 .text.vTaskDelay
                0x08002200       0x4c CMakeFiles/STM32f411ret6_usart_blinking.elf.dir/Middlewares/Third_Party/FreeRTOS/Source/tasks.c.obj
                0x08002200                vTaskDelay
 .text.vTaskSwitchContext
                0x0800224c       0xa4 CMakeFiles/STM32f411ret6_usart_blinking.elf.dir/Middlewares/Third_Party/FreeRTOS/Source/tasks.c.obj
                0x0800224c                vTaskSwitchContext
 .text.vTaskPlaceOnEventList
                0x080022f0       0x30 CMakeFiles/STM32f411ret6_usart_blinking.elf.dir/Middlewares/Third_Party/FreeRTOS/Source/tasks.c.obj
                0x080022f0                vTaskPlaceOnEventList
 .text.vTaskPlaceOnUnorderedEventList
                0x08002320       0x58 CMakeFiles/STM32f411ret6_usart_blinking.elf.dir/Middlewares/Third_Party/FreeRTOS/Source/tasks.c.obj
                0x08002320                vTaskPlaceOnUnorderedEventList
 .text.vTaskPlaceOnEventListRestricted
                0x08002378       0x38 CMakeFiles/STM32f411ret6_usart_blinking.elf.dir/Middlewares/Third_Party/FreeRTOS/Source/tasks.c.obj
                0x08002378                vTaskPlaceOnEventListRestricted
 .text.xTaskRemoveFromEventList
                0x080023b0       0x8c CMakeFiles/STM32f411ret6_usart_blinking.elf.dir/Middlewares/Third_Party/FreeRTOS/Source/tasks.c.obj
                0x080023b0                xTaskRemoveFromEventList
 .text.vTaskRemoveFromUnorderedEventList
                0x0800243c       0x88 CMakeFiles/STM32f411ret6_usart_blinking.elf.dir/Middlewares/Third_Party/FreeRTOS/Source/tasks.c.obj
                0x0800243c                vTaskRemoveFromUnorderedEventList
 .text.vTaskInternalSetTimeOutState
                0x080024c4       0x18 CMakeFiles/STM32f411ret6_usart_blinking.elf.dir/Middlewares/Third_Party/FreeRTOS/Source/tasks.c.obj
                0x080024c4                vTaskInternalSetTimeOutState
 .text.xTaskCheckForTimeOut
                0x080024dc       0x84 CMakeFiles/STM32f411ret6_usart_blinking.elf.dir/Middlewares/Third_Party/FreeRTOS/Source/tasks.c.obj
                0x080024dc                xTaskCheckForTimeOut
 .text.vTaskMissedYield
                0x08002560        0xc CMakeFiles/STM32f411ret6_usart_blinking.elf.dir/Middlewares/Third_Party/FreeRTOS/Source/tasks.c.obj
                0x08002560                vTaskMissedYield
 .text.xTaskGetSchedulerState
                0x0800256c       0x20 CMakeFiles/STM32f411ret6_usart_blinking.elf.dir/Middlewares/Third_Party/FreeRTOS/Source/tasks.c.obj
                0x0800256c                xTaskGetSchedulerState
 .text.xTaskPriorityDisinherit
                0x0800258c       0x90 CMakeFiles/STM32f411ret6_usart_blinking.elf.dir/Middlewares/Third_Party/FreeRTOS/Source/tasks.c.obj
                0x0800258c                xTaskPriorityDisinherit
 .text.uxTaskResetEventItemValue
                0x0800261c       0x18 CMakeFiles/STM32f411ret6_usart_blinking.elf.dir/Middlewares/Third_Party/FreeRTOS/Source/tasks.c.obj
                0x0800261c                uxTaskResetEventItemValue
 .text.prvGetNextExpireTime
                0x08002634       0x20 CMakeFiles/STM32f411ret6_usart_blinking.elf.dir/Middlewares/Third_Party/FreeRTOS/Source/timers.c.obj
 .text.prvInsertTimerInActiveList
                0x08002654       0x48 CMakeFiles/STM32f411ret6_usart_blinking.elf.dir/Middlewares/Third_Party/FreeRTOS/Source/timers.c.obj
 .text.prvCheckForValidListAndQueue
                0x0800269c       0x70 CMakeFiles/STM32f411ret6_usart_blinking.elf.dir/Middlewares/Third_Party/FreeRTOS/Source/timers.c.obj
 .text.xTimerCreateTimerTask
                0x0800270c       0x64 CMakeFiles/STM32f411ret6_usart_blinking.elf.dir/Middlewares/Third_Party/FreeRTOS/Source/timers.c.obj
                0x0800270c                xTimerCreateTimerTask
 .text.xTimerGenericCommand
                0x08002770       0x6c CMakeFiles/STM32f411ret6_usart_blinking.elf.dir/Middlewares/Third_Party/FreeRTOS/Source/timers.c.obj
                0x08002770                xTimerGenericCommand
 .text.prvSwitchTimerLists
                0x080027dc       0x7c CMakeFiles/STM32f411ret6_usart_blinking.elf.dir/Middlewares/Third_Party/FreeRTOS/Source/timers.c.obj
 .text.prvSampleTimeNow
                0x08002858       0x2c CMakeFiles/STM32f411ret6_usart_blinking.elf.dir/Middlewares/Third_Party/FreeRTOS/Source/timers.c.obj
 .text.prvProcessExpiredTimer
                0x08002884       0x6c CMakeFiles/STM32f411ret6_usart_blinking.elf.dir/Middlewares/Third_Party/FreeRTOS/Source/timers.c.obj
 .text.prvProcessTimerOrBlockTask
                0x080028f0       0x74 CMakeFiles/STM32f411ret6_usart_blinking.elf.dir/Middlewares/Third_Party/FreeRTOS/Source/timers.c.obj
 .text.prvProcessReceivedCommands
                0x08002964      0x10c CMakeFiles/STM32f411ret6_usart_blinking.elf.dir/Middlewares/Third_Party/FreeRTOS/Source/timers.c.obj
 .text.prvTimerTask
                0x08002a70       0x16 CMakeFiles/STM32f411ret6_usart_blinking.elf.dir/Middlewares/Third_Party/FreeRTOS/Source/timers.c.obj
 *fill*         0x08002a86        0x2 
 .text.xTimerPendFunctionCallFromISR
                0x08002a88       0x28 CMakeFiles/STM32f411ret6_usart_blinking.elf.dir/Middlewares/Third_Party/FreeRTOS/Source/timers.c.obj
                0x08002a88                xTimerPendFunctionCallFromISR
 .text.memset   0x08002ab0       0x10 C:/ST/STM32CubeCLT_1.18.0/GNU-tools-for-STM32/bin/../lib/gcc/arm-none-eabi/13.3.1/../../../../arm-none-eabi/lib/thumb/v7e-m+fp/hard\libg.a(libc_a-memset.o)
                0x08002ab0                memset
 .text._reclaim_reent
                0x08002ac0       0x68 C:/ST/STM32CubeCLT_1.18.0/GNU-tools-for-STM32/bin/../lib/gcc/arm-none-eabi/13.3.1/../../../../arm-none-eabi/lib/thumb/v7e-m+fp/hard\libg.a(libc_a-reent.o)
                0x08002ac0                _reclaim_reent
 .text.__errno  0x08002b28        0xc C:/ST/STM32CubeCLT_1.18.0/GNU-tools-for-STM32/bin/../lib/gcc/arm-none-eabi/13.3.1/../../../../arm-none-eabi/lib/thumb/v7e-m+fp/hard\libg.a(libc_a-errno.o)
                0x08002b28                __errno
 .text.__libc_init_array
                0x08002b34       0x48 C:/ST/STM32CubeCLT_1.18.0/GNU-tools-for-STM32/bin/../lib/gcc/arm-none-eabi/13.3.1/../../../../arm-none-eabi/lib/thumb/v7e-m+fp/hard\libg.a(libc_a-init.o)
                0x08002b34                __libc_init_array
 .text.__retarget_lock_acquire_recursive
                0x08002b7c        0x2 C:/ST/STM32CubeCLT_1.18.0/GNU-tools-for-STM32/bin/../lib/gcc/arm-none-eabi/13.3.1/../../../../arm-none-eabi/lib/thumb/v7e-m+fp/hard\libg.a(libc_a-lock.o)
                0x08002b7c                __retarget_lock_acquire_recursive
 .text.__retarget_lock_release_recursive
                0x08002b7e        0x2 C:/ST/STM32CubeCLT_1.18.0/GNU-tools-for-STM32/bin/../lib/gcc/arm-none-eabi/13.3.1/../../../../arm-none-eabi/lib/thumb/v7e-m+fp/hard\libg.a(libc_a-lock.o)
                0x08002b7e                __retarget_lock_release_recursive
 .text.memcpy   0x08002b80       0x1c C:/ST/STM32CubeCLT_1.18.0/GNU-tools-for-STM32/bin/../lib/gcc/arm-none-eabi/13.3.1/../../../../arm-none-eabi/lib/thumb/v7e-m+fp/hard\libg.a(libc_a-memcpy-stub.o)
                0x08002b80                memcpy
 .text.startup.register_fini
                0x08002b9c       0x14 C:/ST/STM32CubeCLT_1.18.0/GNU-tools-for-STM32/bin/../lib/gcc/arm-none-eabi/13.3.1/../../../../arm-none-eabi/lib/thumb/v7e-m+fp/hard\libg.a(libc_a-__call_atexit.o)
 .text.atexit   0x08002bb0        0xc C:/ST/STM32CubeCLT_1.18.0/GNU-tools-for-STM32/bin/../lib/gcc/arm-none-eabi/13.3.1/../../../../arm-none-eabi/lib/thumb/v7e-m+fp/hard\libg.a(libc_a-atexit.o)
                0x08002bb0                atexit
 .text._malloc_trim_r
                0x08002bbc       0xac C:/ST/STM32CubeCLT_1.18.0/GNU-tools-for-STM32/bin/../lib/gcc/arm-none-eabi/13.3.1/../../../../arm-none-eabi/lib/thumb/v7e-m+fp/hard\libg.a(libc_a-freer.o)
                0x08002bbc                _malloc_trim_r
 .text._free_r  0x08002c68      0x180 C:/ST/STM32CubeCLT_1.18.0/GNU-tools-for-STM32/bin/../lib/gcc/arm-none-eabi/13.3.1/../../../../arm-none-eabi/lib/thumb/v7e-m+fp/hard\libg.a(libc_a-freer.o)
                0x08002c68                _free_r
 .text.__malloc_lock
                0x08002de8        0xc C:/ST/STM32CubeCLT_1.18.0/GNU-tools-for-STM32/bin/../lib/gcc/arm-none-eabi/13.3.1/../../../../arm-none-eabi/lib/thumb/v7e-m+fp/hard\libg.a(libc_a-mlock.o)
                0x08002de8                __malloc_lock
 .text.__malloc_unlock
                0x08002df4        0xc C:/ST/STM32CubeCLT_1.18.0/GNU-tools-for-STM32/bin/../lib/gcc/arm-none-eabi/13.3.1/../../../../arm-none-eabi/lib/thumb/v7e-m+fp/hard\libg.a(libc_a-mlock.o)
                0x08002df4                __malloc_unlock
 .text._sbrk_r  0x08002e00       0x20 C:/ST/STM32CubeCLT_1.18.0/GNU-tools-for-STM32/bin/../lib/gcc/arm-none-eabi/13.3.1/../../../../arm-none-eabi/lib/thumb/v7e-m+fp/hard\libg.a(libc_a-sbrkr.o)
                0x08002e00                _sbrk_r
 .text.__libc_fini_array
                0x08002e20       0x28 C:/ST/STM32CubeCLT_1.18.0/GNU-tools-for-STM32/bin/../lib/gcc/arm-none-eabi/13.3.1/../../../../arm-none-eabi/lib/thumb/v7e-m+fp/hard\libg.a(libc_a-fini.o)
                0x08002e20                __libc_fini_array
 .text.sysconf  0x08002e48       0x18 C:/ST/STM32CubeCLT_1.18.0/GNU-tools-for-STM32/bin/../lib/gcc/arm-none-eabi/13.3.1/../../../../arm-none-eabi/lib/thumb/v7e-m+fp/hard\libg.a(libc_a-sysconf.o)
                0x08002e48                sysconf
 .text.__register_exitproc
                0x08002e60       0x80 C:/ST/STM32CubeCLT_1.18.0/GNU-tools-for-STM32/bin/../lib/gcc/arm-none-eabi/13.3.1/../../../../arm-none-eabi/lib/thumb/v7e-m+fp/hard\libg.a(libc_a-__atexit.o)
                0x08002e60                __register_exitproc
 *(.glue_7)
 .glue_7        0x08002ee0        0x0 linker stubs
 *(.glue_7t)
 .glue_7t       0x08002ee0        0x0 linker stubs
 *(.eh_frame)
 .eh_frame      0x08002ee0        0x0 C:/ST/STM32CubeCLT_1.18.0/GNU-tools-for-STM32/bin/../lib/gcc/arm-none-eabi/13.3.1/thumb/v7e-m+fp/hard/crtbegin.o
 *(.init)
 .init          0x08002ee0        0x4 C:/ST/STM32CubeCLT_1.18.0/GNU-tools-for-STM32/bin/../lib/gcc/arm-none-eabi/13.3.1/thumb/v7e-m+fp/hard/crti.o
                0x08002ee0                _init
 .init          0x08002ee4        0x8 C:/ST/STM32CubeCLT_1.18.0/GNU-tools-for-STM32/bin/../lib/gcc/arm-none-eabi/13.3.1/thumb/v7e-m+fp/hard/crtn.o
 *(.fini)
 .fini          0x08002eec        0x4 C:/ST/STM32CubeCLT_1.18.0/GNU-tools-for-STM32/bin/../lib/gcc/arm-none-eabi/13.3.1/thumb/v7e-m+fp/hard/crti.o
                0x08002eec                _fini
 .fini          0x08002ef0        0x8 C:/ST/STM32CubeCLT_1.18.0/GNU-tools-for-STM32/bin/../lib/gcc/arm-none-eabi/13.3.1/thumb/v7e-m+fp/hard/crtn.o
                0x08002ef8                        . = ALIGN (0x4)
                0x08002ef8                        _etext = .

.vfp11_veneer   0x08002ef8        0x0
 .vfp11_veneer  0x08002ef8        0x0 linker stubs

.v4_bx          0x08002ef8        0x0
 .v4_bx         0x08002ef8        0x0 linker stubs

.iplt           0x08002ef8        0x0
 .iplt          0x08002ef8        0x0 C:/ST/STM32CubeCLT_1.18.0/GNU-tools-for-STM32/bin/../lib/gcc/arm-none-eabi/13.3.1/thumb/v7e-m+fp/hard/crtbegin.o

.rodata         0x08002ef8       0x6c
                0x08002ef8                        . = ALIGN (0x4)
 *(.rodata)
 *(.rodata*)
 .rodata.UartTask.str1.4
                0x08002ef8       0x5c CMakeFiles/STM32f411ret6_usart_blinking.elf.dir/Core/Src/main.c.obj
                                 0x43 (size before relaxing)
 .rodata.AHBPrescTable
                0x08002f54       0x10 CMakeFiles/STM32f411ret6_usart_blinking.elf.dir/Core/Src/system_stm32f4xx.c.obj
                0x08002f54                AHBPrescTable
 .rodata.vTaskStartScheduler.str1.4
                0x08002f64        0x5 CMakeFiles/STM32f411ret6_usart_blinking.elf.dir/Middlewares/Third_Party/FreeRTOS/Source/tasks.c.obj
 .rodata.prvCheckForValidListAndQueue.str1.4
                0x08002f64        0x5 CMakeFiles/STM32f411ret6_usart_blinking.elf.dir/Middlewares/Third_Party/FreeRTOS/Source/timers.c.obj
 .rodata.xTimerCreateTimerTask.str1.4
                0x08002f64        0x8 CMakeFiles/STM32f411ret6_usart_blinking.elf.dir/Middlewares/Third_Party/FreeRTOS/Source/timers.c.obj
                0x08002f6c                        . = ALIGN (0x4)

.ARM.extab      0x08002f64        0x0
                0x08002f64                        . = ALIGN (0x4)
 *(.ARM.extab* .gnu.linkonce.armextab.*)
                0x08002f64                        . = ALIGN (0x4)

.ARM            0x08002f64        0x8
                0x08002f64                        . = ALIGN (0x4)
                0x08002f64                        __exidx_start = .
 *(.ARM.exidx*)
 .ARM.exidx     0x08002f64        0x8 C:/ST/STM32CubeCLT_1.18.0/GNU-tools-for-STM32/bin/../lib/gcc/arm-none-eabi/13.3.1/../../../../arm-none-eabi/lib/thumb/v7e-m+fp/hard\libg.a(libc_a-strlen.o)
                0x08002f6c                        __exidx_end = .
                0x08002f6c                        . = ALIGN (0x4)

.preinit_array  0x08002f6c        0x0
                0x08002f6c                        . = ALIGN (0x4)
                0x08002f6c                        PROVIDE (__preinit_array_start = .)
 *(.preinit_array*)
                0x08002f6c                        PROVIDE (__preinit_array_end = .)
                0x08002f6c                        . = ALIGN (0x4)

.init_array     0x08002f6c        0x8
                0x08002f6c                        . = ALIGN (0x4)
                0x08002f6c                        PROVIDE (__init_array_start = .)
 *(SORT_BY_NAME(.init_array.*))
 .init_array.00000
                0x08002f6c        0x4 C:/ST/STM32CubeCLT_1.18.0/GNU-tools-for-STM32/bin/../lib/gcc/arm-none-eabi/13.3.1/../../../../arm-none-eabi/lib/thumb/v7e-m+fp/hard\libg.a(libc_a-__call_atexit.o)
 *(.init_array*)
 .init_array    0x08002f70        0x4 C:/ST/STM32CubeCLT_1.18.0/GNU-tools-for-STM32/bin/../lib/gcc/arm-none-eabi/13.3.1/thumb/v7e-m+fp/hard/crtbegin.o
                0x08002f74                        PROVIDE (__init_array_end = .)
                0x08002f74                        . = ALIGN (0x4)

.fini_array     0x08002f74        0x4
                0x08002f74                        . = ALIGN (0x4)
                0x08002f74                        PROVIDE (__fini_array_start = .)
 *(SORT_BY_NAME(.fini_array.*))
 *(.fini_array*)
 .fini_array    0x08002f74        0x4 C:/ST/STM32CubeCLT_1.18.0/GNU-tools-for-STM32/bin/../lib/gcc/arm-none-eabi/13.3.1/thumb/v7e-m+fp/hard/crtbegin.o
                0x08002f78                        PROVIDE (__fini_array_end = .)
                0x08002f78                        . = ALIGN (0x4)
                0x08002f78                        _sidata = LOADADDR (.data)

.rel.dyn        0x08002f78        0x0
 .rel.iplt      0x08002f78        0x0 C:/ST/STM32CubeCLT_1.18.0/GNU-tools-for-STM32/bin/../lib/gcc/arm-none-eabi/13.3.1/thumb/v7e-m+fp/hard/crtbegin.o

.data           0x20000000      0x564 load address 0x08002f78
                0x20000000                        . = ALIGN (0x4)
                0x20000000                        _sdata = .
 *(.data)
 *(.data*)
 .data.SystemCoreClock
                0x20000000        0x4 CMakeFiles/STM32f411ret6_usart_blinking.elf.dir/Core/Src/system_stm32f4xx.c.obj
                0x20000000                SystemCoreClock
 .data.uxCriticalNesting
                0x20000004        0x4 CMakeFiles/STM32f411ret6_usart_blinking.elf.dir/Middlewares/Third_Party/FreeRTOS/Source/portable/GCC/ARM_CM4F/port.c.obj
 .data._impure_ptr
                0x20000008        0x4 C:/ST/STM32CubeCLT_1.18.0/GNU-tools-for-STM32/bin/../lib/gcc/arm-none-eabi/13.3.1/../../../../arm-none-eabi/lib/thumb/v7e-m+fp/hard\libg.a(libc_a-impure.o)
                0x20000008                _impure_ptr
 *fill*         0x2000000c        0x4 
 .data._impure_data
                0x20000010      0x140 C:/ST/STM32CubeCLT_1.18.0/GNU-tools-for-STM32/bin/../lib/gcc/arm-none-eabi/13.3.1/../../../../arm-none-eabi/lib/thumb/v7e-m+fp/hard\libg.a(libc_a-impure.o)
                0x20000010                _impure_data
 .data.__atexit_recursive_mutex
                0x20000150        0x4 C:/ST/STM32CubeCLT_1.18.0/GNU-tools-for-STM32/bin/../lib/gcc/arm-none-eabi/13.3.1/../../../../arm-none-eabi/lib/thumb/v7e-m+fp/hard\libg.a(libc_a-__call_atexit.o)
                0x20000150                __atexit_recursive_mutex
 .data.__malloc_sbrk_base
                0x20000154        0x4 C:/ST/STM32CubeCLT_1.18.0/GNU-tools-for-STM32/bin/../lib/gcc/arm-none-eabi/13.3.1/../../../../arm-none-eabi/lib/thumb/v7e-m+fp/hard\libg.a(libc_a-mallocr.o)
                0x20000154                __malloc_sbrk_base
 .data.__malloc_trim_threshold
                0x20000158        0x4 C:/ST/STM32CubeCLT_1.18.0/GNU-tools-for-STM32/bin/../lib/gcc/arm-none-eabi/13.3.1/../../../../arm-none-eabi/lib/thumb/v7e-m+fp/hard\libg.a(libc_a-mallocr.o)
                0x20000158                __malloc_trim_threshold
 .data.__malloc_av_
                0x2000015c      0x408 C:/ST/STM32CubeCLT_1.18.0/GNU-tools-for-STM32/bin/../lib/gcc/arm-none-eabi/13.3.1/../../../../arm-none-eabi/lib/thumb/v7e-m+fp/hard\libg.a(libc_a-mallocr.o)
                0x2000015c                __malloc_av_
 *(.RamFunc)
 *(.RamFunc*)
                0x20000564                        . = ALIGN (0x4)
                0x20000564                        _edata = .

.igot.plt       0x20000564        0x0 load address 0x080034dc
 .igot.plt      0x20000564        0x0 C:/ST/STM32CubeCLT_1.18.0/GNU-tools-for-STM32/bin/../lib/gcc/arm-none-eabi/13.3.1/thumb/v7e-m+fp/hard/crtbegin.o
                0x20000564                        . = ALIGN (0x4)

.bss            0x20000568     0x4f90 load address 0x080034dc
                0x20000568                        _sbss = .
                0x20000568                        __bss_start__ = _sbss
 *(.bss)
 .bss           0x20000568       0x1c C:/ST/STM32CubeCLT_1.18.0/GNU-tools-for-STM32/bin/../lib/gcc/arm-none-eabi/13.3.1/thumb/v7e-m+fp/hard/crtbegin.o
 *(.bss*)
 .bss.txLength  0x20000584        0x2 CMakeFiles/STM32f411ret6_usart_blinking.elf.dir/Core/Src/main.c.obj
                0x20000584                txLength
 .bss.txIndex   0x20000586        0x2 CMakeFiles/STM32f411ret6_usart_blinking.elf.dir/Core/Src/main.c.obj
                0x20000586                txIndex
 .bss.txBuffer  0x20000588       0x80 CMakeFiles/STM32f411ret6_usart_blinking.elf.dir/Core/Src/main.c.obj
                0x20000588                txBuffer
 .bss.UartTxEventFlags
                0x20000608        0x4 CMakeFiles/STM32f411ret6_usart_blinking.elf.dir/Core/Src/main.c.obj
                0x20000608                UartTxEventFlags
 .bss.BlinkingQueue
                0x2000060c        0x4 CMakeFiles/STM32f411ret6_usart_blinking.elf.dir/Core/Src/main.c.obj
                0x2000060c                BlinkingQueue
 .bss.UartRxQueue
                0x20000610        0x4 CMakeFiles/STM32f411ret6_usart_blinking.elf.dir/Core/Src/main.c.obj
                0x20000610                UartRxQueue
 .bss.BlinkingTaskHandle
                0x20000614        0x4 CMakeFiles/STM32f411ret6_usart_blinking.elf.dir/Core/Src/main.c.obj
                0x20000614                BlinkingTaskHandle
 .bss.UartTaskHandle
                0x20000618        0x4 CMakeFiles/STM32f411ret6_usart_blinking.elf.dir/Core/Src/main.c.obj
                0x20000618                UartTaskHandle
 .bss.__sbrk_heap_end
                0x2000061c        0x4 CMakeFiles/STM32f411ret6_usart_blinking.elf.dir/Core/Src/sysmem.c.obj
 .bss.Timer_Stack.0
                0x20000620      0x400 CMakeFiles/STM32f411ret6_usart_blinking.elf.dir/Middlewares/Third_Party/FreeRTOS/Source/CMSIS_RTOS_V2/cmsis_os2.c.obj
 .bss.Timer_TCB.1
                0x20000a20      0x1a0 CMakeFiles/STM32f411ret6_usart_blinking.elf.dir/Middlewares/Third_Party/FreeRTOS/Source/CMSIS_RTOS_V2/cmsis_os2.c.obj
 .bss.Idle_Stack.2
                0x20000bc0      0x200 CMakeFiles/STM32f411ret6_usart_blinking.elf.dir/Middlewares/Third_Party/FreeRTOS/Source/CMSIS_RTOS_V2/cmsis_os2.c.obj
 .bss.Idle_TCB.3
                0x20000dc0      0x1a0 CMakeFiles/STM32f411ret6_usart_blinking.elf.dir/Middlewares/Third_Party/FreeRTOS/Source/CMSIS_RTOS_V2/cmsis_os2.c.obj
 .bss.KernelState
                0x20000f60        0x4 CMakeFiles/STM32f411ret6_usart_blinking.elf.dir/Middlewares/Third_Party/FreeRTOS/Source/CMSIS_RTOS_V2/cmsis_os2.c.obj
 .bss.ulMaxPRIGROUPValue
                0x20000f64        0x4 CMakeFiles/STM32f411ret6_usart_blinking.elf.dir/Middlewares/Third_Party/FreeRTOS/Source/portable/GCC/ARM_CM4F/port.c.obj
 .bss.ucMaxSysCallPriority
                0x20000f68        0x1 CMakeFiles/STM32f411ret6_usart_blinking.elf.dir/Middlewares/Third_Party/FreeRTOS/Source/portable/GCC/ARM_CM4F/port.c.obj
 *fill*         0x20000f69        0x3 
 .bss.xBlockAllocatedBit
                0x20000f6c        0x4 CMakeFiles/STM32f411ret6_usart_blinking.elf.dir/Middlewares/Third_Party/FreeRTOS/Source/portable/MemMang/heap_4.c.obj
 .bss.xNumberOfSuccessfulFrees
                0x20000f70        0x4 CMakeFiles/STM32f411ret6_usart_blinking.elf.dir/Middlewares/Third_Party/FreeRTOS/Source/portable/MemMang/heap_4.c.obj
 .bss.xNumberOfSuccessfulAllocations
                0x20000f74        0x4 CMakeFiles/STM32f411ret6_usart_blinking.elf.dir/Middlewares/Third_Party/FreeRTOS/Source/portable/MemMang/heap_4.c.obj
 .bss.xMinimumEverFreeBytesRemaining
                0x20000f78        0x4 CMakeFiles/STM32f411ret6_usart_blinking.elf.dir/Middlewares/Third_Party/FreeRTOS/Source/portable/MemMang/heap_4.c.obj
 .bss.xFreeBytesRemaining
                0x20000f7c        0x4 CMakeFiles/STM32f411ret6_usart_blinking.elf.dir/Middlewares/Third_Party/FreeRTOS/Source/portable/MemMang/heap_4.c.obj
 .bss.pxEnd     0x20000f80        0x4 CMakeFiles/STM32f411ret6_usart_blinking.elf.dir/Middlewares/Third_Party/FreeRTOS/Source/portable/MemMang/heap_4.c.obj
 .bss.xStart    0x20000f84        0x8 CMakeFiles/STM32f411ret6_usart_blinking.elf.dir/Middlewares/Third_Party/FreeRTOS/Source/portable/MemMang/heap_4.c.obj
 .bss.ucHeap    0x20000f8c     0x3c00 CMakeFiles/STM32f411ret6_usart_blinking.elf.dir/Middlewares/Third_Party/FreeRTOS/Source/portable/MemMang/heap_4.c.obj
 .bss.xQueueRegistry
                0x20004b8c       0x40 CMakeFiles/STM32f411ret6_usart_blinking.elf.dir/Middlewares/Third_Party/FreeRTOS/Source/queue.c.obj
                0x20004b8c                xQueueRegistry
 .bss.uxSchedulerSuspended
                0x20004bcc        0x4 CMakeFiles/STM32f411ret6_usart_blinking.elf.dir/Middlewares/Third_Party/FreeRTOS/Source/tasks.c.obj
 .bss.xIdleTaskHandle
                0x20004bd0        0x4 CMakeFiles/STM32f411ret6_usart_blinking.elf.dir/Middlewares/Third_Party/FreeRTOS/Source/tasks.c.obj
 .bss.xNextTaskUnblockTime
                0x20004bd4        0x4 CMakeFiles/STM32f411ret6_usart_blinking.elf.dir/Middlewares/Third_Party/FreeRTOS/Source/tasks.c.obj
 .bss.uxTaskNumber
                0x20004bd8        0x4 CMakeFiles/STM32f411ret6_usart_blinking.elf.dir/Middlewares/Third_Party/FreeRTOS/Source/tasks.c.obj
 .bss.xNumOfOverflows
                0x20004bdc        0x4 CMakeFiles/STM32f411ret6_usart_blinking.elf.dir/Middlewares/Third_Party/FreeRTOS/Source/tasks.c.obj
 .bss.xYieldPending
                0x20004be0        0x4 CMakeFiles/STM32f411ret6_usart_blinking.elf.dir/Middlewares/Third_Party/FreeRTOS/Source/tasks.c.obj
 .bss.xPendedTicks
                0x20004be4        0x4 CMakeFiles/STM32f411ret6_usart_blinking.elf.dir/Middlewares/Third_Party/FreeRTOS/Source/tasks.c.obj
 .bss.xSchedulerRunning
                0x20004be8        0x4 CMakeFiles/STM32f411ret6_usart_blinking.elf.dir/Middlewares/Third_Party/FreeRTOS/Source/tasks.c.obj
 .bss.uxTopReadyPriority
                0x20004bec        0x4 CMakeFiles/STM32f411ret6_usart_blinking.elf.dir/Middlewares/Third_Party/FreeRTOS/Source/tasks.c.obj
 .bss.xTickCount
                0x20004bf0        0x4 CMakeFiles/STM32f411ret6_usart_blinking.elf.dir/Middlewares/Third_Party/FreeRTOS/Source/tasks.c.obj
 .bss.uxCurrentNumberOfTasks
                0x20004bf4        0x4 CMakeFiles/STM32f411ret6_usart_blinking.elf.dir/Middlewares/Third_Party/FreeRTOS/Source/tasks.c.obj
 .bss.xSuspendedTaskList
                0x20004bf8       0x14 CMakeFiles/STM32f411ret6_usart_blinking.elf.dir/Middlewares/Third_Party/FreeRTOS/Source/tasks.c.obj
 .bss.uxDeletedTasksWaitingCleanUp
                0x20004c0c        0x4 CMakeFiles/STM32f411ret6_usart_blinking.elf.dir/Middlewares/Third_Party/FreeRTOS/Source/tasks.c.obj
 .bss.xTasksWaitingTermination
                0x20004c10       0x14 CMakeFiles/STM32f411ret6_usart_blinking.elf.dir/Middlewares/Third_Party/FreeRTOS/Source/tasks.c.obj
 .bss.xPendingReadyList
                0x20004c24       0x14 CMakeFiles/STM32f411ret6_usart_blinking.elf.dir/Middlewares/Third_Party/FreeRTOS/Source/tasks.c.obj
 .bss.pxOverflowDelayedTaskList
                0x20004c38        0x4 CMakeFiles/STM32f411ret6_usart_blinking.elf.dir/Middlewares/Third_Party/FreeRTOS/Source/tasks.c.obj
 .bss.pxDelayedTaskList
                0x20004c3c        0x4 CMakeFiles/STM32f411ret6_usart_blinking.elf.dir/Middlewares/Third_Party/FreeRTOS/Source/tasks.c.obj
 .bss.xDelayedTaskList2
                0x20004c40       0x14 CMakeFiles/STM32f411ret6_usart_blinking.elf.dir/Middlewares/Third_Party/FreeRTOS/Source/tasks.c.obj
 .bss.xDelayedTaskList1
                0x20004c54       0x14 CMakeFiles/STM32f411ret6_usart_blinking.elf.dir/Middlewares/Third_Party/FreeRTOS/Source/tasks.c.obj
 .bss.pxReadyTasksLists
                0x20004c68      0x460 CMakeFiles/STM32f411ret6_usart_blinking.elf.dir/Middlewares/Third_Party/FreeRTOS/Source/tasks.c.obj
 .bss.pxCurrentTCB
                0x200050c8        0x4 CMakeFiles/STM32f411ret6_usart_blinking.elf.dir/Middlewares/Third_Party/FreeRTOS/Source/tasks.c.obj
                0x200050c8                pxCurrentTCB
 .bss.xStaticTimerQueue.0
                0x200050cc       0x50 CMakeFiles/STM32f411ret6_usart_blinking.elf.dir/Middlewares/Third_Party/FreeRTOS/Source/timers.c.obj
 .bss.ucStaticTimerQueueStorage.1
                0x2000511c       0xa0 CMakeFiles/STM32f411ret6_usart_blinking.elf.dir/Middlewares/Third_Party/FreeRTOS/Source/timers.c.obj
 .bss.xLastTime.2
                0x200051bc        0x4 CMakeFiles/STM32f411ret6_usart_blinking.elf.dir/Middlewares/Third_Party/FreeRTOS/Source/timers.c.obj
 .bss.xTimerTaskHandle
                0x200051c0        0x4 CMakeFiles/STM32f411ret6_usart_blinking.elf.dir/Middlewares/Third_Party/FreeRTOS/Source/timers.c.obj
 .bss.xTimerQueue
                0x200051c4        0x4 CMakeFiles/STM32f411ret6_usart_blinking.elf.dir/Middlewares/Third_Party/FreeRTOS/Source/timers.c.obj
 .bss.pxOverflowTimerList
                0x200051c8        0x4 CMakeFiles/STM32f411ret6_usart_blinking.elf.dir/Middlewares/Third_Party/FreeRTOS/Source/timers.c.obj
 .bss.pxCurrentTimerList
                0x200051cc        0x4 CMakeFiles/STM32f411ret6_usart_blinking.elf.dir/Middlewares/Third_Party/FreeRTOS/Source/timers.c.obj
 .bss.xActiveTimerList2
                0x200051d0       0x14 CMakeFiles/STM32f411ret6_usart_blinking.elf.dir/Middlewares/Third_Party/FreeRTOS/Source/timers.c.obj
 .bss.xActiveTimerList1
                0x200051e4       0x14 CMakeFiles/STM32f411ret6_usart_blinking.elf.dir/Middlewares/Third_Party/FreeRTOS/Source/timers.c.obj
 .bss.__sf      0x200051f8      0x138 C:/ST/STM32CubeCLT_1.18.0/GNU-tools-for-STM32/bin/../lib/gcc/arm-none-eabi/13.3.1/../../../../arm-none-eabi/lib/thumb/v7e-m+fp/hard\libg.a(libc_a-findfp.o)
                0x200051f8                __sf
 .bss.errno     0x20005330        0x4 C:/ST/STM32CubeCLT_1.18.0/GNU-tools-for-STM32/bin/../lib/gcc/arm-none-eabi/13.3.1/../../../../arm-none-eabi/lib/thumb/v7e-m+fp/hard\libg.a(libc_a-reent.o)
                0x20005330                errno
 .bss.__lock___malloc_recursive_mutex
                0x20005334        0x1 C:/ST/STM32CubeCLT_1.18.0/GNU-tools-for-STM32/bin/../lib/gcc/arm-none-eabi/13.3.1/../../../../arm-none-eabi/lib/thumb/v7e-m+fp/hard\libg.a(libc_a-lock.o)
                0x20005334                __lock___malloc_recursive_mutex
 .bss.__lock___atexit_recursive_mutex
                0x20005335        0x1 C:/ST/STM32CubeCLT_1.18.0/GNU-tools-for-STM32/bin/../lib/gcc/arm-none-eabi/13.3.1/../../../../arm-none-eabi/lib/thumb/v7e-m+fp/hard\libg.a(libc_a-lock.o)
                0x20005335                __lock___atexit_recursive_mutex
 *fill*         0x20005336        0x2 
 .bss.__atexit  0x20005338        0x4 C:/ST/STM32CubeCLT_1.18.0/GNU-tools-for-STM32/bin/../lib/gcc/arm-none-eabi/13.3.1/../../../../arm-none-eabi/lib/thumb/v7e-m+fp/hard\libg.a(libc_a-__call_atexit.o)
                0x20005338                __atexit
 .bss.__malloc_current_mallinfo
                0x2000533c       0x28 C:/ST/STM32CubeCLT_1.18.0/GNU-tools-for-STM32/bin/../lib/gcc/arm-none-eabi/13.3.1/../../../../arm-none-eabi/lib/thumb/v7e-m+fp/hard\libg.a(libc_a-mallocr.o)
                0x2000533c                __malloc_current_mallinfo
 .bss.__malloc_top_pad
                0x20005364        0x4 C:/ST/STM32CubeCLT_1.18.0/GNU-tools-for-STM32/bin/../lib/gcc/arm-none-eabi/13.3.1/../../../../arm-none-eabi/lib/thumb/v7e-m+fp/hard\libg.a(libc_a-mallocr.o)
                0x20005364                __malloc_top_pad
 .bss.__atexit0
                0x20005368      0x190 C:/ST/STM32CubeCLT_1.18.0/GNU-tools-for-STM32/bin/../lib/gcc/arm-none-eabi/13.3.1/../../../../arm-none-eabi/lib/thumb/v7e-m+fp/hard\libg.a(libc_a-__atexit.o)
                0x20005368                __atexit0
 *(COMMON)
                0x200054f8                        . = ALIGN (0x4)
                0x200054f8                        _ebss = .
                0x200054f8                        __bss_end__ = _ebss

._user_heap_stack
                0x200054f8      0x600 load address 0x080034dc
                0x200054f8                        . = ALIGN (0x8)
                [!provide]                        PROVIDE (end = .)
                0x200054f8                        PROVIDE (_end = .)
                0x200056f8                        . = (. + _Min_Heap_Size)
 *fill*         0x200054f8      0x200 
                0x20005af8                        . = (. + _Min_Stack_Size)
 *fill*         0x200056f8      0x400 
                0x20005af8                        . = ALIGN (0x8)

/DISCARD/
 libc.a(*)
 libm.a(*)
 libgcc.a(*)

.ARM.attributes
                0x00000000       0x30
 *(.ARM.attributes)
 .ARM.attributes
                0x00000000       0x22 C:/ST/STM32CubeCLT_1.18.0/GNU-tools-for-STM32/bin/../lib/gcc/arm-none-eabi/13.3.1/thumb/v7e-m+fp/hard/crti.o
 .ARM.attributes
                0x00000022       0x34 C:/ST/STM32CubeCLT_1.18.0/GNU-tools-for-STM32/bin/../lib/gcc/arm-none-eabi/13.3.1/thumb/v7e-m+fp/hard/crtbegin.o
 .ARM.attributes
                0x00000056       0x34 CMakeFiles/STM32f411ret6_usart_blinking.elf.dir/Core/Src/main.c.obj
 .ARM.attributes
                0x0000008a       0x34 CMakeFiles/STM32f411ret6_usart_blinking.elf.dir/Core/Src/sysmem.c.obj
 .ARM.attributes
                0x000000be       0x34 CMakeFiles/STM32f411ret6_usart_blinking.elf.dir/Core/Src/system_stm32f4xx.c.obj
 .ARM.attributes
                0x000000f2       0x21 CMakeFiles/STM32f411ret6_usart_blinking.elf.dir/Core/Startup/startup_stm32f411retx.s.obj
 .ARM.attributes
                0x00000113       0x34 CMakeFiles/STM32f411ret6_usart_blinking.elf.dir/Middlewares/Third_Party/FreeRTOS/Source/CMSIS_RTOS_V2/cmsis_os2.c.obj
 .ARM.attributes
                0x00000147       0x34 CMakeFiles/STM32f411ret6_usart_blinking.elf.dir/Middlewares/Third_Party/FreeRTOS/Source/event_groups.c.obj
 .ARM.attributes
                0x0000017b       0x34 CMakeFiles/STM32f411ret6_usart_blinking.elf.dir/Middlewares/Third_Party/FreeRTOS/Source/list.c.obj
 .ARM.attributes
                0x000001af       0x34 CMakeFiles/STM32f411ret6_usart_blinking.elf.dir/Middlewares/Third_Party/FreeRTOS/Source/portable/GCC/ARM_CM4F/port.c.obj
 .ARM.attributes
                0x000001e3       0x34 CMakeFiles/STM32f411ret6_usart_blinking.elf.dir/Middlewares/Third_Party/FreeRTOS/Source/portable/MemMang/heap_4.c.obj
 .ARM.attributes
                0x00000217       0x34 CMakeFiles/STM32f411ret6_usart_blinking.elf.dir/Middlewares/Third_Party/FreeRTOS/Source/queue.c.obj
 .ARM.attributes
                0x0000024b       0x34 CMakeFiles/STM32f411ret6_usart_blinking.elf.dir/Middlewares/Third_Party/FreeRTOS/Source/tasks.c.obj
 .ARM.attributes
                0x0000027f       0x34 CMakeFiles/STM32f411ret6_usart_blinking.elf.dir/Middlewares/Third_Party/FreeRTOS/Source/timers.c.obj
 .ARM.attributes
                0x000002b3       0x34 C:/ST/STM32CubeCLT_1.18.0/GNU-tools-for-STM32/bin/../lib/gcc/arm-none-eabi/13.3.1/../../../../arm-none-eabi/lib/thumb/v7e-m+fp/hard\libg.a(libc_a-findfp.o)
 .ARM.attributes
                0x000002e7       0x34 C:/ST/STM32CubeCLT_1.18.0/GNU-tools-for-STM32/bin/../lib/gcc/arm-none-eabi/13.3.1/../../../../arm-none-eabi/lib/thumb/v7e-m+fp/hard\libg.a(libc_a-memset.o)
 .ARM.attributes
                0x0000031b       0x34 C:/ST/STM32CubeCLT_1.18.0/GNU-tools-for-STM32/bin/../lib/gcc/arm-none-eabi/13.3.1/../../../../arm-none-eabi/lib/thumb/v7e-m+fp/hard\libg.a(libc_a-reent.o)
 .ARM.attributes
                0x0000034f       0x34 C:/ST/STM32CubeCLT_1.18.0/GNU-tools-for-STM32/bin/../lib/gcc/arm-none-eabi/13.3.1/../../../../arm-none-eabi/lib/thumb/v7e-m+fp/hard\libg.a(libc_a-impure.o)
 .ARM.attributes
                0x00000383       0x34 C:/ST/STM32CubeCLT_1.18.0/GNU-tools-for-STM32/bin/../lib/gcc/arm-none-eabi/13.3.1/../../../../arm-none-eabi/lib/thumb/v7e-m+fp/hard\libg.a(libc_a-errno.o)
 .ARM.attributes
                0x000003b7       0x34 C:/ST/STM32CubeCLT_1.18.0/GNU-tools-for-STM32/bin/../lib/gcc/arm-none-eabi/13.3.1/../../../../arm-none-eabi/lib/thumb/v7e-m+fp/hard\libg.a(libc_a-init.o)
 .ARM.attributes
                0x000003eb       0x34 C:/ST/STM32CubeCLT_1.18.0/GNU-tools-for-STM32/bin/../lib/gcc/arm-none-eabi/13.3.1/../../../../arm-none-eabi/lib/thumb/v7e-m+fp/hard\libg.a(libc_a-lock.o)
 .ARM.attributes
                0x0000041f       0x34 C:/ST/STM32CubeCLT_1.18.0/GNU-tools-for-STM32/bin/../lib/gcc/arm-none-eabi/13.3.1/../../../../arm-none-eabi/lib/thumb/v7e-m+fp/hard\libg.a(libc_a-memcpy-stub.o)
 .ARM.attributes
                0x00000453       0x17 C:/ST/STM32CubeCLT_1.18.0/GNU-tools-for-STM32/bin/../lib/gcc/arm-none-eabi/13.3.1/../../../../arm-none-eabi/lib/thumb/v7e-m+fp/hard\libg.a(libc_a-strlen.o)
 .ARM.attributes
                0x0000046a       0x34 C:/ST/STM32CubeCLT_1.18.0/GNU-tools-for-STM32/bin/../lib/gcc/arm-none-eabi/13.3.1/../../../../arm-none-eabi/lib/thumb/v7e-m+fp/hard\libg.a(libc_a-__call_atexit.o)
 .ARM.attributes
                0x0000049e       0x34 C:/ST/STM32CubeCLT_1.18.0/GNU-tools-for-STM32/bin/../lib/gcc/arm-none-eabi/13.3.1/../../../../arm-none-eabi/lib/thumb/v7e-m+fp/hard\libg.a(libc_a-atexit.o)
 .ARM.attributes
                0x000004d2       0x34 C:/ST/STM32CubeCLT_1.18.0/GNU-tools-for-STM32/bin/../lib/gcc/arm-none-eabi/13.3.1/../../../../arm-none-eabi/lib/thumb/v7e-m+fp/hard\libg.a(libc_a-freer.o)
 .ARM.attributes
                0x00000506       0x34 C:/ST/STM32CubeCLT_1.18.0/GNU-tools-for-STM32/bin/../lib/gcc/arm-none-eabi/13.3.1/../../../../arm-none-eabi/lib/thumb/v7e-m+fp/hard\libg.a(libc_a-mallocr.o)
 .ARM.attributes
                0x0000053a       0x34 C:/ST/STM32CubeCLT_1.18.0/GNU-tools-for-STM32/bin/../lib/gcc/arm-none-eabi/13.3.1/../../../../arm-none-eabi/lib/thumb/v7e-m+fp/hard\libg.a(libc_a-mlock.o)
 .ARM.attributes
                0x0000056e       0x34 C:/ST/STM32CubeCLT_1.18.0/GNU-tools-for-STM32/bin/../lib/gcc/arm-none-eabi/13.3.1/../../../../arm-none-eabi/lib/thumb/v7e-m+fp/hard\libg.a(libc_a-sbrkr.o)
 .ARM.attributes
                0x000005a2       0x34 C:/ST/STM32CubeCLT_1.18.0/GNU-tools-for-STM32/bin/../lib/gcc/arm-none-eabi/13.3.1/../../../../arm-none-eabi/lib/thumb/v7e-m+fp/hard\libg.a(libc_a-fini.o)
 .ARM.attributes
                0x000005d6       0x34 C:/ST/STM32CubeCLT_1.18.0/GNU-tools-for-STM32/bin/../lib/gcc/arm-none-eabi/13.3.1/../../../../arm-none-eabi/lib/thumb/v7e-m+fp/hard\libg.a(libc_a-sysconf.o)
 .ARM.attributes
                0x0000060a       0x34 C:/ST/STM32CubeCLT_1.18.0/GNU-tools-for-STM32/bin/../lib/gcc/arm-none-eabi/13.3.1/../../../../arm-none-eabi/lib/thumb/v7e-m+fp/hard\libg.a(libc_a-__atexit.o)
 .ARM.attributes
                0x0000063e       0x22 C:/ST/STM32CubeCLT_1.18.0/GNU-tools-for-STM32/bin/../lib/gcc/arm-none-eabi/13.3.1/thumb/v7e-m+fp/hard/crtn.o
OUTPUT(STM32f411ret6_usart_blinking.elf elf32-littlearm)
LOAD linker stubs
LOAD C:/ST/STM32CubeCLT_1.18.0/GNU-tools-for-STM32/bin/../lib/gcc/arm-none-eabi/13.3.1/../../../../arm-none-eabi/lib/thumb/v7e-m+fp/hard\libc.a
LOAD C:/ST/STM32CubeCLT_1.18.0/GNU-tools-for-STM32/bin/../lib/gcc/arm-none-eabi/13.3.1/../../../../arm-none-eabi/lib/thumb/v7e-m+fp/hard\libm.a
LOAD C:/ST/STM32CubeCLT_1.18.0/GNU-tools-for-STM32/bin/../lib/gcc/arm-none-eabi/13.3.1/thumb/v7e-m+fp/hard\libgcc.a

.debug_info     0x00000000    0x16760
 .debug_info    0x00000000     0x11a7 CMakeFiles/STM32f411ret6_usart_blinking.elf.dir/Core/Src/main.c.obj
 .debug_info    0x000011a7      0x171 CMakeFiles/STM32f411ret6_usart_blinking.elf.dir/Core/Src/sysmem.c.obj
 .debug_info    0x00001318      0x54c CMakeFiles/STM32f411ret6_usart_blinking.elf.dir/Core/Src/system_stm32f4xx.c.obj
 .debug_info    0x00001864       0x30 CMakeFiles/STM32f411ret6_usart_blinking.elf.dir/Core/Startup/startup_stm32f411retx.s.obj
 .debug_info    0x00001894     0x5478 CMakeFiles/STM32f411ret6_usart_blinking.elf.dir/Middlewares/Third_Party/FreeRTOS/Source/CMSIS_RTOS_V2/cmsis_os2.c.obj
 .debug_info    0x00006d0c      0xf99 CMakeFiles/STM32f411ret6_usart_blinking.elf.dir/Middlewares/Third_Party/FreeRTOS/Source/event_groups.c.obj
 .debug_info    0x00007ca5      0x2bf CMakeFiles/STM32f411ret6_usart_blinking.elf.dir/Middlewares/Third_Party/FreeRTOS/Source/list.c.obj
 .debug_info    0x00007f64      0x55a CMakeFiles/STM32f411ret6_usart_blinking.elf.dir/Middlewares/Third_Party/FreeRTOS/Source/portable/GCC/ARM_CM4F/port.c.obj
 .debug_info    0x000084be      0x593 CMakeFiles/STM32f411ret6_usart_blinking.elf.dir/Middlewares/Third_Party/FreeRTOS/Source/portable/MemMang/heap_4.c.obj
 .debug_info    0x00008a51     0x27a8 CMakeFiles/STM32f411ret6_usart_blinking.elf.dir/Middlewares/Third_Party/FreeRTOS/Source/queue.c.obj
 .debug_info    0x0000b1f9     0x37d5 CMakeFiles/STM32f411ret6_usart_blinking.elf.dir/Middlewares/Third_Party/FreeRTOS/Source/tasks.c.obj
 .debug_info    0x0000e9ce     0x2215 CMakeFiles/STM32f411ret6_usart_blinking.elf.dir/Middlewares/Third_Party/FreeRTOS/Source/timers.c.obj
 .debug_info    0x00010be3      0xfee C:/ST/STM32CubeCLT_1.18.0/GNU-tools-for-STM32/bin/../lib/gcc/arm-none-eabi/13.3.1/../../../../arm-none-eabi/lib/thumb/v7e-m+fp/hard\libg.a(libc_a-findfp.o)
 .debug_info    0x00011bd1       0xe0 C:/ST/STM32CubeCLT_1.18.0/GNU-tools-for-STM32/bin/../lib/gcc/arm-none-eabi/13.3.1/../../../../arm-none-eabi/lib/thumb/v7e-m+fp/hard\libg.a(libc_a-memset.o)
 .debug_info    0x00011cb1      0x850 C:/ST/STM32CubeCLT_1.18.0/GNU-tools-for-STM32/bin/../lib/gcc/arm-none-eabi/13.3.1/../../../../arm-none-eabi/lib/thumb/v7e-m+fp/hard\libg.a(libc_a-reent.o)
 .debug_info    0x00012501      0x750 C:/ST/STM32CubeCLT_1.18.0/GNU-tools-for-STM32/bin/../lib/gcc/arm-none-eabi/13.3.1/../../../../arm-none-eabi/lib/thumb/v7e-m+fp/hard\libg.a(libc_a-impure.o)
 .debug_info    0x00012c51      0x736 C:/ST/STM32CubeCLT_1.18.0/GNU-tools-for-STM32/bin/../lib/gcc/arm-none-eabi/13.3.1/../../../../arm-none-eabi/lib/thumb/v7e-m+fp/hard\libg.a(libc_a-errno.o)
 .debug_info    0x00013387      0x10b C:/ST/STM32CubeCLT_1.18.0/GNU-tools-for-STM32/bin/../lib/gcc/arm-none-eabi/13.3.1/../../../../arm-none-eabi/lib/thumb/v7e-m+fp/hard\libg.a(libc_a-init.o)
 .debug_info    0x00013492      0x218 C:/ST/STM32CubeCLT_1.18.0/GNU-tools-for-STM32/bin/../lib/gcc/arm-none-eabi/13.3.1/../../../../arm-none-eabi/lib/thumb/v7e-m+fp/hard\libg.a(libc_a-lock.o)
 .debug_info    0x000136aa      0x121 C:/ST/STM32CubeCLT_1.18.0/GNU-tools-for-STM32/bin/../lib/gcc/arm-none-eabi/13.3.1/../../../../arm-none-eabi/lib/thumb/v7e-m+fp/hard\libg.a(libc_a-memcpy-stub.o)
 .debug_info    0x000137cb       0x31 C:/ST/STM32CubeCLT_1.18.0/GNU-tools-for-STM32/bin/../lib/gcc/arm-none-eabi/13.3.1/../../../../arm-none-eabi/lib/thumb/v7e-m+fp/hard\libg.a(libc_a-strlen.o)
 .debug_info    0x000137fc      0x2dd C:/ST/STM32CubeCLT_1.18.0/GNU-tools-for-STM32/bin/../lib/gcc/arm-none-eabi/13.3.1/../../../../arm-none-eabi/lib/thumb/v7e-m+fp/hard\libg.a(libc_a-__call_atexit.o)
 .debug_info    0x00013ad9      0x11e C:/ST/STM32CubeCLT_1.18.0/GNU-tools-for-STM32/bin/../lib/gcc/arm-none-eabi/13.3.1/../../../../arm-none-eabi/lib/thumb/v7e-m+fp/hard\libg.a(libc_a-atexit.o)
 .debug_info    0x00013bf7      0xb62 C:/ST/STM32CubeCLT_1.18.0/GNU-tools-for-STM32/bin/../lib/gcc/arm-none-eabi/13.3.1/../../../../arm-none-eabi/lib/thumb/v7e-m+fp/hard\libg.a(libc_a-freer.o)
 .debug_info    0x00014759      0xc8d C:/ST/STM32CubeCLT_1.18.0/GNU-tools-for-STM32/bin/../lib/gcc/arm-none-eabi/13.3.1/../../../../arm-none-eabi/lib/thumb/v7e-m+fp/hard\libg.a(libc_a-mallocr.o)
 .debug_info    0x000153e6      0x7a6 C:/ST/STM32CubeCLT_1.18.0/GNU-tools-for-STM32/bin/../lib/gcc/arm-none-eabi/13.3.1/../../../../arm-none-eabi/lib/thumb/v7e-m+fp/hard\libg.a(libc_a-mlock.o)
 .debug_info    0x00015b8c      0x7bd C:/ST/STM32CubeCLT_1.18.0/GNU-tools-for-STM32/bin/../lib/gcc/arm-none-eabi/13.3.1/../../../../arm-none-eabi/lib/thumb/v7e-m+fp/hard\libg.a(libc_a-sbrkr.o)
 .debug_info    0x00016349       0xf7 C:/ST/STM32CubeCLT_1.18.0/GNU-tools-for-STM32/bin/../lib/gcc/arm-none-eabi/13.3.1/../../../../arm-none-eabi/lib/thumb/v7e-m+fp/hard\libg.a(libc_a-fini.o)
 .debug_info    0x00016440       0xc1 C:/ST/STM32CubeCLT_1.18.0/GNU-tools-for-STM32/bin/../lib/gcc/arm-none-eabi/13.3.1/../../../../arm-none-eabi/lib/thumb/v7e-m+fp/hard\libg.a(libc_a-sysconf.o)
 .debug_info    0x00016501      0x25f C:/ST/STM32CubeCLT_1.18.0/GNU-tools-for-STM32/bin/../lib/gcc/arm-none-eabi/13.3.1/../../../../arm-none-eabi/lib/thumb/v7e-m+fp/hard\libg.a(libc_a-__atexit.o)

.debug_abbrev   0x00000000     0x3cf5
 .debug_abbrev  0x00000000      0x335 CMakeFiles/STM32f411ret6_usart_blinking.elf.dir/Core/Src/main.c.obj
 .debug_abbrev  0x00000335       0xea CMakeFiles/STM32f411ret6_usart_blinking.elf.dir/Core/Src/sysmem.c.obj
 .debug_abbrev  0x0000041f      0x11e CMakeFiles/STM32f411ret6_usart_blinking.elf.dir/Core/Src/system_stm32f4xx.c.obj
 .debug_abbrev  0x0000053d       0x24 CMakeFiles/STM32f411ret6_usart_blinking.elf.dir/Core/Startup/startup_stm32f411retx.s.obj
 .debug_abbrev  0x00000561      0x615 CMakeFiles/STM32f411ret6_usart_blinking.elf.dir/Middlewares/Third_Party/FreeRTOS/Source/CMSIS_RTOS_V2/cmsis_os2.c.obj
 .debug_abbrev  0x00000b76      0x356 CMakeFiles/STM32f411ret6_usart_blinking.elf.dir/Middlewares/Third_Party/FreeRTOS/Source/event_groups.c.obj
 .debug_abbrev  0x00000ecc      0x10a CMakeFiles/STM32f411ret6_usart_blinking.elf.dir/Middlewares/Third_Party/FreeRTOS/Source/list.c.obj
 .debug_abbrev  0x00000fd6      0x293 CMakeFiles/STM32f411ret6_usart_blinking.elf.dir/Middlewares/Third_Party/FreeRTOS/Source/portable/GCC/ARM_CM4F/port.c.obj
 .debug_abbrev  0x00001269      0x263 CMakeFiles/STM32f411ret6_usart_blinking.elf.dir/Middlewares/Third_Party/FreeRTOS/Source/portable/MemMang/heap_4.c.obj
 .debug_abbrev  0x000014cc      0x3ea CMakeFiles/STM32f411ret6_usart_blinking.elf.dir/Middlewares/Third_Party/FreeRTOS/Source/queue.c.obj
 .debug_abbrev  0x000018b6      0x45f CMakeFiles/STM32f411ret6_usart_blinking.elf.dir/Middlewares/Third_Party/FreeRTOS/Source/tasks.c.obj
 .debug_abbrev  0x00001d15      0x3c7 CMakeFiles/STM32f411ret6_usart_blinking.elf.dir/Middlewares/Third_Party/FreeRTOS/Source/timers.c.obj
 .debug_abbrev  0x000020dc      0x462 C:/ST/STM32CubeCLT_1.18.0/GNU-tools-for-STM32/bin/../lib/gcc/arm-none-eabi/13.3.1/../../../../arm-none-eabi/lib/thumb/v7e-m+fp/hard\libg.a(libc_a-findfp.o)
 .debug_abbrev  0x0000253e       0x9e C:/ST/STM32CubeCLT_1.18.0/GNU-tools-for-STM32/bin/../lib/gcc/arm-none-eabi/13.3.1/../../../../arm-none-eabi/lib/thumb/v7e-m+fp/hard\libg.a(libc_a-memset.o)
 .debug_abbrev  0x000025dc      0x233 C:/ST/STM32CubeCLT_1.18.0/GNU-tools-for-STM32/bin/../lib/gcc/arm-none-eabi/13.3.1/../../../../arm-none-eabi/lib/thumb/v7e-m+fp/hard\libg.a(libc_a-reent.o)
 .debug_abbrev  0x0000280f      0x185 C:/ST/STM32CubeCLT_1.18.0/GNU-tools-for-STM32/bin/../lib/gcc/arm-none-eabi/13.3.1/../../../../arm-none-eabi/lib/thumb/v7e-m+fp/hard\libg.a(libc_a-impure.o)
 .debug_abbrev  0x00002994      0x19a C:/ST/STM32CubeCLT_1.18.0/GNU-tools-for-STM32/bin/../lib/gcc/arm-none-eabi/13.3.1/../../../../arm-none-eabi/lib/thumb/v7e-m+fp/hard\libg.a(libc_a-errno.o)
 .debug_abbrev  0x00002b2e       0xc9 C:/ST/STM32CubeCLT_1.18.0/GNU-tools-for-STM32/bin/../lib/gcc/arm-none-eabi/13.3.1/../../../../arm-none-eabi/lib/thumb/v7e-m+fp/hard\libg.a(libc_a-init.o)
 .debug_abbrev  0x00002bf7      0x115 C:/ST/STM32CubeCLT_1.18.0/GNU-tools-for-STM32/bin/../lib/gcc/arm-none-eabi/13.3.1/../../../../arm-none-eabi/lib/thumb/v7e-m+fp/hard\libg.a(libc_a-lock.o)
 .debug_abbrev  0x00002d0c       0xc1 C:/ST/STM32CubeCLT_1.18.0/GNU-tools-for-STM32/bin/../lib/gcc/arm-none-eabi/13.3.1/../../../../arm-none-eabi/lib/thumb/v7e-m+fp/hard\libg.a(libc_a-memcpy-stub.o)
 .debug_abbrev  0x00002dcd       0x28 C:/ST/STM32CubeCLT_1.18.0/GNU-tools-for-STM32/bin/../lib/gcc/arm-none-eabi/13.3.1/../../../../arm-none-eabi/lib/thumb/v7e-m+fp/hard\libg.a(libc_a-strlen.o)
 .debug_abbrev  0x00002df5      0x20c C:/ST/STM32CubeCLT_1.18.0/GNU-tools-for-STM32/bin/../lib/gcc/arm-none-eabi/13.3.1/../../../../arm-none-eabi/lib/thumb/v7e-m+fp/hard\libg.a(libc_a-__call_atexit.o)
 .debug_abbrev  0x00003001       0xc1 C:/ST/STM32CubeCLT_1.18.0/GNU-tools-for-STM32/bin/../lib/gcc/arm-none-eabi/13.3.1/../../../../arm-none-eabi/lib/thumb/v7e-m+fp/hard\libg.a(libc_a-atexit.o)
 .debug_abbrev  0x000030c2      0x27d C:/ST/STM32CubeCLT_1.18.0/GNU-tools-for-STM32/bin/../lib/gcc/arm-none-eabi/13.3.1/../../../../arm-none-eabi/lib/thumb/v7e-m+fp/hard\libg.a(libc_a-freer.o)
 .debug_abbrev  0x0000333f      0x2d0 C:/ST/STM32CubeCLT_1.18.0/GNU-tools-for-STM32/bin/../lib/gcc/arm-none-eabi/13.3.1/../../../../arm-none-eabi/lib/thumb/v7e-m+fp/hard\libg.a(libc_a-mallocr.o)
 .debug_abbrev  0x0000360f      0x1fb C:/ST/STM32CubeCLT_1.18.0/GNU-tools-for-STM32/bin/../lib/gcc/arm-none-eabi/13.3.1/../../../../arm-none-eabi/lib/thumb/v7e-m+fp/hard\libg.a(libc_a-mlock.o)
 .debug_abbrev  0x0000380a      0x216 C:/ST/STM32CubeCLT_1.18.0/GNU-tools-for-STM32/bin/../lib/gcc/arm-none-eabi/13.3.1/../../../../arm-none-eabi/lib/thumb/v7e-m+fp/hard\libg.a(libc_a-sbrkr.o)
 .debug_abbrev  0x00003a20       0xcc C:/ST/STM32CubeCLT_1.18.0/GNU-tools-for-STM32/bin/../lib/gcc/arm-none-eabi/13.3.1/../../../../arm-none-eabi/lib/thumb/v7e-m+fp/hard\libg.a(libc_a-fini.o)
 .debug_abbrev  0x00003aec       0x80 C:/ST/STM32CubeCLT_1.18.0/GNU-tools-for-STM32/bin/../lib/gcc/arm-none-eabi/13.3.1/../../../../arm-none-eabi/lib/thumb/v7e-m+fp/hard\libg.a(libc_a-sysconf.o)
 .debug_abbrev  0x00003b6c      0x189 C:/ST/STM32CubeCLT_1.18.0/GNU-tools-for-STM32/bin/../lib/gcc/arm-none-eabi/13.3.1/../../../../arm-none-eabi/lib/thumb/v7e-m+fp/hard\libg.a(libc_a-__atexit.o)

.debug_loclists
                0x00000000     0x8bb2
 .debug_loclists
                0x00000000       0xc4 CMakeFiles/STM32f411ret6_usart_blinking.elf.dir/Core/Src/main.c.obj
 .debug_loclists
                0x000000c4       0x52 CMakeFiles/STM32f411ret6_usart_blinking.elf.dir/Core/Src/sysmem.c.obj
 .debug_loclists
                0x00000116       0xfa CMakeFiles/STM32f411ret6_usart_blinking.elf.dir/Core/Src/system_stm32f4xx.c.obj
 .debug_loclists
                0x00000210     0x3916 CMakeFiles/STM32f411ret6_usart_blinking.elf.dir/Middlewares/Third_Party/FreeRTOS/Source/CMSIS_RTOS_V2/cmsis_os2.c.obj
 .debug_loclists
                0x00003b26      0x7df CMakeFiles/STM32f411ret6_usart_blinking.elf.dir/Middlewares/Third_Party/FreeRTOS/Source/event_groups.c.obj
 .debug_loclists
                0x00004305       0x75 CMakeFiles/STM32f411ret6_usart_blinking.elf.dir/Middlewares/Third_Party/FreeRTOS/Source/list.c.obj
 .debug_loclists
                0x0000437a       0xc1 CMakeFiles/STM32f411ret6_usart_blinking.elf.dir/Middlewares/Third_Party/FreeRTOS/Source/portable/GCC/ARM_CM4F/port.c.obj
 .debug_loclists
                0x0000443b      0x2b7 CMakeFiles/STM32f411ret6_usart_blinking.elf.dir/Middlewares/Third_Party/FreeRTOS/Source/portable/MemMang/heap_4.c.obj
 .debug_loclists
                0x000046f2     0x1110 CMakeFiles/STM32f411ret6_usart_blinking.elf.dir/Middlewares/Third_Party/FreeRTOS/Source/queue.c.obj
 .debug_loclists
                0x00005802     0x172c CMakeFiles/STM32f411ret6_usart_blinking.elf.dir/Middlewares/Third_Party/FreeRTOS/Source/tasks.c.obj
 .debug_loclists
                0x00006f2e      0xba8 CMakeFiles/STM32f411ret6_usart_blinking.elf.dir/Middlewares/Third_Party/FreeRTOS/Source/timers.c.obj
 .debug_loclists
                0x00007ad6      0x2ac C:/ST/STM32CubeCLT_1.18.0/GNU-tools-for-STM32/bin/../lib/gcc/arm-none-eabi/13.3.1/../../../../arm-none-eabi/lib/thumb/v7e-m+fp/hard\libg.a(libc_a-findfp.o)
 .debug_loclists
                0x00007d82       0x4d C:/ST/STM32CubeCLT_1.18.0/GNU-tools-for-STM32/bin/../lib/gcc/arm-none-eabi/13.3.1/../../../../arm-none-eabi/lib/thumb/v7e-m+fp/hard\libg.a(libc_a-memset.o)
 .debug_loclists
                0x00007dcf       0x93 C:/ST/STM32CubeCLT_1.18.0/GNU-tools-for-STM32/bin/../lib/gcc/arm-none-eabi/13.3.1/../../../../arm-none-eabi/lib/thumb/v7e-m+fp/hard\libg.a(libc_a-reent.o)
 .debug_loclists
                0x00007e62       0x44 C:/ST/STM32CubeCLT_1.18.0/GNU-tools-for-STM32/bin/../lib/gcc/arm-none-eabi/13.3.1/../../../../arm-none-eabi/lib/thumb/v7e-m+fp/hard\libg.a(libc_a-init.o)
 .debug_loclists
                0x00007ea6       0x29 C:/ST/STM32CubeCLT_1.18.0/GNU-tools-for-STM32/bin/../lib/gcc/arm-none-eabi/13.3.1/../../../../arm-none-eabi/lib/thumb/v7e-m+fp/hard\libg.a(libc_a-lock.o)
 .debug_loclists
                0x00007ecf       0xad C:/ST/STM32CubeCLT_1.18.0/GNU-tools-for-STM32/bin/../lib/gcc/arm-none-eabi/13.3.1/../../../../arm-none-eabi/lib/thumb/v7e-m+fp/hard\libg.a(libc_a-memcpy-stub.o)
 .debug_loclists
                0x00007f7c       0xda C:/ST/STM32CubeCLT_1.18.0/GNU-tools-for-STM32/bin/../lib/gcc/arm-none-eabi/13.3.1/../../../../arm-none-eabi/lib/thumb/v7e-m+fp/hard\libg.a(libc_a-__call_atexit.o)
 .debug_loclists
                0x00008056       0x30 C:/ST/STM32CubeCLT_1.18.0/GNU-tools-for-STM32/bin/../lib/gcc/arm-none-eabi/13.3.1/../../../../arm-none-eabi/lib/thumb/v7e-m+fp/hard\libg.a(libc_a-atexit.o)
 .debug_loclists
                0x00008086      0x315 C:/ST/STM32CubeCLT_1.18.0/GNU-tools-for-STM32/bin/../lib/gcc/arm-none-eabi/13.3.1/../../../../arm-none-eabi/lib/thumb/v7e-m+fp/hard\libg.a(libc_a-freer.o)
 .debug_loclists
                0x0000839b      0x670 C:/ST/STM32CubeCLT_1.18.0/GNU-tools-for-STM32/bin/../lib/gcc/arm-none-eabi/13.3.1/../../../../arm-none-eabi/lib/thumb/v7e-m+fp/hard\libg.a(libc_a-mallocr.o)
 .debug_loclists
                0x00008a0b       0x46 C:/ST/STM32CubeCLT_1.18.0/GNU-tools-for-STM32/bin/../lib/gcc/arm-none-eabi/13.3.1/../../../../arm-none-eabi/lib/thumb/v7e-m+fp/hard\libg.a(libc_a-mlock.o)
 .debug_loclists
                0x00008a51       0x58 C:/ST/STM32CubeCLT_1.18.0/GNU-tools-for-STM32/bin/../lib/gcc/arm-none-eabi/13.3.1/../../../../arm-none-eabi/lib/thumb/v7e-m+fp/hard\libg.a(libc_a-sbrkr.o)
 .debug_loclists
                0x00008aa9       0x3b C:/ST/STM32CubeCLT_1.18.0/GNU-tools-for-STM32/bin/../lib/gcc/arm-none-eabi/13.3.1/../../../../arm-none-eabi/lib/thumb/v7e-m+fp/hard\libg.a(libc_a-fini.o)
 .debug_loclists
                0x00008ae4       0x40 C:/ST/STM32CubeCLT_1.18.0/GNU-tools-for-STM32/bin/../lib/gcc/arm-none-eabi/13.3.1/../../../../arm-none-eabi/lib/thumb/v7e-m+fp/hard\libg.a(libc_a-sysconf.o)
 .debug_loclists
                0x00008b24       0x8e C:/ST/STM32CubeCLT_1.18.0/GNU-tools-for-STM32/bin/../lib/gcc/arm-none-eabi/13.3.1/../../../../arm-none-eabi/lib/thumb/v7e-m+fp/hard\libg.a(libc_a-__atexit.o)

.debug_aranges  0x00000000      0xc50
 .debug_aranges
                0x00000000       0x58 CMakeFiles/STM32f411ret6_usart_blinking.elf.dir/Core/Src/main.c.obj
 .debug_aranges
                0x00000058       0x20 CMakeFiles/STM32f411ret6_usart_blinking.elf.dir/Core/Src/sysmem.c.obj
 .debug_aranges
                0x00000078       0x28 CMakeFiles/STM32f411ret6_usart_blinking.elf.dir/Core/Src/system_stm32f4xx.c.obj
 .debug_aranges
                0x000000a0       0x28 CMakeFiles/STM32f411ret6_usart_blinking.elf.dir/Core/Startup/startup_stm32f411retx.s.obj
 .debug_aranges
                0x000000c8      0x2a0 CMakeFiles/STM32f411ret6_usart_blinking.elf.dir/Middlewares/Third_Party/FreeRTOS/Source/CMSIS_RTOS_V2/cmsis_os2.c.obj
 .debug_aranges
                0x00000368       0x90 CMakeFiles/STM32f411ret6_usart_blinking.elf.dir/Middlewares/Third_Party/FreeRTOS/Source/event_groups.c.obj
 .debug_aranges
                0x000003f8       0x40 CMakeFiles/STM32f411ret6_usart_blinking.elf.dir/Middlewares/Third_Party/FreeRTOS/Source/list.c.obj
 .debug_aranges
                0x00000438       0x80 CMakeFiles/STM32f411ret6_usart_blinking.elf.dir/Middlewares/Third_Party/FreeRTOS/Source/portable/GCC/ARM_CM4F/port.c.obj
 .debug_aranges
                0x000004b8       0x58 CMakeFiles/STM32f411ret6_usart_blinking.elf.dir/Middlewares/Third_Party/FreeRTOS/Source/portable/MemMang/heap_4.c.obj
 .debug_aranges
                0x00000510      0x158 CMakeFiles/STM32f411ret6_usart_blinking.elf.dir/Middlewares/Third_Party/FreeRTOS/Source/queue.c.obj
 .debug_aranges
                0x00000668      0x208 CMakeFiles/STM32f411ret6_usart_blinking.elf.dir/Middlewares/Third_Party/FreeRTOS/Source/tasks.c.obj
 .debug_aranges
                0x00000870       0xf0 CMakeFiles/STM32f411ret6_usart_blinking.elf.dir/Middlewares/Third_Party/FreeRTOS/Source/timers.c.obj
 .debug_aranges
                0x00000960       0x78 C:/ST/STM32CubeCLT_1.18.0/GNU-tools-for-STM32/bin/../lib/gcc/arm-none-eabi/13.3.1/../../../../arm-none-eabi/lib/thumb/v7e-m+fp/hard\libg.a(libc_a-findfp.o)
 .debug_aranges
                0x000009d8       0x20 C:/ST/STM32CubeCLT_1.18.0/GNU-tools-for-STM32/bin/../lib/gcc/arm-none-eabi/13.3.1/../../../../arm-none-eabi/lib/thumb/v7e-m+fp/hard\libg.a(libc_a-memset.o)
 .debug_aranges
                0x000009f8       0x20 C:/ST/STM32CubeCLT_1.18.0/GNU-tools-for-STM32/bin/../lib/gcc/arm-none-eabi/13.3.1/../../../../arm-none-eabi/lib/thumb/v7e-m+fp/hard\libg.a(libc_a-reent.o)
 .debug_aranges
                0x00000a18       0x18 C:/ST/STM32CubeCLT_1.18.0/GNU-tools-for-STM32/bin/../lib/gcc/arm-none-eabi/13.3.1/../../../../arm-none-eabi/lib/thumb/v7e-m+fp/hard\libg.a(libc_a-impure.o)
 .debug_aranges
                0x00000a30       0x20 C:/ST/STM32CubeCLT_1.18.0/GNU-tools-for-STM32/bin/../lib/gcc/arm-none-eabi/13.3.1/../../../../arm-none-eabi/lib/thumb/v7e-m+fp/hard\libg.a(libc_a-errno.o)
 .debug_aranges
                0x00000a50       0x20 C:/ST/STM32CubeCLT_1.18.0/GNU-tools-for-STM32/bin/../lib/gcc/arm-none-eabi/13.3.1/../../../../arm-none-eabi/lib/thumb/v7e-m+fp/hard\libg.a(libc_a-init.o)
 .debug_aranges
                0x00000a70       0x68 C:/ST/STM32CubeCLT_1.18.0/GNU-tools-for-STM32/bin/../lib/gcc/arm-none-eabi/13.3.1/../../../../arm-none-eabi/lib/thumb/v7e-m+fp/hard\libg.a(libc_a-lock.o)
 .debug_aranges
                0x00000ad8       0x20 C:/ST/STM32CubeCLT_1.18.0/GNU-tools-for-STM32/bin/../lib/gcc/arm-none-eabi/13.3.1/../../../../arm-none-eabi/lib/thumb/v7e-m+fp/hard\libg.a(libc_a-memcpy-stub.o)
 .debug_aranges
                0x00000af8       0x20 C:/ST/STM32CubeCLT_1.18.0/GNU-tools-for-STM32/bin/../lib/gcc/arm-none-eabi/13.3.1/../../../../arm-none-eabi/lib/thumb/v7e-m+fp/hard\libg.a(libc_a-strlen.o)
 .debug_aranges
                0x00000b18       0x28 C:/ST/STM32CubeCLT_1.18.0/GNU-tools-for-STM32/bin/../lib/gcc/arm-none-eabi/13.3.1/../../../../arm-none-eabi/lib/thumb/v7e-m+fp/hard\libg.a(libc_a-__call_atexit.o)
 .debug_aranges
                0x00000b40       0x20 C:/ST/STM32CubeCLT_1.18.0/GNU-tools-for-STM32/bin/../lib/gcc/arm-none-eabi/13.3.1/../../../../arm-none-eabi/lib/thumb/v7e-m+fp/hard\libg.a(libc_a-atexit.o)
 .debug_aranges
                0x00000b60       0x28 C:/ST/STM32CubeCLT_1.18.0/GNU-tools-for-STM32/bin/../lib/gcc/arm-none-eabi/13.3.1/../../../../arm-none-eabi/lib/thumb/v7e-m+fp/hard\libg.a(libc_a-freer.o)
 .debug_aranges
                0x00000b88       0x20 C:/ST/STM32CubeCLT_1.18.0/GNU-tools-for-STM32/bin/../lib/gcc/arm-none-eabi/13.3.1/../../../../arm-none-eabi/lib/thumb/v7e-m+fp/hard\libg.a(libc_a-mallocr.o)
 .debug_aranges
                0x00000ba8       0x28 C:/ST/STM32CubeCLT_1.18.0/GNU-tools-for-STM32/bin/../lib/gcc/arm-none-eabi/13.3.1/../../../../arm-none-eabi/lib/thumb/v7e-m+fp/hard\libg.a(libc_a-mlock.o)
 .debug_aranges
                0x00000bd0       0x20 C:/ST/STM32CubeCLT_1.18.0/GNU-tools-for-STM32/bin/../lib/gcc/arm-none-eabi/13.3.1/../../../../arm-none-eabi/lib/thumb/v7e-m+fp/hard\libg.a(libc_a-sbrkr.o)
 .debug_aranges
                0x00000bf0       0x20 C:/ST/STM32CubeCLT_1.18.0/GNU-tools-for-STM32/bin/../lib/gcc/arm-none-eabi/13.3.1/../../../../arm-none-eabi/lib/thumb/v7e-m+fp/hard\libg.a(libc_a-fini.o)
 .debug_aranges
                0x00000c10       0x20 C:/ST/STM32CubeCLT_1.18.0/GNU-tools-for-STM32/bin/../lib/gcc/arm-none-eabi/13.3.1/../../../../arm-none-eabi/lib/thumb/v7e-m+fp/hard\libg.a(libc_a-sysconf.o)
 .debug_aranges
                0x00000c30       0x20 C:/ST/STM32CubeCLT_1.18.0/GNU-tools-for-STM32/bin/../lib/gcc/arm-none-eabi/13.3.1/../../../../arm-none-eabi/lib/thumb/v7e-m+fp/hard\libg.a(libc_a-__atexit.o)

.debug_rnglists
                0x00000000      0xa6f
 .debug_rnglists
                0x00000000       0x59 CMakeFiles/STM32f411ret6_usart_blinking.elf.dir/Core/Src/main.c.obj
 .debug_rnglists
                0x00000059       0x13 CMakeFiles/STM32f411ret6_usart_blinking.elf.dir/Core/Src/sysmem.c.obj
 .debug_rnglists
                0x0000006c       0x1a CMakeFiles/STM32f411ret6_usart_blinking.elf.dir/Core/Src/system_stm32f4xx.c.obj
 .debug_rnglists
                0x00000086       0x19 CMakeFiles/STM32f411ret6_usart_blinking.elf.dir/Core/Startup/startup_stm32f411retx.s.obj
 .debug_rnglists
                0x0000009f      0x1fe CMakeFiles/STM32f411ret6_usart_blinking.elf.dir/Middlewares/Third_Party/FreeRTOS/Source/CMSIS_RTOS_V2/cmsis_os2.c.obj
 .debug_rnglists
                0x0000029d       0x85 CMakeFiles/STM32f411ret6_usart_blinking.elf.dir/Middlewares/Third_Party/FreeRTOS/Source/event_groups.c.obj
 .debug_rnglists
                0x00000322       0x2b CMakeFiles/STM32f411ret6_usart_blinking.elf.dir/Middlewares/Third_Party/FreeRTOS/Source/list.c.obj
 .debug_rnglists
                0x0000034d       0x69 CMakeFiles/STM32f411ret6_usart_blinking.elf.dir/Middlewares/Third_Party/FreeRTOS/Source/portable/GCC/ARM_CM4F/port.c.obj
 .debug_rnglists
                0x000003b6       0x3f CMakeFiles/STM32f411ret6_usart_blinking.elf.dir/Middlewares/Third_Party/FreeRTOS/Source/portable/MemMang/heap_4.c.obj
 .debug_rnglists
                0x000003f5      0x170 CMakeFiles/STM32f411ret6_usart_blinking.elf.dir/Middlewares/Third_Party/FreeRTOS/Source/queue.c.obj
 .debug_rnglists
                0x00000565      0x23a CMakeFiles/STM32f411ret6_usart_blinking.elf.dir/Middlewares/Third_Party/FreeRTOS/Source/tasks.c.obj
 .debug_rnglists
                0x0000079f       0xb0 CMakeFiles/STM32f411ret6_usart_blinking.elf.dir/Middlewares/Third_Party/FreeRTOS/Source/timers.c.obj
 .debug_rnglists
                0x0000084f       0x7a C:/ST/STM32CubeCLT_1.18.0/GNU-tools-for-STM32/bin/../lib/gcc/arm-none-eabi/13.3.1/../../../../arm-none-eabi/lib/thumb/v7e-m+fp/hard\libg.a(libc_a-findfp.o)
 .debug_rnglists
                0x000008c9       0x13 C:/ST/STM32CubeCLT_1.18.0/GNU-tools-for-STM32/bin/../lib/gcc/arm-none-eabi/13.3.1/../../../../arm-none-eabi/lib/thumb/v7e-m+fp/hard\libg.a(libc_a-memset.o)
 .debug_rnglists
                0x000008dc       0x2b C:/ST/STM32CubeCLT_1.18.0/GNU-tools-for-STM32/bin/../lib/gcc/arm-none-eabi/13.3.1/../../../../arm-none-eabi/lib/thumb/v7e-m+fp/hard\libg.a(libc_a-reent.o)
 .debug_rnglists
                0x00000907       0x13 C:/ST/STM32CubeCLT_1.18.0/GNU-tools-for-STM32/bin/../lib/gcc/arm-none-eabi/13.3.1/../../../../arm-none-eabi/lib/thumb/v7e-m+fp/hard\libg.a(libc_a-errno.o)
 .debug_rnglists
                0x0000091a       0x13 C:/ST/STM32CubeCLT_1.18.0/GNU-tools-for-STM32/bin/../lib/gcc/arm-none-eabi/13.3.1/../../../../arm-none-eabi/lib/thumb/v7e-m+fp/hard\libg.a(libc_a-init.o)
 .debug_rnglists
                0x0000092d       0x49 C:/ST/STM32CubeCLT_1.18.0/GNU-tools-for-STM32/bin/../lib/gcc/arm-none-eabi/13.3.1/../../../../arm-none-eabi/lib/thumb/v7e-m+fp/hard\libg.a(libc_a-lock.o)
 .debug_rnglists
                0x00000976       0x13 C:/ST/STM32CubeCLT_1.18.0/GNU-tools-for-STM32/bin/../lib/gcc/arm-none-eabi/13.3.1/../../../../arm-none-eabi/lib/thumb/v7e-m+fp/hard\libg.a(libc_a-memcpy-stub.o)
 .debug_rnglists
                0x00000989       0x2a C:/ST/STM32CubeCLT_1.18.0/GNU-tools-for-STM32/bin/../lib/gcc/arm-none-eabi/13.3.1/../../../../arm-none-eabi/lib/thumb/v7e-m+fp/hard\libg.a(libc_a-__call_atexit.o)
 .debug_rnglists
                0x000009b3       0x13 C:/ST/STM32CubeCLT_1.18.0/GNU-tools-for-STM32/bin/../lib/gcc/arm-none-eabi/13.3.1/../../../../arm-none-eabi/lib/thumb/v7e-m+fp/hard\libg.a(libc_a-atexit.o)
 .debug_rnglists
                0x000009c6       0x1b C:/ST/STM32CubeCLT_1.18.0/GNU-tools-for-STM32/bin/../lib/gcc/arm-none-eabi/13.3.1/../../../../arm-none-eabi/lib/thumb/v7e-m+fp/hard\libg.a(libc_a-freer.o)
 .debug_rnglists
                0x000009e1       0x28 C:/ST/STM32CubeCLT_1.18.0/GNU-tools-for-STM32/bin/../lib/gcc/arm-none-eabi/13.3.1/../../../../arm-none-eabi/lib/thumb/v7e-m+fp/hard\libg.a(libc_a-mallocr.o)
 .debug_rnglists
                0x00000a09       0x19 C:/ST/STM32CubeCLT_1.18.0/GNU-tools-for-STM32/bin/../lib/gcc/arm-none-eabi/13.3.1/../../../../arm-none-eabi/lib/thumb/v7e-m+fp/hard\libg.a(libc_a-mlock.o)
 .debug_rnglists
                0x00000a22       0x13 C:/ST/STM32CubeCLT_1.18.0/GNU-tools-for-STM32/bin/../lib/gcc/arm-none-eabi/13.3.1/../../../../arm-none-eabi/lib/thumb/v7e-m+fp/hard\libg.a(libc_a-sbrkr.o)
 .debug_rnglists
                0x00000a35       0x13 C:/ST/STM32CubeCLT_1.18.0/GNU-tools-for-STM32/bin/../lib/gcc/arm-none-eabi/13.3.1/../../../../arm-none-eabi/lib/thumb/v7e-m+fp/hard\libg.a(libc_a-fini.o)
 .debug_rnglists
                0x00000a48       0x13 C:/ST/STM32CubeCLT_1.18.0/GNU-tools-for-STM32/bin/../lib/gcc/arm-none-eabi/13.3.1/../../../../arm-none-eabi/lib/thumb/v7e-m+fp/hard\libg.a(libc_a-sysconf.o)
 .debug_rnglists
                0x00000a5b       0x14 C:/ST/STM32CubeCLT_1.18.0/GNU-tools-for-STM32/bin/../lib/gcc/arm-none-eabi/13.3.1/../../../../arm-none-eabi/lib/thumb/v7e-m+fp/hard\libg.a(libc_a-__atexit.o)

.debug_line     0x00000000     0xdd93
 .debug_line    0x00000000      0x795 CMakeFiles/STM32f411ret6_usart_blinking.elf.dir/Core/Src/main.c.obj
 .debug_line    0x00000795      0x266 CMakeFiles/STM32f411ret6_usart_blinking.elf.dir/Core/Src/sysmem.c.obj
 .debug_line    0x000009fb      0x380 CMakeFiles/STM32f411ret6_usart_blinking.elf.dir/Core/Src/system_stm32f4xx.c.obj
 .debug_line    0x00000d7b       0x7a CMakeFiles/STM32f411ret6_usart_blinking.elf.dir/Core/Startup/startup_stm32f411retx.s.obj
 .debug_line    0x00000df5     0x2e43 CMakeFiles/STM32f411ret6_usart_blinking.elf.dir/Middlewares/Third_Party/FreeRTOS/Source/CMSIS_RTOS_V2/cmsis_os2.c.obj
 .debug_line    0x00003c38      0xb6c CMakeFiles/STM32f411ret6_usart_blinking.elf.dir/Middlewares/Third_Party/FreeRTOS/Source/event_groups.c.obj
 .debug_line    0x000047a4      0x487 CMakeFiles/STM32f411ret6_usart_blinking.elf.dir/Middlewares/Third_Party/FreeRTOS/Source/list.c.obj
 .debug_line    0x00004c2b      0x755 CMakeFiles/STM32f411ret6_usart_blinking.elf.dir/Middlewares/Third_Party/FreeRTOS/Source/portable/GCC/ARM_CM4F/port.c.obj
 .debug_line    0x00005380      0x839 CMakeFiles/STM32f411ret6_usart_blinking.elf.dir/Middlewares/Third_Party/FreeRTOS/Source/portable/MemMang/heap_4.c.obj
 .debug_line    0x00005bb9     0x1e53 CMakeFiles/STM32f411ret6_usart_blinking.elf.dir/Middlewares/Third_Party/FreeRTOS/Source/queue.c.obj
 .debug_line    0x00007a0c     0x29aa CMakeFiles/STM32f411ret6_usart_blinking.elf.dir/Middlewares/Third_Party/FreeRTOS/Source/tasks.c.obj
 .debug_line    0x0000a3b6      0xf45 CMakeFiles/STM32f411ret6_usart_blinking.elf.dir/Middlewares/Third_Party/FreeRTOS/Source/timers.c.obj
 .debug_line    0x0000b2fb      0x5c0 C:/ST/STM32CubeCLT_1.18.0/GNU-tools-for-STM32/bin/../lib/gcc/arm-none-eabi/13.3.1/../../../../arm-none-eabi/lib/thumb/v7e-m+fp/hard\libg.a(libc_a-findfp.o)
 .debug_line    0x0000b8bb      0x17e C:/ST/STM32CubeCLT_1.18.0/GNU-tools-for-STM32/bin/../lib/gcc/arm-none-eabi/13.3.1/../../../../arm-none-eabi/lib/thumb/v7e-m+fp/hard\libg.a(libc_a-memset.o)
 .debug_line    0x0000ba39      0x27f C:/ST/STM32CubeCLT_1.18.0/GNU-tools-for-STM32/bin/../lib/gcc/arm-none-eabi/13.3.1/../../../../arm-none-eabi/lib/thumb/v7e-m+fp/hard\libg.a(libc_a-reent.o)
 .debug_line    0x0000bcb8      0x163 C:/ST/STM32CubeCLT_1.18.0/GNU-tools-for-STM32/bin/../lib/gcc/arm-none-eabi/13.3.1/../../../../arm-none-eabi/lib/thumb/v7e-m+fp/hard\libg.a(libc_a-impure.o)
 .debug_line    0x0000be1b      0x185 C:/ST/STM32CubeCLT_1.18.0/GNU-tools-for-STM32/bin/../lib/gcc/arm-none-eabi/13.3.1/../../../../arm-none-eabi/lib/thumb/v7e-m+fp/hard\libg.a(libc_a-errno.o)
 .debug_line    0x0000bfa0      0x170 C:/ST/STM32CubeCLT_1.18.0/GNU-tools-for-STM32/bin/../lib/gcc/arm-none-eabi/13.3.1/../../../../arm-none-eabi/lib/thumb/v7e-m+fp/hard\libg.a(libc_a-init.o)
 .debug_line    0x0000c110      0x19b C:/ST/STM32CubeCLT_1.18.0/GNU-tools-for-STM32/bin/../lib/gcc/arm-none-eabi/13.3.1/../../../../arm-none-eabi/lib/thumb/v7e-m+fp/hard\libg.a(libc_a-lock.o)
 .debug_line    0x0000c2ab      0x202 C:/ST/STM32CubeCLT_1.18.0/GNU-tools-for-STM32/bin/../lib/gcc/arm-none-eabi/13.3.1/../../../../arm-none-eabi/lib/thumb/v7e-m+fp/hard\libg.a(libc_a-memcpy-stub.o)
 .debug_line    0x0000c4ad       0x4f C:/ST/STM32CubeCLT_1.18.0/GNU-tools-for-STM32/bin/../lib/gcc/arm-none-eabi/13.3.1/../../../../arm-none-eabi/lib/thumb/v7e-m+fp/hard\libg.a(libc_a-strlen.o)
 .debug_line    0x0000c4fc      0x29e C:/ST/STM32CubeCLT_1.18.0/GNU-tools-for-STM32/bin/../lib/gcc/arm-none-eabi/13.3.1/../../../../arm-none-eabi/lib/thumb/v7e-m+fp/hard\libg.a(libc_a-__call_atexit.o)
 .debug_line    0x0000c79a      0x102 C:/ST/STM32CubeCLT_1.18.0/GNU-tools-for-STM32/bin/../lib/gcc/arm-none-eabi/13.3.1/../../../../arm-none-eabi/lib/thumb/v7e-m+fp/hard\libg.a(libc_a-atexit.o)
 .debug_line    0x0000c89c      0x4e4 C:/ST/STM32CubeCLT_1.18.0/GNU-tools-for-STM32/bin/../lib/gcc/arm-none-eabi/13.3.1/../../../../arm-none-eabi/lib/thumb/v7e-m+fp/hard\libg.a(libc_a-freer.o)
 .debug_line    0x0000cd80      0x80b C:/ST/STM32CubeCLT_1.18.0/GNU-tools-for-STM32/bin/../lib/gcc/arm-none-eabi/13.3.1/../../../../arm-none-eabi/lib/thumb/v7e-m+fp/hard\libg.a(libc_a-mallocr.o)
 .debug_line    0x0000d58b      0x1ed C:/ST/STM32CubeCLT_1.18.0/GNU-tools-for-STM32/bin/../lib/gcc/arm-none-eabi/13.3.1/../../../../arm-none-eabi/lib/thumb/v7e-m+fp/hard\libg.a(libc_a-mlock.o)
 .debug_line    0x0000d778      0x21f C:/ST/STM32CubeCLT_1.18.0/GNU-tools-for-STM32/bin/../lib/gcc/arm-none-eabi/13.3.1/../../../../arm-none-eabi/lib/thumb/v7e-m+fp/hard\libg.a(libc_a-sbrkr.o)
 .debug_line    0x0000d997      0x134 C:/ST/STM32CubeCLT_1.18.0/GNU-tools-for-STM32/bin/../lib/gcc/arm-none-eabi/13.3.1/../../../../arm-none-eabi/lib/thumb/v7e-m+fp/hard\libg.a(libc_a-fini.o)
 .debug_line    0x0000dacb      0x123 C:/ST/STM32CubeCLT_1.18.0/GNU-tools-for-STM32/bin/../lib/gcc/arm-none-eabi/13.3.1/../../../../arm-none-eabi/lib/thumb/v7e-m+fp/hard\libg.a(libc_a-sysconf.o)
 .debug_line    0x0000dbee      0x1a5 C:/ST/STM32CubeCLT_1.18.0/GNU-tools-for-STM32/bin/../lib/gcc/arm-none-eabi/13.3.1/../../../../arm-none-eabi/lib/thumb/v7e-m+fp/hard\libg.a(libc_a-__atexit.o)

.debug_str      0x00000000     0x545a
 .debug_str     0x00000000     0x545a CMakeFiles/STM32f411ret6_usart_blinking.elf.dir/Core/Src/main.c.obj
                                0xf0a (size before relaxing)
 .debug_str     0x0000545a      0x2ac CMakeFiles/STM32f411ret6_usart_blinking.elf.dir/Core/Src/sysmem.c.obj
 .debug_str     0x0000545a      0x402 CMakeFiles/STM32f411ret6_usart_blinking.elf.dir/Core/Src/system_stm32f4xx.c.obj
 .debug_str     0x0000545a       0xe3 CMakeFiles/STM32f411ret6_usart_blinking.elf.dir/Core/Startup/startup_stm32f411retx.s.obj