Archive member included to satisfy reference by file (symbol)

C:/ST/STM32CubeCLT_1.18.0/GNU-tools-for-STM32/bin/../lib/gcc/arm-none-eabi/13.3.1/../../../../arm-none-eabi/lib/thumb/v7e-m+fp/hard\libg.a(libc_a-exit.o)
                              C:/ST/STM32CubeCLT_1.18.0/GNU-tools-for-STM32/bin/../lib/gcc/arm-none-eabi/13.3.1/../../../../arm-none-eabi/lib/thumb/v7e-m+fp/hard/crt0.o (exit)
C:/ST/STM32CubeCLT_1.18.0/GNU-tools-for-STM32/bin/../lib/gcc/arm-none-eabi/13.3.1/../../../../arm-none-eabi/lib/thumb/v7e-m+fp/hard\libg.a(libc_a-findfp.o)
                              CMakeFiles/STM32f411ret6_usart_blinking.elf.dir/Middlewares/Third_Party/FreeRTOS/Source/tasks.c.obj (__sf)
C:/ST/STM32CubeCLT_1.18.0/GNU-tools-for-STM32/bin/../lib/gcc/arm-none-eabi/13.3.1/../../../../arm-none-eabi/lib/thumb/v7e-m+fp/hard\libg.a(libc_a-fwalk.o)
                              C:/ST/STM32CubeCLT_1.18.0/GNU-tools-for-STM32/bin/../lib/gcc/arm-none-eabi/13.3.1/../../../../arm-none-eabi/lib/thumb/v7e-m+fp/hard\libg.a(libc_a-findfp.o) (_fwalk_sglue)
C:/ST/STM32CubeCLT_1.18.0/GNU-tools-for-STM32/bin/../lib/gcc/arm-none-eabi/13.3.1/../../../../arm-none-eabi/lib/thumb/v7e-m+fp/hard\libg.a(libc_a-stdio.o)
                              C:/ST/STM32CubeCLT_1.18.0/GNU-tools-for-STM32/bin/../lib/gcc/arm-none-eabi/13.3.1/../../../../arm-none-eabi/lib/thumb/v7e-m+fp/hard\libg.a(libc_a-findfp.o) (__sread)
C:/ST/STM32CubeCLT_1.18.0/GNU-tools-for-STM32/bin/../lib/gcc/arm-none-eabi/13.3.1/../../../../arm-none-eabi/lib/thumb/v7e-m+fp/hard\libg.a(libc_a-memset.o)
                              C:/ST/STM32CubeCLT_1.18.0/GNU-tools-for-STM32/bin/../lib/gcc/arm-none-eabi/13.3.1/../../../../arm-none-eabi/lib/thumb/v7e-m+fp/hard/crt0.o (memset)
C:/ST/STM32CubeCLT_1.18.0/GNU-tools-for-STM32/bin/../lib/gcc/arm-none-eabi/13.3.1/../../../../arm-none-eabi/lib/thumb/v7e-m+fp/hard\libg.a(libc_a-closer.o)
                              C:/ST/STM32CubeCLT_1.18.0/GNU-tools-for-STM32/bin/../lib/gcc/arm-none-eabi/13.3.1/../../../../arm-none-eabi/lib/thumb/v7e-m+fp/hard\libg.a(libc_a-stdio.o) (_close_r)
C:/ST/STM32CubeCLT_1.18.0/GNU-tools-for-STM32/bin/../lib/gcc/arm-none-eabi/13.3.1/../../../../arm-none-eabi/lib/thumb/v7e-m+fp/hard\libg.a(libc_a-reent.o)
                              CMakeFiles/STM32f411ret6_usart_blinking.elf.dir/Middlewares/Third_Party/FreeRTOS/Source/tasks.c.obj (_reclaim_reent)
C:/ST/STM32CubeCLT_1.18.0/GNU-tools-for-STM32/bin/../lib/gcc/arm-none-eabi/13.3.1/../../../../arm-none-eabi/lib/thumb/v7e-m+fp/hard\libg.a(libc_a-impure.o)
                              CMakeFiles/STM32f411ret6_usart_blinking.elf.dir/Middlewares/Third_Party/FreeRTOS/Source/tasks.c.obj (_impure_ptr)
C:/ST/STM32CubeCLT_1.18.0/GNU-tools-for-STM32/bin/../lib/gcc/arm-none-eabi/13.3.1/../../../../arm-none-eabi/lib/thumb/v7e-m+fp/hard\libg.a(libc_a-lseekr.o)
                              C:/ST/STM32CubeCLT_1.18.0/GNU-tools-for-STM32/bin/../lib/gcc/arm-none-eabi/13.3.1/../../../../arm-none-eabi/lib/thumb/v7e-m+fp/hard\libg.a(libc_a-stdio.o) (_lseek_r)
C:/ST/STM32CubeCLT_1.18.0/GNU-tools-for-STM32/bin/../lib/gcc/arm-none-eabi/13.3.1/../../../../arm-none-eabi/lib/thumb/v7e-m+fp/hard\libg.a(libc_a-readr.o)
                              C:/ST/STM32CubeCLT_1.18.0/GNU-tools-for-STM32/bin/../lib/gcc/arm-none-eabi/13.3.1/../../../../arm-none-eabi/lib/thumb/v7e-m+fp/hard\libg.a(libc_a-stdio.o) (_read_r)
C:/ST/STM32CubeCLT_1.18.0/GNU-tools-for-STM32/bin/../lib/gcc/arm-none-eabi/13.3.1/../../../../arm-none-eabi/lib/thumb/v7e-m+fp/hard\libg.a(libc_a-writer.o)
                              C:/ST/STM32CubeCLT_1.18.0/GNU-tools-for-STM32/bin/../lib/gcc/arm-none-eabi/13.3.1/../../../../arm-none-eabi/lib/thumb/v7e-m+fp/hard\libg.a(libc_a-stdio.o) (_write_r)
C:/ST/STM32CubeCLT_1.18.0/GNU-tools-for-STM32/bin/../lib/gcc/arm-none-eabi/13.3.1/../../../../arm-none-eabi/lib/thumb/v7e-m+fp/hard\libg.a(libc_a-errno.o)
                              CMakeFiles/STM32f411ret6_usart_blinking.elf.dir/Core/Src/syscalls.c.obj (__errno)
C:/ST/STM32CubeCLT_1.18.0/GNU-tools-for-STM32/bin/../lib/gcc/arm-none-eabi/13.3.1/../../../../arm-none-eabi/lib/thumb/v7e-m+fp/hard\libg.a(libc_a-init.o)
                              C:/ST/STM32CubeCLT_1.18.0/GNU-tools-for-STM32/bin/../lib/gcc/arm-none-eabi/13.3.1/../../../../arm-none-eabi/lib/thumb/v7e-m+fp/hard/crt0.o (__libc_init_array)
C:/ST/STM32CubeCLT_1.18.0/GNU-tools-for-STM32/bin/../lib/gcc/arm-none-eabi/13.3.1/../../../../arm-none-eabi/lib/thumb/v7e-m+fp/hard\libg.a(libc_a-lock.o)
                              C:/ST/STM32CubeCLT_1.18.0/GNU-tools-for-STM32/bin/../lib/gcc/arm-none-eabi/13.3.1/../../../../arm-none-eabi/lib/thumb/v7e-m+fp/hard\libg.a(libc_a-findfp.o) (__retarget_lock_init_recursive)
C:/ST/STM32CubeCLT_1.18.0/GNU-tools-for-STM32/bin/../lib/gcc/arm-none-eabi/13.3.1/../../../../arm-none-eabi/lib/thumb/v7e-m+fp/hard\libg.a(libc_a-memcpy-stub.o)
                              CMakeFiles/STM32f411ret6_usart_blinking.elf.dir/Core/Src/main.c.obj (memcpy)
[...]
Memory Configuration

Name             Origin             Length             Attributes
RAM              0x20000000         0x00020000         xrw
FLASH            0x08000000         0x00080000         xr
*default*        0x00000000         0xffffffff

Linker script and memory map

LOAD C:/ST/STM32CubeCLT_1.18.0/GNU-tools-for-STM32/bin/../lib/gcc/arm-none-eabi/13.3.1/thumb/v7e-m+fp/hard/crti.o
LOAD C:/ST/STM32CubeCLT_1.18.0/GNU-tools-for-STM32/bin/../lib/gcc/arm-none-eabi/13.3.1/thumb/v7e-m+fp/hard/crtbegin.o
LOAD C:/ST/STM32CubeCLT_1.18.0/GNU-tools-for-STM32/bin/../lib/gcc/arm-none-eabi/13.3.1/../../../../arm-none-eabi/lib/thumb/v7e-m+fp/hard/crt0.o
LOAD CMakeFiles/STM32f411ret6_usart_blinking.elf.dir/Core/Src/freertos.c.obj
LOAD CMakeFiles/STM32f411ret6_usart_blinking.elf.dir/Core/Src/main.c.obj
LOAD CMakeFiles/STM32f411ret6_usart_blinking.elf.dir/Core/Src/syscalls.c.obj
LOAD CMakeFiles/STM32f411ret6_usart_blinking.elf.dir/Core/Src/sysmem.c.obj
LOAD CMakeFiles/STM32f411ret6_usart_blinking.elf.dir/Core/Src/system_stm32f4xx.c.obj
LOAD CMakeFiles/STM32f411ret6_usart_blinking.elf.dir/Core/Startup/startup_stm32f411retx.s.obj
LOAD CMakeFiles/STM32f411ret6_usart_blinking.elf.dir/Middlewares/Third_Party/FreeRTOS/Source/CMSIS_RTOS_V2/cmsis_os2.c.obj
LOAD CMakeFiles/STM32f411ret6_usart_blinking.elf.dir/Middlewares/Third_Party/FreeRTOS/Source/croutine.c.obj
LOAD CMakeFiles/STM32f411ret6_usart_blinking.elf.dir/Middlewares/Third_Party/FreeRTOS/Source/event_groups.c.obj
LOAD CMakeFiles/STM32f411ret6_usart_blinking.elf.dir/Middlewares/Third_Party/FreeRTOS/Source/list.c.obj
LOAD CMakeFiles/STM32f411ret6_usart_blinking.elf.dir/Middlewares/Third_Party/FreeRTOS/Source/portable/GCC/ARM_CM4F/port.c.obj
LOAD CMakeFiles/STM32f411ret6_usart_blinking.elf.dir/Middlewares/Third_Party/FreeRTOS/Source/portable/MemMang/heap_4.c.obj
LOAD CMakeFiles/STM32f411ret6_usart_blinking.elf.dir/Middlewares/Third_Party/FreeRTOS/Source/queue.c.obj
LOAD CMakeFiles/STM32f411ret6_usart_blinking.elf.dir/Middlewares/Third_Party/FreeRTOS/Source/stream_buffer.c.obj
LOAD CMakeFiles/STM32f411ret6_usart_blinking.elf.dir/Middlewares/Third_Party/FreeRTOS/Source/tasks.c.obj
LOAD CMakeFiles/STM32f411ret6_usart_blinking.elf.dir/Middlewares/Third_Party/FreeRTOS/Source/timers.c.obj
START GROUP
LOAD C:/ST/STM32CubeCLT_1.18.0/GNU-tools-for-STM32/bin/../lib/gcc/arm-none-eabi/13.3.1/thumb/v7e-m+fp/hard\libgcc.a
LOAD C:/ST/STM32CubeCLT_1.18.0/GNU-tools-for-STM32/bin/../lib/gcc/arm-none-eabi/13.3.1/../../../../arm-none-eabi/lib/thumb/v7e-m+fp/hard\libg.a
LOAD C:/ST/STM32CubeCLT_1.18.0/GNU-tools-for-STM32/bin/../lib/gcc/arm-none-eabi/13.3.1/../../../../arm-none-eabi/lib/thumb/v7e-m+fp/hard\libc.a
END GROUP
LOAD C:/ST/STM32CubeCLT_1.18.0/GNU-tools-for-STM32/bin/../lib/gcc/arm-none-eabi/13.3.1/thumb/v7e-m+fp/hard/crtend.o
LOAD C:/ST/STM32CubeCLT_1.18.0/GNU-tools-for-STM32/bin/../lib/gcc/arm-none-eabi/13.3.1/thumb/v7e-m+fp/hard/crtn.o
                0x20020000                        _estack = (ORIGIN (RAM) + LENGTH (RAM))
                0x00000200                        _Min_Heap_Size = 0x200
                0x00000400                        _Min_Stack_Size = 0x400

.isr_vector     0x08000000      0x198
                0x08000000                        . = ALIGN (0x4)
 *(.isr_vector)
 .isr_vector    0x08000000      0x198 CMakeFiles/STM32f411ret6_usart_blinking.elf.dir/Core/Startup/startup_stm32f411retx.s.obj
                0x08000000                g_pfnVectors
                0x08000198                        . = ALIGN (0x4)

.text           0x080001a0     0x2d48
                0x080001a0                        . = ALIGN (0x4)
 *(.text)
 .text          0x080001a0       0x40 C:/ST/STM32CubeCLT_1.18.0/GNU-tools-for-STM32/bin/../lib/gcc/arm-none-eabi/13.3.1/thumb/v7e-m+fp/hard/crtbegin.o
 .text          0x080001e0       0x10 C:/ST/STM32CubeCLT_1.18.0/GNU-tools-for-STM32/bin/../lib/gcc/arm-none-eabi/13.3.1/../../../../arm-none-eabi/lib/thumb/v7e-m+fp/hard\libg.a(libc_a-strlen.o)
                0x080001e0                strlen
 *(.text*)
 .text.BlinkingTask
                0x080001f0       0x1c CMakeFiles/STM32f411ret6_usart_blinking.elf.dir/Core/Src/main.c.obj
                0x080001f0                BlinkingTask
 .text.GPIO_Init
                0x0800020c       0x50 CMakeFiles/STM32f411ret6_usart_blinking.elf.dir/Core/Src/main.c.obj
                0x0800020c                GPIO_Init
 .text.USART2_Init
                0x0800025c       0x54 CMakeFiles/STM32f411ret6_usart_blinking.elf.dir/Core/Src/main.c.obj
                0x0800025c                USART2_Init
 .text.USART2_SendStringAsync
                0x080002b0       0x48 CMakeFiles/STM32f411ret6_usart_blinking.elf.dir/Core/Src/main.c.obj
                0x080002b0                USART2_SendStringAsync
 .text.UartTask
                0x080002f8       0x88 CMakeFiles/STM32f411ret6_usart_blinking.elf.dir/Core/Src/main.c.obj
                0x080002f8                UartTask
 .text.USART2_IRQHandler
                0x08000380       0xcc CMakeFiles/STM32f411ret6_usart_blinking.elf.dir/Core/Src/main.c.obj
                0x08000380                USART2_IRQHandler
 .text.SystemClock_Config
                0x0800044c       0x68 CMakeFiles/STM32f411ret6_usart_blinking.elf.dir/Core/Src/main.c.obj
                0x0800044c                SystemClock_Config
 .text.main     0x080004b4       0x78 CMakeFiles/STM32f411ret6_usart_blinking.elf.dir/Core/Src/main.c.obj
                0x080004b4                main
 .text._sbrk    0x0800052c       0x48 CMakeFiles/STM32f411ret6_usart_blinking.elf.dir/Core/Src/sysmem.c.obj
                0x0800052c                _sbrk
 .text.SystemInit
                0x08000574       0x14 CMakeFiles/STM32f411ret6_usart_blinking.elf.dir/Core/Src/system_stm32f4xx.c.obj
                0x08000574                SystemInit
 .text.SystemCoreClockUpdate
                0x08000588       0xa0 CMakeFiles/STM32f411ret6_usart_blinking.elf.dir/Core/Src/system_stm32f4xx.c.obj
                0x08000588                SystemCoreClockUpdate
 .text.Reset_Handler
                0x08000628       0x50 CMakeFiles/STM32f411ret6_usart_blinking.elf.dir/Core/Startup/startup_stm32f411retx.s.obj
                0x08000628                Reset_Handler
 .text.Default_Handler
                0x08000678        0x2 CMakeFiles/STM32f411ret6_usart_blinking.elf.dir/Core/Startup/startup_stm32f411retx.s.obj
                0x08000678                RTC_Alarm_IRQHandler
                0x08000678                EXTI2_IRQHandler
                0x08000678                DebugMon_Handler
                0x08000678                SPI4_IRQHandler
                0x08000678                TIM1_CC_IRQHandler
                0x08000678                DMA2_Stream5_IRQHandler
                0x08000678                HardFault_Handler
                0x08000678                DMA1_Stream5_IRQHandler
                0x08000678                PVD_IRQHandler
                0x08000678                SDIO_IRQHandler
                0x08000678                TAMP_STAMP_IRQHandler
                0x08000678                NMI_Handler
                0x08000678                EXTI3_IRQHandler
                0x08000678                TIM1_UP_TIM10_IRQHandler
                0x08000678                I2C3_ER_IRQHandler
                0x08000678                EXTI0_IRQHandler
                0x08000678                I2C2_EV_IRQHandler
                0x08000678                DMA1_Stream2_IRQHandler
                0x08000678                FPU_IRQHandler
                0x08000678                UsageFault_Handler
                0x08000678                DMA2_Stream2_IRQHandler
                0x08000678                SPI1_IRQHandler
                0x08000678                TIM1_BRK_TIM9_IRQHandler
                0x08000678                DMA2_Stream3_IRQHandler
                0x08000678                USART6_IRQHandler
                0x08000678                DMA2_Stream0_IRQHandler
                0x08000678                TIM4_IRQHandler
                0x08000678                I2C1_EV_IRQHandler
                0x08000678                DMA1_Stream6_IRQHandler
                0x08000678                DMA1_Stream1_IRQHandler
                0x08000678                TIM3_IRQHandler
                0x08000678                RCC_IRQHandler
                0x08000678                Default_Handler
                0x08000678                EXTI15_10_IRQHandler
                0x08000678                ADC_IRQHandler
                0x08000678                DMA1_Stream7_IRQHandler
                0x08000678                SPI5_IRQHandler
                0x08000678                TIM5_IRQHandler
                0x08000678                DMA2_Stream7_IRQHandler
                0x08000678                I2C3_EV_IRQHandler
                0x08000678                EXTI9_5_IRQHandler
                0x08000678                RTC_WKUP_IRQHandler
                0x08000678                SPI2_IRQHandler
                0x08000678                MemManage_Handler
                0x08000678                DMA1_Stream0_IRQHandler
                0x08000678                EXTI4_IRQHandler
                0x08000678                WWDG_IRQHandler
                0x08000678                TIM2_IRQHandler
                0x08000678                OTG_FS_WKUP_IRQHandler
                0x08000678                TIM1_TRG_COM_TIM11_IRQHandler
                0x08000678                EXTI1_IRQHandler
                0x08000678                I2C2_ER_IRQHandler
                0x08000678                DMA2_Stream1_IRQHandler
                0x08000678                FLASH_IRQHandler
                0x08000678                DMA2_Stream4_IRQHandler
                0x08000678                BusFault_Handler
                0x08000678                USART1_IRQHandler
                0x08000678                OTG_FS_IRQHandler
                0x08000678                SPI3_IRQHandler
                0x08000678                DMA1_Stream4_IRQHandler
                0x08000678                I2C1_ER_IRQHandler
                0x08000678                DMA2_Stream6_IRQHandler
                0x08000678                DMA1_Stream3_IRQHandler
 .text.SysTick_Handler
                0x0800067a       0x18 CMakeFiles/STM32f411ret6_usart_blinking.elf.dir/Middlewares/Third_Party/FreeRTOS/Source/CMSIS_RTOS_V2/cmsis_os2.c.obj
                0x0800067a                SysTick_Handler
 *fill*         0x08000692        0x2 
 .text.osKernelInitialize
                0x08000694       0x24 CMakeFiles/STM32f411ret6_usart_blinking.elf.dir/Middlewares/Third_Party/FreeRTOS/Source/CMSIS_RTOS_V2/cmsis_os2.c.obj
                0x08000694                osKernelInitialize
 .text.osKernelStart
                0x080006b8       0x38 CMakeFiles/STM32f411ret6_usart_blinking.elf.dir/Middlewares/Third_Party/FreeRTOS/Source/CMSIS_RTOS_V2/cmsis_os2.c.obj
                0x080006b8                osKernelStart
 .text.osThreadNew
                0x080006f0       0xb6 CMakeFiles/STM32f411ret6_usart_blinking.elf.dir/Middlewares/Third_Party/FreeRTOS/Source/CMSIS_RTOS_V2/cmsis_os2.c.obj
                0x080006f0                osThreadNew
 .text.osDelay  0x080007a6       0x1c CMakeFiles/STM32f411ret6_usart_blinking.elf.dir/Middlewares/Third_Party/FreeRTOS/Source/CMSIS_RTOS_V2/cmsis_os2.c.obj
                0x080007a6                osDelay
 .text.osEventFlagsNew
                0x080007c2       0x44 CMakeFiles/STM32f411ret6_usart_blinking.elf.dir/Middlewares/Third_Party/FreeRTOS/Source/CMSIS_RTOS_V2/cmsis_os2.c.obj
                0x080007c2                osEventFlagsNew
 .text.osEventFlagsSet
                0x08000806       0x5a CMakeFiles/STM32f411ret6_usart_blinking.elf.dir/Middlewares/Third_Party/FreeRTOS/Source/CMSIS_RTOS_V2/cmsis_os2.c.obj
                0x08000806                osEventFlagsSet
 .text.osEventFlagsWait
                0x08000860       0x74 CMakeFiles/STM32f411ret6_usart_blinking.elf.dir/Middlewares/Third_Party/FreeRTOS/Source/CMSIS_RTOS_V2/cmsis_os2.c.obj
                0x08000860                osEventFlagsWait
 .text.osMessageQueueNew
                0x080008d4       0x96 CMakeFiles/STM32f411ret6_usart_blinking.elf.dir/Middlewares/Third_Party/FreeRTOS/Source/CMSIS_RTOS_V2/cmsis_os2.c.obj
                0x080008d4                osMessageQueueNew
 .text.osMessageQueuePut
                0x0800096a       0x84 CMakeFiles/STM32f411ret6_usart_blinking.elf.dir/Middlewares/Third_Party/FreeRTOS/Source/CMSIS_RTOS_V2/cmsis_os2.c.obj
                0x0800096a                osMessageQueuePut
 .text.osMessageQueueGet
                0x080009ee       0x82 CMakeFiles/STM32f411ret6_usart_blinking.elf.dir/Middlewares/Third_Party/FreeRTOS/Source/CMSIS_RTOS_V2/cmsis_os2.c.obj
                0x080009ee                osMessageQueueGet
 .text.vApplicationGetIdleTaskMemory
                0x08000a70       0x18 CMakeFiles/STM32f411ret6_usart_blinking.elf.dir/Middlewares/Third_Party/FreeRTOS/Source/CMSIS_RTOS_V2/cmsis_os2.c.obj
                0x08000a70                vApplicationGetIdleTaskMemory
 .text.vApplicationGetTimerTaskMemory
                0x08000a88       0x18 CMakeFiles/STM32f411ret6_usart_blinking.elf.dir/Middlewares/Third_Party/FreeRTOS/Source/CMSIS_RTOS_V2/cmsis_os2.c.obj
                0x08000a88                vApplicationGetTimerTaskMemory
 .text.prvTestWaitCondition
                0x08000aa0       0x1a CMakeFiles/STM32f411ret6_usart_blinking.elf.dir/Middlewares/Third_Party/FreeRTOS/Source/event_groups.c.obj
 .text.xEventGroupCreateStatic
                0x08000aba       0x4a CMakeFiles/STM32f411ret6_usart_blinking.elf.dir/Middlewares/Third_Party/FreeRTOS/Source/event_groups.c.obj
                0x08000aba                xEventGroupCreateStatic
 .text.xEventGroupCreate
                0x08000b04       0x1c CMakeFiles/STM32f411ret6_usart_blinking.elf.dir/Middlewares/Third_Party/FreeRTOS/Source/event_groups.c.obj
                0x08000b04                xEventGroupCreate
 .text.xEventGroupWaitBits
                0x08000b20      0x10a CMakeFiles/STM32f411ret6_usart_blinking.elf.dir/Middlewares/Third_Party/FreeRTOS/Source/event_groups.c.obj
                0x08000b20                xEventGroupWaitBits
 .text.xEventGroupSetBits
                0x08000c2a       0x8e CMakeFiles/STM32f411ret6_usart_blinking.elf.dir/Middlewares/Third_Party/FreeRTOS/Source/event_groups.c.obj
                0x08000c2a                xEventGroupSetBits
 .text.vEventGroupSetBitsCallback
                0x08000cb8        0x8 CMakeFiles/STM32f411ret6_usart_blinking.elf.dir/Middlewares/Third_Party/FreeRTOS/Source/event_groups.c.obj
                0x08000cb8                vEventGroupSetBitsCallback
 .text.xEventGroupSetBitsFromISR
                0x08000cc0       0x14 CMakeFiles/STM32f411ret6_usart_blinking.elf.dir/Middlewares/Third_Party/FreeRTOS/Source/event_groups.c.obj
                0x08000cc0                xEventGroupSetBitsFromISR
 .text.vListInitialise
                0x08000cd4       0x16 CMakeFiles/STM32f411ret6_usart_blinking.elf.dir/Middlewares/Third_Party/FreeRTOS/Source/list.c.obj
                0x08000cd4                vListInitialise
 .text.vListInitialiseItem
                0x08000cea        0x6 CMakeFiles/STM32f411ret6_usart_blinking.elf.dir/Middlewares/Third_Party/FreeRTOS/Source/list.c.obj
                0x08000cea                vListInitialiseItem
 .text.vListInsertEnd
                0x08000cf0       0x16 CMakeFiles/STM32f411ret6_usart_blinking.elf.dir/Middlewares/Third_Party/FreeRTOS/Source/list.c.obj
                0x08000cf0                vListInsertEnd
 .text.vListInsert
                0x08000d06       0x32 CMakeFiles/STM32f411ret6_usart_blinking.elf.dir/Middlewares/Third_Party/FreeRTOS/Source/list.c.obj
                0x08000d06                vListInsert
 .text.uxListRemove
                0x08000d38       0x26 CMakeFiles/STM32f411ret6_usart_blinking.elf.dir/Middlewares/Third_Party/FreeRTOS/Source/list.c.obj
                0x08000d38                uxListRemove
 *fill*         0x08000d5e        0x2 
 .text.prvTaskExitError
                0x08000d60       0x40 CMakeFiles/STM32f411ret6_usart_blinking.elf.dir/Middlewares/Third_Party/FreeRTOS/Source/portable/GCC/ARM_CM4F/port.c.obj
 .text.prvPortStartFirstTask
                0x08000da0       0x28 CMakeFiles/STM32f411ret6_usart_blinking.elf.dir/Middlewares/Third_Party/FreeRTOS/Source/portable/GCC/ARM_CM4F/port.c.obj
 .text.vPortEnableVFP
                0x08000dc8       0x14 CMakeFiles/STM32f411ret6_usart_blinking.elf.dir/Middlewares/Third_Party/FreeRTOS/Source/portable/GCC/ARM_CM4F/port.c.obj
 .text.pxPortInitialiseStack
                0x08000ddc       0x2c CMakeFiles/STM32f411ret6_usart_blinking.elf.dir/Middlewares/Third_Party/FreeRTOS/Source/portable/GCC/ARM_CM4F/port.c.obj
                0x08000ddc                pxPortInitialiseStack
 *fill*         0x08000e08        0x8 
 .text.SVC_Handler
                0x08000e10       0x24 CMakeFiles/STM32f411ret6_usart_blinking.elf.dir/Middlewares/Third_Party/FreeRTOS/Source/portable/GCC/ARM_CM4F/port.c.obj
                0x08000e10                SVC_Handler
 .text.vPortEnterCritical
                0x08000e34       0x44 CMakeFiles/STM32f411ret6_usart_blinking.elf.dir/Middlewares/Third_Party/FreeRTOS/Source/portable/GCC/ARM_CM4F/port.c.obj
                0x08000e34                vPortEnterCritical
 .text.vPortExitCritical
                0x08000e78       0x2c CMakeFiles/STM32f411ret6_usart_blinking.elf.dir/Middlewares/Third_Party/FreeRTOS/Source/portable/GCC/ARM_CM4F/port.c.obj
                0x08000e78                vPortExitCritical
 *fill*         0x08000ea4        0xc 
 .text.PendSV_Handler
                0x08000eb0       0x64 CMakeFiles/STM32f411ret6_usart_blinking.elf.dir/Middlewares/Third_Party/FreeRTOS/Source/portable/GCC/ARM_CM4F/port.c.obj
                0x08000eb0                PendSV_Handler
 .text.xPortSysTickHandler
                0x08000f14       0x2c CMakeFiles/STM32f411ret6_usart_blinking.elf.dir/Middlewares/Third_Party/FreeRTOS/Source/portable/GCC/ARM_CM4F/port.c.obj
                0x08000f14                xPortSysTickHandler
 .text.vPortSetupTimerInterrupt
                0x08000f40       0x28 CMakeFiles/STM32f411ret6_usart_blinking.elf.dir/Middlewares/Third_Party/FreeRTOS/Source/portable/GCC/ARM_CM4F/port.c.obj
                0x08000f40                vPortSetupTimerInterrupt
 .text.xPortStartScheduler
                0x08000f68      0x118 CMakeFiles/STM32f411ret6_usart_blinking.elf.dir/Middlewares/Third_Party/FreeRTOS/Source/portable/GCC/ARM_CM4F/port.c.obj
                0x08000f68                xPortStartScheduler
 .text.vPortValidateInterruptPriority
                0x08001080       0x5c CMakeFiles/STM32f411ret6_usart_blinking.elf.dir/Middlewares/Third_Party/FreeRTOS/Source/portable/GCC/ARM_CM4F/port.c.obj
                0x08001080                vPortValidateInterruptPriority
 .text.prvHeapInit
                0x080010dc       0x64 CMakeFiles/STM32f411ret6_usart_blinking.elf.dir/Middlewares/Third_Party/FreeRTOS/Source/portable/MemMang/heap_4.c.obj
 .text.prvInsertBlockIntoFreeList
                0x08001140       0x64 CMakeFiles/STM32f411ret6_usart_blinking.elf.dir/Middlewares/Third_Party/FreeRTOS/Source/portable/MemMang/heap_4.c.obj
 .text.pvPortMalloc
                0x080011a4      0x104 CMakeFiles/STM32f411ret6_usart_blinking.elf.dir/Middlewares/Third_Party/FreeRTOS/Source/portable/MemMang/heap_4.c.obj
                0x080011a4                pvPortMalloc
 .text.vPortFree
                0x080012a8       0x7c CMakeFiles/STM32f411ret6_usart_blinking.elf.dir/Middlewares/Third_Party/FreeRTOS/Source/portable/MemMang/heap_4.c.obj
                0x080012a8                vPortFree
 .text.prvIsQueueFull
                0x08001324       0x1e CMakeFiles/STM32f411ret6_usart_blinking.elf.dir/Middlewares/Third_Party/FreeRTOS/Source/queue.c.obj
 .text.prvIsQueueEmpty
                0x08001342       0x1a CMakeFiles/STM32f411ret6_usart_blinking.elf.dir/Middlewares/Third_Party/FreeRTOS/Source/queue.c.obj
 .text.prvCopyDataToQueue
                0x0800135c       0x76 CMakeFiles/STM32f411ret6_usart_blinking.elf.dir/Middlewares/Third_Party/FreeRTOS/Source/queue.c.obj
 .text.prvCopyDataFromQueue
                0x080013d2       0x24 CMakeFiles/STM32f411ret6_usart_blinking.elf.dir/Middlewares/Third_Party/FreeRTOS/Source/queue.c.obj
 .text.prvUnlockQueue
                0x080013f6       0x6e CMakeFiles/STM32f411ret6_usart_blinking.elf.dir/Middlewares/Third_Party/FreeRTOS/Source/queue.c.obj
 .text.xQueueGenericReset
                0x08001464       0x84 CMakeFiles/STM32f411ret6_usart_blinking.elf.dir/Middlewares/Third_Party/FreeRTOS/Source/queue.c.obj
                0x08001464                xQueueGenericReset
 .text.prvInitialiseNewQueue
                0x080014e8       0x22 CMakeFiles/STM32f411ret6_usart_blinking.elf.dir/Middlewares/Third_Party/FreeRTOS/Source/queue.c.obj
 .text.xQueueGenericCreateStatic
                0x0800150a       0x94 CMakeFiles/STM32f411ret6_usart_blinking.elf.dir/Middlewares/Third_Party/FreeRTOS/Source/queue.c.obj
                0x0800150a                xQueueGenericCreateStatic
 .text.xQueueGenericCreate
                0x0800159e       0x48 CMakeFiles/STM32f411ret6_usart_blinking.elf.dir/Middlewares/Third_Party/FreeRTOS/Source/queue.c.obj
                0x0800159e                xQueueGenericCreate
 .text.xQueueGenericSend
                0x080015e6      0x188 CMakeFiles/STM32f411ret6_usart_blinking.elf.dir/Middlewares/Third_Party/FreeRTOS/Source/queue.c.obj
                0x080015e6                xQueueGenericSend
 .text.xQueueGenericSendFromISR
                0x0800176e       0xce CMakeFiles/STM32f411ret6_usart_blinking.elf.dir/Middlewares/Third_Party/FreeRTOS/Source/queue.c.obj
                0x0800176e                xQueueGenericSendFromISR
 .text.xQueueReceive
                0x0800183c      0x15e CMakeFiles/STM32f411ret6_usart_blinking.elf.dir/Middlewares/Third_Party/FreeRTOS/Source/queue.c.obj
                0x0800183c                xQueueReceive
 .text.xQueueReceiveFromISR
                0x0800199a       0xae CMakeFiles/STM32f411ret6_usart_blinking.elf.dir/Middlewares/Third_Party/FreeRTOS/Source/queue.c.obj
                0x0800199a                xQueueReceiveFromISR
 .text.vQueueAddToRegistry
                0x08001a48       0x28 CMakeFiles/STM32f411ret6_usart_blinking.elf.dir/Middlewares/Third_Party/FreeRTOS/Source/queue.c.obj
                0x08001a48                vQueueAddToRegistry
 .text.vQueueWaitForMessageRestricted
                0x08001a70       0x52 CMakeFiles/STM32f411ret6_usart_blinking.elf.dir/Middlewares/Third_Party/FreeRTOS/Source/queue.c.obj
                0x08001a70                vQueueWaitForMessageRestricted
 *fill*         0x08001ac2        0x2 
 .text.prvResetNextTaskUnblockTime
                0x08001ac4       0x2c CMakeFiles/STM32f411ret6_usart_blinking.elf.dir/Middlewares/Third_Party/FreeRTOS/Source/tasks.c.obj
 .text.prvInitialiseNewTask
                0x08001af0      0x104 CMakeFiles/STM32f411ret6_usart_blinking.elf.dir/Middlewares/Third_Party/FreeRTOS/Source/tasks.c.obj
 .text.prvInitialiseTaskLists
                0x08001bf4       0x68 CMakeFiles/STM32f411ret6_usart_blinking.elf.dir/Middlewares/Third_Party/FreeRTOS/Source/tasks.c.obj
 .text.prvAddNewTaskToReadyList
                0x08001c5c       0xac CMakeFiles/STM32f411ret6_usart_blinking.elf.dir/Middlewares/Third_Party/FreeRTOS/Source/tasks.c.obj
 .text.prvDeleteTCB
                0x08001d08       0x40 CMakeFiles/STM32f411ret6_usart_blinking.elf.dir/Middlewares/Third_Party/FreeRTOS/Source/tasks.c.obj
 .text.prvCheckTasksWaitingTermination
                0x08001d48       0x4c CMakeFiles/STM32f411ret6_usart_blinking.elf.dir/Middlewares/Third_Party/FreeRTOS/Source/tasks.c.obj
 .text.prvIdleTask
                0x08001d94       0x28 CMakeFiles/STM32f411ret6_usart_blinking.elf.dir/Middlewares/Third_Party/FreeRTOS/Source/tasks.c.obj
 .text.prvAddCurrentTaskToDelayedList
                0x08001dbc       0x7c CMakeFiles/STM32f411ret6_usart_blinking.elf.dir/Middlewares/Third_Party/FreeRTOS/Source/tasks.c.obj
 .text.xTaskCreateStatic
                0x08001e38       0x7a CMakeFiles/STM32f411ret6_usart_blinking.elf.dir/Middlewares/Third_Party/FreeRTOS/Source/tasks.c.obj
                0x08001e38                xTaskCreateStatic
 .text.xTaskCreate
                0x08001eb2       0x66 CMakeFiles/STM32f411ret6_usart_blinking.elf.dir/Middlewares/Third_Party/FreeRTOS/Source/tasks.c.obj
                0x08001eb2                xTaskCreate
 .text.vTaskStartScheduler
                0x08001f18       0xac CMakeFiles/STM32f411ret6_usart_blinking.elf.dir/Middlewares/Third_Party/FreeRTOS/Source/tasks.c.obj
                0x08001f18                vTaskStartScheduler
 .text.vTaskSuspendAll
                0x08001fc4       0x10 CMakeFiles/STM32f411ret6_usart_blinking.elf.dir/Middlewares/Third_Party/FreeRTOS/Source/tasks.c.obj
                0x08001fc4                vTaskSuspendAll
 .text.xTaskGetTickCount
                0x08001fd4        0xc CMakeFiles/STM32f411ret6_usart_blinking.elf.dir/Middlewares/Third_Party/FreeRTOS/Source/tasks.c.obj
                0x08001fd4                xTaskGetTickCount
 .text.xTaskIncrementTick
                0x08001fe0      0x118 CMakeFiles/STM32f411ret6_usart_blinking.elf.dir/Middlewares/Third_Party/FreeRTOS/Source/tasks.c.obj
                0x08001fe0                xTaskIncrementTick
 .text.xTaskResumeAll
                0x080020f8       0xf8 CMakeFiles/STM32f411ret6_usart_blinking.elf.dir/Middlewares/Third_Party/FreeRTOS/Source/tasks.c.obj
                0x080020f8                xTaskResumeAll
 .text.vTaskDelay
                0x080021f0       0x4c CMakeFiles/STM32f411ret6_usart_blinking.elf.dir/Middlewares/Third_Party/FreeRTOS/Source/tasks.c.obj
                0x080021f0                vTaskDelay
 .text.vTaskSwitchContext
                0x0800223c       0xa4 CMakeFiles/STM32f411ret6_usart_blinking.elf.dir/Middlewares/Third_Party/FreeRTOS/Source/tasks.c.obj
                0x0800223c                vTaskSwitchContext
 .text.vTaskPlaceOnEventList
                0x080022e0       0x30 CMakeFiles/STM32f411ret6_usart_blinking.elf.dir/Middlewares/Third_Party/FreeRTOS/Source/tasks.c.obj
                0x080022e0                vTaskPlaceOnEventList
 .text.vTaskPlaceOnUnorderedEventList
                0x08002310       0x58 CMakeFiles/STM32f411ret6_usart_blinking.elf.dir/Middlewares/Third_Party/FreeRTOS/Source/tasks.c.obj
                0x08002310                vTaskPlaceOnUnorderedEventList
 .text.vTaskPlaceOnEventListRestricted
                0x08002368       0x38 CMakeFiles/STM32f411ret6_usart_blinking.elf.dir/Middlewares/Third_Party/FreeRTOS/Source/tasks.c.obj
                0x08002368                vTaskPlaceOnEventListRestricted
 .text.xTaskRemoveFromEventList
                0x080023a0       0x8c CMakeFiles/STM32f411ret6_usart_blinking.elf.dir/Middlewares/Third_Party/FreeRTOS/Source/tasks.c.obj
                0x080023a0                xTaskRemoveFromEventList
 .text.vTaskRemoveFromUnorderedEventList
                0x0800242c       0x88 CMakeFiles/STM32f411ret6_usart_blinking.elf.dir/Middlewares/Third_Party/FreeRTOS/Source/tasks.c.obj
                0x0800242c                vTaskRemoveFromUnorderedEventList
 .text.vTaskInternalSetTimeOutState
                0x080024b4       0x18 CMakeFiles/STM32f411ret6_usart_blinking.elf.dir/Middlewares/Third_Party/FreeRTOS/Source/tasks.c.obj
                0x080024b4                vTaskInternalSetTimeOutState
 .text.xTaskCheckForTimeOut
                0x080024cc       0x84 CMakeFiles/STM32f411ret6_usart_blinking.elf.dir/Middlewares/Third_Party/FreeRTOS/Source/tasks.c.obj
                0x080024cc                xTaskCheckForTimeOut
 .text.vTaskMissedYield
                0x08002550        0xc CMakeFiles/STM32f411ret6_usart_blinking.elf.dir/Middlewares/Third_Party/FreeRTOS/Source/tasks.c.obj
                0x08002550                vTaskMissedYield
 .text.xTaskGetSchedulerState
                0x0800255c       0x20 CMakeFiles/STM32f411ret6_usart_blinking.elf.dir/Middlewares/Third_Party/FreeRTOS/Source/tasks.c.obj
                0x0800255c                xTaskGetSchedulerState
 .text.xTaskPriorityDisinherit
                0x0800257c       0x90 CMakeFiles/STM32f411ret6_usart_blinking.elf.dir/Middlewares/Third_Party/FreeRTOS/Source/tasks.c.obj
                0x0800257c                xTaskPriorityDisinherit
 .text.uxTaskResetEventItemValue
                0x0800260c       0x18 CMakeFiles/STM32f411ret6_usart_blinking.elf.dir/Middlewares/Third_Party/FreeRTOS/Source/tasks.c.obj
                0x0800260c                uxTaskResetEventItemValue
 .text.prvGetNextExpireTime
                0x08002624       0x20 CMakeFiles/STM32f411ret6_usart_blinking.elf.dir/Middlewares/Third_Party/FreeRTOS/Source/timers.c.obj
 .text.prvInsertTimerInActiveList
                0x08002644       0x48 CMakeFiles/STM32f411ret6_usart_blinking.elf.dir/Middlewares/Third_Party/FreeRTOS/Source/timers.c.obj
 .text.prvCheckForValidListAndQueue
                0x0800268c       0x70 CMakeFiles/STM32f411ret6_usart_blinking.elf.dir/Middlewares/Third_Party/FreeRTOS/Source/timers.c.obj
 .text.xTimerCreateTimerTask
                0x080026fc       0x64 CMakeFiles/STM32f411ret6_usart_blinking.elf.dir/Middlewares/Third_Party/FreeRTOS/Source/timers.c.obj
                0x080026fc                xTimerCreateTimerTask
 .text.xTimerGenericCommand
                0x08002760       0x6c CMakeFiles/STM32f411ret6_usart_blinking.elf.dir/Middlewares/Third_Party/FreeRTOS/Source/timers.c.obj
                0x08002760                xTimerGenericCommand
 .text.prvSwitchTimerLists
                0x080027cc       0x7c CMakeFiles/STM32f411ret6_usart_blinking.elf.dir/Middlewares/Third_Party/FreeRTOS/Source/timers.c.obj
 .text.prvSampleTimeNow
                0x08002848       0x2c CMakeFiles/STM32f411ret6_usart_blinking.elf.dir/Middlewares/Third_Party/FreeRTOS/Source/timers.c.obj
 .text.prvProcessExpiredTimer
                0x08002874       0x6c CMakeFiles/STM32f411ret6_usart_blinking.elf.dir/Middlewares/Third_Party/FreeRTOS/Source/timers.c.obj
 .text.prvProcessTimerOrBlockTask
                0x080028e0       0x74 CMakeFiles/STM32f411ret6_usart_blinking.elf.dir/Middlewares/Third_Party/FreeRTOS/Source/timers.c.obj
 .text.prvProcessReceivedCommands
                0x08002954      0x10c CMakeFiles/STM32f411ret6_usart_blinking.elf.dir/Middlewares/Third_Party/FreeRTOS/Source/timers.c.obj
 .text.prvTimerTask
                0x08002a60       0x16 CMakeFiles/STM32f411ret6_usart_blinking.elf.dir/Middlewares/Third_Party/FreeRTOS/Source/timers.c.obj
 *fill*         0x08002a76        0x2 
 .text.xTimerPendFunctionCallFromISR
                0x08002a78       0x28 CMakeFiles/STM32f411ret6_usart_blinking.elf.dir/Middlewares/Third_Party/FreeRTOS/Source/timers.c.obj
                0x08002a78                xTimerPendFunctionCallFromISR
 .text.memset   0x08002aa0       0x10 C:/ST/STM32CubeCLT_1.18.0/GNU-tools-for-STM32/bin/../lib/gcc/arm-none-eabi/13.3.1/../../../../arm-none-eabi/lib/thumb/v7e-m+fp/hard\libg.a(libc_a-memset.o)
                0x08002aa0                memset
 .text._reclaim_reent
                0x08002ab0       0x68 C:/ST/STM32CubeCLT_1.18.0/GNU-tools-for-STM32/bin/../lib/gcc/arm-none-eabi/13.3.1/../../../../arm-none-eabi/lib/thumb/v7e-m+fp/hard\libg.a(libc_a-reent.o)
                0x08002ab0                _reclaim_reent
 .text.__errno  0x08002b18        0xc C:/ST/STM32CubeCLT_1.18.0/GNU-tools-for-STM32/bin/../lib/gcc/arm-none-eabi/13.3.1/../../../../arm-none-eabi/lib/thumb/v7e-m+fp/hard\libg.a(libc_a-errno.o)
                0x08002b18                __errno
 .text.__libc_init_array
                0x08002b24       0x48 C:/ST/STM32CubeCLT_1.18.0/GNU-tools-for-STM32/bin/../lib/gcc/arm-none-eabi/13.3.1/../../../../arm-none-eabi/lib/thumb/v7e-m+fp/hard\libg.a(libc_a-init.o)
                0x08002b24                __libc_init_array
 .text.__retarget_lock_acquire_recursive
                0x08002b6c        0x2 C:/ST/STM32CubeCLT_1.18.0/GNU-tools-for-STM32/bin/../lib/gcc/arm-none-eabi/13.3.1/../../../../arm-none-eabi/lib/thumb/v7e-m+fp/hard\libg.a(libc_a-lock.o)
                0x08002b6c                __retarget_lock_acquire_recursive
 .text.__retarget_lock_release_recursive
                0x08002b6e        0x2 C:/ST/STM32CubeCLT_1.18.0/GNU-tools-for-STM32/bin/../lib/gcc/arm-none-eabi/13.3.1/../../../../arm-none-eabi/lib/thumb/v7e-m+fp/hard\libg.a(libc_a-lock.o)
                0x08002b6e                __retarget_lock_release_recursive
 .text.memcpy   0x08002b70       0x1c C:/ST/STM32CubeCLT_1.18.0/GNU-tools-for-STM32/bin/../lib/gcc/arm-none-eabi/13.3.1/../../../../arm-none-eabi/lib/thumb/v7e-m+fp/hard\libg.a(libc_a-memcpy-stub.o)
                0x08002b70                memcpy
 .text.startup.register_fini
                0x08002b8c       0x14 C:/ST/STM32CubeCLT_1.18.0/GNU-tools-for-STM32/bin/../lib/gcc/arm-none-eabi/13.3.1/../../../../arm-none-eabi/lib/thumb/v7e-m+fp/hard\libg.a(libc_a-__call_atexit.o)
 .text.atexit   0x08002ba0        0xc C:/ST/STM32CubeCLT_1.18.0/GNU-tools-for-STM32/bin/../lib/gcc/arm-none-eabi/13.3.1/../../../../arm-none-eabi/lib/thumb/v7e-m+fp/hard\libg.a(libc_a-atexit.o)
                0x08002ba0                atexit
 .text._malloc_trim_r
                0x08002bac       0xac C:/ST/STM32CubeCLT_1.18.0/GNU-tools-for-STM32/bin/../lib/gcc/arm-none-eabi/13.3.1/../../../../arm-none-eabi/lib/thumb/v7e-m+fp/hard\libg.a(libc_a-freer.o)
                0x08002bac                _malloc_trim_r
 .text._free_r  0x08002c58      0x180 C:/ST/STM32CubeCLT_1.18.0/GNU-tools-for-STM32/bin/../lib/gcc/arm-none-eabi/13.3.1/../../../../arm-none-eabi/lib/thumb/v7e-m+fp/hard\libg.a(libc_a-freer.o)
                0x08002c58                _free_r
 .text.__malloc_lock
                0x08002dd8        0xc C:/ST/STM32CubeCLT_1.18.0/GNU-tools-for-STM32/bin/../lib/gcc/arm-none-eabi/13.3.1/../../../../arm-none-eabi/lib/thumb/v7e-m+fp/hard\libg.a(libc_a-mlock.o)
                0x08002dd8                __malloc_lock
 .text.__malloc_unlock
                0x08002de4        0xc C:/ST/STM32CubeCLT_1.18.0/GNU-tools-for-STM32/bin/../lib/gcc/arm-none-eabi/13.3.1/../../../../arm-none-eabi/lib/thumb/v7e-m+fp/hard\libg.a(libc_a-mlock.o)
                0x08002de4                __malloc_unlock
 .text._sbrk_r  0x08002df0       0x20 C:/ST/STM32CubeCLT_1.18.0/GNU-tools-for-STM32/bin/../lib/gcc/arm-none-eabi/13.3.1/../../../../arm-none-eabi/lib/thumb/v7e-m+fp/hard\libg.a(libc_a-sbrkr.o)
                0x08002df0                _sbrk_r
 .text.__libc_fini_array
                0x08002e10       0x28 C:/ST/STM32CubeCLT_1.18.0/GNU-tools-for-STM32/bin/../lib/gcc/arm-none-eabi/13.3.1/../../../../arm-none-eabi/lib/thumb/v7e-m+fp/hard\libg.a(libc_a-fini.o)
                0x08002e10                __libc_fini_array
 .text.sysconf  0x08002e38       0x18 C:/ST/STM32CubeCLT_1.18.0/GNU-tools-for-STM32/bin/../lib/gcc/arm-none-eabi/13.3.1/../../../../arm-none-eabi/lib/thumb/v7e-m+fp/hard\libg.a(libc_a-sysconf.o)
                0x08002e38                sysconf
 .text.__register_exitproc
                0x08002e50       0x80 C:/ST/STM32CubeCLT_1.18.0/GNU-tools-for-STM32/bin/../lib/gcc/arm-none-eabi/13.3.1/../../../../arm-none-eabi/lib/thumb/v7e-m+fp/hard\libg.a(libc_a-__atexit.o)
                0x08002e50                __register_exitproc
 *(.glue_7)
 .glue_7        0x08002ed0        0x0 linker stubs
 *(.glue_7t)
 .glue_7t       0x08002ed0        0x0 linker stubs
 *(.eh_frame)
 .eh_frame      0x08002ed0        0x0 C:/ST/STM32CubeCLT_1.18.0/GNU-tools-for-STM32/bin/../lib/gcc/arm-none-eabi/13.3.1/thumb/v7e-m+fp/hard/crtbegin.o
 *(.init)
 .init          0x08002ed0        0x4 C:/ST/STM32CubeCLT_1.18.0/GNU-tools-for-STM32/bin/../lib/gcc/arm-none-eabi/13.3.1/thumb/v7e-m+fp/hard/crti.o
                0x08002ed0                _init
 .init          0x08002ed4        0x8 C:/ST/STM32CubeCLT_1.18.0/GNU-tools-for-STM32/bin/../lib/gcc/arm-none-eabi/13.3.1/thumb/v7e-m+fp/hard/crtn.o
 *(.fini)
 .fini          0x08002edc        0x4 C:/ST/STM32CubeCLT_1.18.0/GNU-tools-for-STM32/bin/../lib/gcc/arm-none-eabi/13.3.1/thumb/v7e-m+fp/hard/crti.o
                0x08002edc                _fini
 .fini          0x08002ee0        0x8 C:/ST/STM32CubeCLT_1.18.0/GNU-tools-for-STM32/bin/../lib/gcc/arm-none-eabi/13.3.1/thumb/v7e-m+fp/hard/crtn.o
                0x08002ee8                        . = ALIGN (0x4)
                0x08002ee8                        _etext = .

.vfp11_veneer   0x08002ee8        0x0
 .vfp11_veneer  0x08002ee8        0x0 linker stubs

.v4_bx          0x08002ee8        0x0
 .v4_bx         0x08002ee8        0x0 linker stubs

.iplt           0x08002ee8        0x0
 .iplt          0x08002ee8        0x0 C:/ST/STM32CubeCLT_1.18.0/GNU-tools-for-STM32/bin/../lib/gcc/arm-none-eabi/13.3.1/thumb/v7e-m+fp/hard/crtbegin.o

.rodata         0x08002ee8       0x6c
                0x08002ee8                        . = ALIGN (0x4)
 *(.rodata)
 *(.rodata*)
 .rodata.UartTask.str1.4
                0x08002ee8       0x5c CMakeFiles/STM32f411ret6_usart_blinking.elf.dir/Core/Src/main.c.obj
                                 0x43 (size before relaxing)
 .rodata.AHBPrescTable
                0x08002f44       0x10 CMakeFiles/STM32f411ret6_usart_blinking.elf.dir/Core/Src/system_stm32f4xx.c.obj
                0x08002f44                AHBPrescTable
 .rodata.vTaskStartScheduler.str1.4
                0x08002f54        0x5 CMakeFiles/STM32f411ret6_usart_blinking.elf.dir/Middlewares/Third_Party/FreeRTOS/Source/tasks.c.obj
 .rodata.prvCheckForValidListAndQueue.str1.4
                0x08002f54        0x5 CMakeFiles/STM32f411ret6_usart_blinking.elf.dir/Middlewares/Third_Party/FreeRTOS/Source/timers.c.obj
 .rodata.xTimerCreateTimerTask.str1.4
                0x08002f54        0x8 CMakeFiles/STM32f411ret6_usart_blinking.elf.dir/Middlewares/Third_Party/FreeRTOS/Source/timers.c.obj
                0x08002f5c                        . = ALIGN (0x4)

.ARM.extab      0x08002f54        0x0
                0x08002f54                        . = ALIGN (0x4)
 *(.ARM.extab* .gnu.linkonce.armextab.*)
                0x08002f54                        . = ALIGN (0x4)

.ARM            0x08002f54        0x8
                0x08002f54                        . = ALIGN (0x4)
                0x08002f54                        __exidx_start = .
 *(.ARM.exidx*)
 .ARM.exidx     0x08002f54        0x8 C:/ST/STM32CubeCLT_1.18.0/GNU-tools-for-STM32/bin/../lib/gcc/arm-none-eabi/13.3.1/../../../../arm-none-eabi/lib/thumb/v7e-m+fp/hard\libg.a(libc_a-strlen.o)
                0x08002f5c                        __exidx_end = .
                0x08002f5c                        . = ALIGN (0x4)

.preinit_array  0x08002f5c        0x0
                0x08002f5c                        . = ALIGN (0x4)
                0x08002f5c                        PROVIDE (__preinit_array_start = .)
 *(.preinit_array*)
                0x08002f5c                        PROVIDE (__preinit_array_end = .)
                0x08002f5c                        . = ALIGN (0x4)

.init_array     0x08002f5c        0x8
                0x08002f5c                        . = ALIGN (0x4)
                0x08002f5c                        PROVIDE (__init_array_start = .)
 *(SORT_BY_NAME(.init_array.*))
 .init_array.00000
                0x08002f5c        0x4 C:/ST/STM32CubeCLT_1.18.0/GNU-tools-for-STM32/bin/../lib/gcc/arm-none-eabi/13.3.1/../../../../arm-none-eabi/lib/thumb/v7e-m+fp/hard\libg.a(libc_a-__call_atexit.o)
 *(.init_array*)
 .init_array    0x08002f60        0x4 C:/ST/STM32CubeCLT_1.18.0/GNU-tools-for-STM32/bin/../lib/gcc/arm-none-eabi/13.3.1/thumb/v7e-m+fp/hard/crtbegin.o
                0x08002f64                        PROVIDE (__init_array_end = .)
                0x08002f64                        . = ALIGN (0x4)

.fini_array     0x08002f64        0x4
                0x08002f64                        . = ALIGN (0x4)
                0x08002f64                        PROVIDE (__fini_array_start = .)
 *(SORT_BY_NAME(.fini_array.*))
 *(.fini_array*)
 .fini_array    0x08002f64        0x4 C:/ST/STM32CubeCLT_1.18.0/GNU-tools-for-STM32/bin/../lib/gcc/arm-none-eabi/13.3.1/thumb/v7e-m+fp/hard/crtbegin.o
                0x08002f68                        PROVIDE (__fini_array_end = .)
                0x08002f68                        . = ALIGN (0x4)
                0x08002f68                        _sidata = LOADADDR (.data)

.rel.dyn        0x08002f68        0x0
 .rel.iplt      0x08002f68        0x0 C:/ST/STM32CubeCLT_1.18.0/GNU-tools-for-STM32/bin/../lib/gcc/arm-none-eabi/13.3.1/thumb/v7e-m+fp/hard/crtbegin.o

.data           0x20000000      0x564 load address 0x08002f68
                0x20000000                        . = ALIGN (0x4)
                0x20000000                        _sdata = .
 *(.data)
 *(.data*)
 .data.SystemCoreClock
                0x20000000        0x4 CMakeFiles/STM32f411ret6_usart_blinking.elf.dir/Core/Src/system_stm32f4xx.c.obj
                0x20000000                SystemCoreClock
 .data.uxCriticalNesting
                0x20000004        0x4 CMakeFiles/STM32f411ret6_usart_blinking.elf.dir/Middlewares/Third_Party/FreeRTOS/Source/portable/GCC/ARM_CM4F/port.c.obj
 .data._impure_ptr
                0x20000008        0x4 C:/ST/STM32CubeCLT_1.18.0/GNU-tools-for-STM32/bin/../lib/gcc/arm-none-eabi/13.3.1/../../../../arm-none-eabi/lib/thumb/v7e-m+fp/hard\libg.a(libc_a-impure.o)
                0x20000008                _impure_ptr
 *fill*         0x2000000c        0x4 
 .data._impure_data
                0x20000010      0x140 C:/ST/STM32CubeCLT_1.18.0/GNU-tools-for-STM32/bin/../lib/gcc/arm-none-eabi/13.3.1/../../../../arm-none-eabi/lib/thumb/v7e-m+fp/hard\libg.a(libc_a-impure.o)
                0x20000010                _impure_data
 .data.__atexit_recursive_mutex
                0x20000150        0x4 C:/ST/STM32CubeCLT_1.18.0/GNU-tools-for-STM32/bin/../lib/gcc/arm-none-eabi/13.3.1/../../../../arm-none-eabi/lib/thumb/v7e-m+fp/hard\libg.a(libc_a-__call_atexit.o)
                0x20000150                __atexit_recursive_mutex
 .data.__malloc_sbrk_base
                0x20000154        0x4 C:/ST/STM32CubeCLT_1.18.0/GNU-tools-for-STM32/bin/../lib/gcc/arm-none-eabi/13.3.1/../../../../arm-none-eabi/lib/thumb/v7e-m+fp/hard\libg.a(libc_a-mallocr.o)
                0x20000154                __malloc_sbrk_base
 .data.__malloc_trim_threshold
                0x20000158        0x4 C:/ST/STM32CubeCLT_1.18.0/GNU-tools-for-STM32/bin/../lib/gcc/arm-none-eabi/13.3.1/../../../../arm-none-eabi/lib/thumb/v7e-m+fp/hard\libg.a(libc_a-mallocr.o)
                0x20000158                __malloc_trim_threshold
 .data.__malloc_av_
                0x2000015c      0x408 C:/ST/STM32CubeCLT_1.18.0/GNU-tools-for-STM32/bin/../lib/gcc/arm-none-eabi/13.3.1/../../../../arm-none-eabi/lib/thumb/v7e-m+fp/hard\libg.a(libc_a-mallocr.o)
                0x2000015c                __malloc_av_
 *(.RamFunc)
 *(.RamFunc*)
                0x20000564                        . = ALIGN (0x4)
                0x20000564                        _edata = .

.igot.plt       0x20000564        0x0 load address 0x080034cc
 .igot.plt      0x20000564        0x0 C:/ST/STM32CubeCLT_1.18.0/GNU-tools-for-STM32/bin/../lib/gcc/arm-none-eabi/13.3.1/thumb/v7e-m+fp/hard/crtbegin.o
                0x20000564                        . = ALIGN (0x4)

.bss            0x20000568     0x4f90 load address 0x080034cc
                0x20000568                        _sbss = .
                0x20000568                        __bss_start__ = _sbss
 *(.bss)
 .bss           0x20000568       0x1c C:/ST/STM32CubeCLT_1.18.0/GNU-tools-for-STM32/bin/../lib/gcc/arm-none-eabi/13.3.1/thumb/v7e-m+fp/hard/crtbegin.o
 *(.bss*)
 .bss.txLength  0x20000584        0x2 CMakeFiles/STM32f411ret6_usart_blinking.elf.dir/Core/Src/main.c.obj
                0x20000584                txLength
 .bss.txIndex   0x20000586        0x2 CMakeFiles/STM32f411ret6_usart_blinking.elf.dir/Core/Src/main.c.obj
                0x20000586                txIndex
 .bss.txBuffer  0x20000588       0x80 CMakeFiles/STM32f411ret6_usart_blinking.elf.dir/Core/Src/main.c.obj
                0x20000588                txBuffer
 .bss.UartTxEventFlags
                0x20000608        0x4 CMakeFiles/STM32f411ret6_usart_blinking.elf.dir/Core/Src/main.c.obj
                0x20000608                UartTxEventFlags
 .bss.BlinkingQueue
                0x2000060c        0x4 CMakeFiles/STM32f411ret6_usart_blinking.elf.dir/Core/Src/main.c.obj
                0x2000060c                BlinkingQueue
 .bss.UartRxQueue
                0x20000610        0x4 CMakeFiles/STM32f411ret6_usart_blinking.elf.dir/Core/Src/main.c.obj
                0x20000610                UartRxQueue
 .bss.BlinkingTaskHandle
                0x20000614        0x4 CMakeFiles/STM32f411ret6_usart_blinking.elf.dir/Core/Src/main.c.obj
                0x20000614                BlinkingTaskHandle
 .bss.UartTaskHandle
                0x20000618        0x4 CMakeFiles/STM32f411ret6_usart_blinking.elf.dir/Core/Src/main.c.obj
                0x20000618                UartTaskHandle
 .bss.__sbrk_heap_end
                0x2000061c        0x4 CMakeFiles/STM32f411ret6_usart_blinking.elf.dir/Core/Src/sysmem.c.obj
 .bss.Timer_Stack.0
                0x20000620      0x400 CMakeFiles/STM32f411ret6_usart_blinking.elf.dir/Middlewares/Third_Party/FreeRTOS/Source/CMSIS_RTOS_V2/cmsis_os2.c.obj
 .bss.Timer_TCB.1
                0x20000a20      0x1a0 CMakeFiles/STM32f411ret6_usart_blinking.elf.dir/Middlewares/Third_Party/FreeRTOS/Source/CMSIS_RTOS_V2/cmsis_os2.c.obj
 .bss.Idle_Stack.2
                0x20000bc0      0x200 CMakeFiles/STM32f411ret6_usart_blinking.elf.dir/Middlewares/Third_Party/FreeRTOS/Source/CMSIS_RTOS_V2/cmsis_os2.c.obj
 .bss.Idle_TCB.3
                0x20000dc0      0x1a0 CMakeFiles/STM32f411ret6_usart_blinking.elf.dir/Middlewares/Third_Party/FreeRTOS/Source/CMSIS_RTOS_V2/cmsis_os2.c.obj
 .bss.KernelState
                0x20000f60        0x4 CMakeFiles/STM32f411ret6_usart_blinking.elf.dir/Middlewares/Third_Party/FreeRTOS/Source/CMSIS_RTOS_V2/cmsis_os2.c.obj
 .bss.ulMaxPRIGROUPValue
                0x20000f64        0x4 CMakeFiles/STM32f411ret6_usart_blinking.elf.dir/Middlewares/Third_Party/FreeRTOS/Source/portable/GCC/ARM_CM4F/port.c.obj
 .bss.ucMaxSysCallPriority
                0x20000f68        0x1 CMakeFiles/STM32f411ret6_usart_blinking.elf.dir/Middlewares/Third_Party/FreeRTOS/Source/portable/GCC/ARM_CM4F/port.c.obj
 *fill*         0x20000f69        0x3 
 .bss.xBlockAllocatedBit
                0x20000f6c        0x4 CMakeFiles/STM32f411ret6_usart_blinking.elf.dir/Middlewares/Third_Party/FreeRTOS/Source/portable/MemMang/heap_4.c.obj
 .bss.xNumberOfSuccessfulFrees
                0x20000f70        0x4 CMakeFiles/STM32f411ret6_usart_blinking.elf.dir/Middlewares/Third_Party/FreeRTOS/Source/portable/MemMang/heap_4.c.obj
 .bss.xNumberOfSuccessfulAllocations
                0x20000f74        0x4 CMakeFiles/STM32f411ret6_usart_blinking.elf.dir/Middlewares/Third_Party/FreeRTOS/Source/portable/MemMang/heap_4.c.obj
 .bss.xMinimumEverFreeBytesRemaining
                0x20000f78        0x4 CMakeFiles/STM32f411ret6_usart_blinking.elf.dir/Middlewares/Third_Party/FreeRTOS/Source/portable/MemMang/heap_4.c.obj
 .bss.xFreeBytesRemaining
                0x20000f7c        0x4 CMakeFiles/STM32f411ret6_usart_blinking.elf.dir/Middlewares/Third_Party/FreeRTOS/Source/portable/MemMang/heap_4.c.obj
 .bss.pxEnd     0x20000f80        0x4 CMakeFiles/STM32f411ret6_usart_blinking.elf.dir/Middlewares/Third_Party/FreeRTOS/Source/portable/MemMang/heap_4.c.obj
 .bss.xStart    0x20000f84        0x8 CMakeFiles/STM32f411ret6_usart_blinking.elf.dir/Middlewares/Third_Party/FreeRTOS/Source/portable/MemMang/heap_4.c.obj
 .bss.ucHeap    0x20000f8c     0x3c00 CMakeFiles/STM32f411ret6_usart_blinking.elf.dir/Middlewares/Third_Party/FreeRTOS/Source/portable/MemMang/heap_4.c.obj
 .bss.xQueueRegistry
                0x20004b8c       0x40 CMakeFiles/STM32f411ret6_usart_blinking.elf.dir/Middlewares/Third_Party/FreeRTOS/Source/queue.c.obj
                0x20004b8c                xQueueRegistry
 .bss.uxSchedulerSuspended
                0x20004bcc        0x4 CMakeFiles/STM32f411ret6_usart_blinking.elf.dir/Middlewares/Third_Party/FreeRTOS/Source/tasks.c.obj
 .bss.xIdleTaskHandle
                0x20004bd0        0x4 CMakeFiles/STM32f411ret6_usart_blinking.elf.dir/Middlewares/Third_Party/FreeRTOS/Source/tasks.c.obj
 .bss.xNextTaskUnblockTime
                0x20004bd4        0x4 CMakeFiles/STM32f411ret6_usart_blinking.elf.dir/Middlewares/Third_Party/FreeRTOS/Source/tasks.c.obj
 .bss.uxTaskNumber
                0x20004bd8        0x4 CMakeFiles/STM32f411ret6_usart_blinking.elf.dir/Middlewares/Third_Party/FreeRTOS/Source/tasks.c.obj
 .bss.xNumOfOverflows
                0x20004bdc        0x4 CMakeFiles/STM32f411ret6_usart_blinking.elf.dir/Middlewares/Third_Party/FreeRTOS/Source/tasks.c.obj
 .bss.xYieldPending
                0x20004be0        0x4 CMakeFiles/STM32f411ret6_usart_blinking.elf.dir/Middlewares/Third_Party/FreeRTOS/Source/tasks.c.obj
 .bss.xPendedTicks
                0x20004be4        0x4 CMakeFiles/STM32f411ret6_usart_blinking.elf.dir/Middlewares/Third_Party/FreeRTOS/Source/tasks.c.obj
 .bss.xSchedulerRunning
                0x20004be8        0x4 CMakeFiles/STM32f411ret6_usart_blinking.elf.dir/Middlewares/Third_Party/FreeRTOS/Source/tasks.c.obj
 .bss.uxTopReadyPriority
                0x20004bec        0x4 CMakeFiles/STM32f411ret6_usart_blinking.elf.dir/Middlewares/Third_Party/FreeRTOS/Source/tasks.c.obj
 .bss.xTickCount
                0x20004bf0        0x4 CMakeFiles/STM32f411ret6_usart_blinking.elf.dir/Middlewares/Third_Party/FreeRTOS/Source/tasks.c.obj
 .bss.uxCurrentNumberOfTasks
                0x20004bf4        0x4 CMakeFiles/STM32f411ret6_usart_blinking.elf.dir/Middlewares/Third_Party/FreeRTOS/Source/tasks.c.obj
 .bss.xSuspendedTaskList
                0x20004bf8       0x14 CMakeFiles/STM32f411ret6_usart_blinking.elf.dir/Middlewares/Third_Party/FreeRTOS/Source/tasks.c.obj
 .bss.uxDeletedTasksWaitingCleanUp
                0x20004c0c        0x4 CMakeFiles/STM32f411ret6_usart_blinking.elf.dir/Middlewares/Third_Party/FreeRTOS/Source/tasks.c.obj
 .bss.xTasksWaitingTermination
                0x20004c10       0x14 CMakeFiles/STM32f411ret6_usart_blinking.elf.dir/Middlewares/Third_Party/FreeRTOS/Source/tasks.c.obj
 .bss.xPendingReadyList
                0x20004c24       0x14 CMakeFiles/STM32f411ret6_usart_blinking.elf.dir/Middlewares/Third_Party/FreeRTOS/Source/tasks.c.obj
 .bss.pxOverflowDelayedTaskList
                0x20004c38        0x4 CMakeFiles/STM32f411ret6_usart_blinking.elf.dir/Middlewares/Third_Party/FreeRTOS/Source/tasks.c.obj
 .bss.pxDelayedTaskList
                0x20004c3c        0x4 CMakeFiles/STM32f411ret6_usart_blinking.elf.dir/Middlewares/Third_Party/FreeRTOS/Source/tasks.c.obj
 .bss.xDelayedTaskList2
                0x20004c40       0x14 CMakeFiles/STM32f411ret6_usart_blinking.elf.dir/Middlewares/Third_Party/FreeRTOS/Source/tasks.c.obj
 .bss.xDelayedTaskList1
                0x20004c54       0x14 CMakeFiles/STM32f411ret6_usart_blinking.elf.dir/Middlewares/Third_Party/FreeRTOS/Source/tasks.c.obj
 .bss.pxReadyTasksLists
                0x20004c68      0x460 CMakeFiles/STM32f411ret6_usart_blinking.elf.dir/Middlewares/Third_Party/FreeRTOS/Source/tasks.c.obj
 .bss.pxCurrentTCB
                0x200050c8        0x4 CMakeFiles/STM32f411ret6_usart_blinking.elf.dir/Middlewares/Third_Party/FreeRTOS/Source/tasks.c.obj
                0x200050c8                pxCurrentTCB
 .bss.xStaticTimerQueue.0
                0x200050cc       0x50 CMakeFiles/STM32f411ret6_usart_blinking.elf.dir/Middlewares/Third_Party/FreeRTOS/Source/timers.c.obj
 .bss.ucStaticTimerQueueStorage.1
                0x2000511c       0xa0 CMakeFiles/STM32f411ret6_usart_blinking.elf.dir/Middlewares/Third_Party/FreeRTOS/Source/timers.c.obj
 .bss.xLastTime.2
                0x200051bc        0x4 CMakeFiles/STM32f411ret6_usart_blinking.elf.dir/Middlewares/Third_Party/FreeRTOS/Source/timers.c.obj
 .bss.xTimerTaskHandle
                0x200051c0        0x4 CMakeFiles/STM32f411ret6_usart_blinking.elf.dir/Middlewares/Third_Party/FreeRTOS/Source/timers.c.obj
 .bss.xTimerQueue
                0x200051c4        0x4 CMakeFiles/STM32f411ret6_usart_blinking.elf.dir/Middlewares/Third_Party/FreeRTOS/Source/timers.c.obj
 .bss.pxOverflowTimerList
                0x200051c8        0x4 CMakeFiles/STM32f411ret6_usart_blinking.elf.dir/Middlewares/Third_Party/FreeRTOS/Source/timers.c.obj
 .bss.pxCurrentTimerList
                0x200051cc        0x4 CMakeFiles/STM32f411ret6_usart_blinking.elf.dir/Middlewares/Third_Party/FreeRTOS/Source/timers.c.obj
 .bss.xActiveTimerList2
                0x200051d0       0x14 CMakeFiles/STM32f411ret6_usart_blinking.elf.dir/Middlewares/Third_Party/FreeRTOS/Source/timers.c.obj
 .bss.xActiveTimerList1
                0x200051e4       0x14 CMakeFiles/STM32f411ret6_usart_blinking.elf.dir/Middlewares/Third_Party/FreeRTOS/Source/timers.c.obj
 .bss.__sf      0x200051f8      0x138 C:/ST/STM32CubeCLT_1.18.0/GNU-tools-for-STM32/bin/../lib/gcc/arm-none-eabi/13.3.1/../../../../arm-none-eabi/lib/thumb/v7e-m+fp/hard\libg.a(libc_a-findfp.o)
                0x200051f8                __sf
 .bss.errno     0x20005330        0x4 C:/ST/STM32CubeCLT_1.18.0/GNU-tools-for-STM32/bin/../lib/gcc/arm-none-eabi/13.3.1/../../../../arm-none-eabi/lib/thumb/v7e-m+fp/hard\libg.a(libc_a-reent.o)
                0x20005330                errno
 .bss.__lock___malloc_recursive_mutex
                0x20005334        0x1 C:/ST/STM32CubeCLT_1.18.0/GNU-tools-for-STM32/bin/../lib/gcc/arm-none-eabi/13.3.1/../../../../arm-none-eabi/lib/thumb/v7e-m+fp/hard\libg.a(libc_a-lock.o)
                0x20005334                __lock___malloc_recursive_mutex
 .bss.__lock___atexit_recursive_mutex
                0x20005335        0x1 C:/ST/STM32CubeCLT_1.18.0/GNU-tools-for-STM32/bin/../lib/gcc/arm-none-eabi/13.3.1/../../../../arm-none-eabi/lib/thumb/v7e-m+fp/hard\libg.a(libc_a-lock.o)
                0x20005335                __lock___atexit_recursive_mutex
 *fill*         0x20005336        0x2 
 .bss.__atexit  0x20005338        0x4 C:/ST/STM32CubeCLT_1.18.0/GNU-tools-for-STM32/bin/../lib/gcc/arm-none-eabi/13.3.1/../../../../arm-none-eabi/lib/thumb/v7e-m+fp/hard\libg.a(libc_a-__call_atexit.o)
                0x20005338                __atexit
 .bss.__malloc_current_mallinfo
                0x2000533c       0x28 C:/ST/STM32CubeCLT_1.18.0/GNU-tools-for-STM32/bin/../lib/gcc/arm-none-eabi/13.3.1/../../../../arm-none-eabi/lib/thumb/v7e-m+fp/hard\libg.a(libc_a-mallocr.o)
                0x2000533c                __malloc_current_mallinfo
 .bss.__malloc_top_pad
                0x20005364        0x4 C:/ST/STM32CubeCLT_1.18.0/GNU-tools-for-STM32/bin/../lib/gcc/arm-none-eabi/13.3.1/../../../../arm-none-eabi/lib/thumb/v7e-m+fp/hard\libg.a(libc_a-mallocr.o)
                0x20005364                __malloc_top_pad
 .bss.__atexit0
                0x20005368      0x190 C:/ST/STM32CubeCLT_1.18.0/GNU-tools-for-STM32/bin/../lib/gcc/arm-none-eabi/13.3.1/../../../../arm-none-eabi/lib/thumb/v7e-m+fp/hard\libg.a(libc_a-__atexit.o)
                0x20005368                __atexit0
 *(COMMON)
                0x200054f8                        . = ALIGN (0x4)
                0x200054f8                        _ebss = .
                0x200054f8                        __bss_end__ = _ebss

._user_heap_stack
                0x200054f8      0x600 load address 0x080034cc
                0x200054f8                        . = ALIGN (0x8)
                [!provide]                        PROVIDE (end = .)
                0x200054f8                        PROVIDE (_end = .)
                0x200056f8                        . = (. + _Min_Heap_Size)
 *fill*         0x200054f8      0x200 
                0x20005af8                        . = (. + _Min_Stack_Size)
 *fill*         0x200056f8      0x400 
                0x20005af8                        . = ALIGN (0x8)

/DISCARD/
 libc.a(*)
 libm.a(*)
 libgcc.a(*)

.ARM.attributes
                0x00000000       0x30
 *(.ARM.attributes)
 .ARM.attributes
                0x00000000       0x22 C:/ST/STM32CubeCLT_1.18.0/GNU-tools-for-STM32/bin/../lib/gcc/arm-none-eabi/13.3.1/thumb/v7e-m+fp/hard/crti.o
 .ARM.attributes
                0x00000022       0x34 C:/ST/STM32CubeCLT_1.18.0/GNU-tools-for-STM32/bin/../lib/gcc/arm-none-eabi/13.3.1/thumb/v7e-m+fp/hard/crtbegin.o
 .ARM.attributes
                0x00000056       0x34 CMakeFiles/STM32f411ret6_usart_blinking.elf.dir/Core/Src/main.c.obj
 .ARM.attributes
                0x0000008a       0x34 CMakeFiles/STM32f411ret6_usart_blinking.elf.dir/Core/Src/sysmem.c.obj
 .ARM.attributes
                0x000000be       0x34 CMakeFiles/STM32f411ret6_usart_blinking.elf.dir/Core/Src/system_stm32f4xx.c.obj
 .ARM.attributes
                0x000000f2       0x21 CMakeFiles/STM32f411ret6_usart_blinking.elf.dir/Core/Startup/startup_stm32f411retx.s.obj
 .ARM.attributes
                0x00000113       0x34 CMakeFiles/STM32f411ret6_usart_blinking.elf.dir/Middlewares/Third_Party/FreeRTOS/Source/CMSIS_RTOS_V2/cmsis_os2.c.obj
 .ARM.attributes
                0x00000147       0x34 CMakeFiles/STM32f411ret6_usart_blinking.elf.dir/Middlewares/Third_Party/FreeRTOS/Source/event_groups.c.obj
 .ARM.attributes
                0x0000017b       0x34 CMakeFiles/STM32f411ret6_usart_blinking.elf.dir/Middlewares/Third_Party/FreeRTOS/Source/list.c.obj
 .ARM.attributes
                0x000001af       0x34 CMakeFiles/STM32f411ret6_usart_blinking.elf.dir/Middlewares/Third_Party/FreeRTOS/Source/portable/GCC/ARM_CM4F/port.c.obj
 .ARM.attributes
                0x000001e3       0x34 CMakeFiles/STM32f411ret6_usart_blinking.elf.dir/Middlewares/Third_Party/FreeRTOS/Source/portable/MemMang/heap_4.c.obj
 .ARM.attributes
                0x00000217       0x34 CMakeFiles/STM32f411ret6_usart_blinking.elf.dir/Middlewares/Third_Party/FreeRTOS/Source/queue.c.obj
 .ARM.attributes
                0x0000024b       0x34 CMakeFiles/STM32f411ret6_usart_blinking.elf.dir/Middlewares/Third_Party/FreeRTOS/Source/tasks.c.obj
 .ARM.attributes
                0x0000027f       0x34 CMakeFiles/STM32f411ret6_usart_blinking.elf.dir/Middlewares/Third_Party/FreeRTOS/Source/timers.c.obj
 .ARM.attributes
                0x000002b3       0x34 C:/ST/STM32CubeCLT_1.18.0/GNU-tools-for-STM32/bin/../lib/gcc/arm-none-eabi/13.3.1/../../../../arm-none-eabi/lib/thumb/v7e-m+fp/hard\libg.a(libc_a-findfp.o)
 .ARM.attributes
                0x000002e7       0x34 C:/ST/STM32CubeCLT_1.18.0/GNU-tools-for-STM32/bin/../lib/gcc/arm-none-eabi/13.3.1/../../../../arm-none-eabi/lib/thumb/v7e-m+fp/hard\libg.a(libc_a-memset.o)
 .ARM.attributes
                0x0000031b       0x34 C:/ST/STM32CubeCLT_1.18.0/GNU-tools-for-STM32/bin/../lib/gcc/arm-none-eabi/13.3.1/../../../../arm-none-eabi/lib/thumb/v7e-m+fp/hard\libg.a(libc_a-reent.o)
 .ARM.attributes
                0x0000034f       0x34 C:/ST/STM32CubeCLT_1.18.0/GNU-tools-for-STM32/bin/../lib/gcc/arm-none-eabi/13.3.1/../../../../arm-none-eabi/lib/thumb/v7e-m+fp/hard\libg.a(libc_a-impure.o)
 .ARM.attributes
                0x00000383       0x34 C:/ST/STM32CubeCLT_1.18.0/GNU-tools-for-STM32/bin/../lib/gcc/arm-none-eabi/13.3.1/../../../../arm-none-eabi/lib/thumb/v7e-m+fp/hard\libg.a(libc_a-errno.o)
 .ARM.attributes
                0x000003b7       0x34 C:/ST/STM32CubeCLT_1.18.0/GNU-tools-for-STM32/bin/../lib/gcc/arm-none-eabi/13.3.1/../../../../arm-none-eabi/lib/thumb/v7e-m+fp/hard\libg.a(libc_a-init.o)
 .ARM.attributes
                0x000003eb       0x34 C:/ST/STM32CubeCLT_1.18.0/GNU-tools-for-STM32/bin/../lib/gcc/arm-none-eabi/13.3.1/../../../../arm-none-eabi/lib/thumb/v7e-m+fp/hard\libg.a(libc_a-lock.o)
 .ARM.attributes
                0x0000041f       0x34 C:/ST/STM32CubeCLT_1.18.0/GNU-tools-for-STM32/bin/../lib/gcc/arm-none-eabi/13.3.1/../../../../arm-none-eabi/lib/thumb/v7e-m+fp/hard\libg.a(libc_a-memcpy-stub.o)
 .ARM.attributes
                0x00000453       0x17 C:/ST/STM32CubeCLT_1.18.0/GNU-tools-for-STM32/bin/../lib/gcc/arm-none-eabi/13.3.1/../../../../arm-none-eabi/lib/thumb/v7e-m+fp/hard\libg.a(libc_a-strlen.o)
 .ARM.attributes
                0x0000046a       0x34 C:/ST/STM32CubeCLT_1.18.0/GNU-tools-for-STM32/bin/../lib/gcc/arm-none-eabi/13.3.1/../../../../arm-none-eabi/lib/thumb/v7e-m+fp/hard\libg.a(libc_a-__call_atexit.o)
 .ARM.attributes
                0x0000049e       0x34 C:/ST/STM32CubeCLT_1.18.0/GNU-tools-for-STM32/bin/../lib/gcc/arm-none-eabi/13.3.1/../../../../arm-none-eabi/lib/thumb/v7e-m+fp/hard\libg.a(libc_a-atexit.o)
 .ARM.attributes
                0x000004d2       0x34 C:/ST/STM32CubeCLT_1.18.0/GNU-tools-for-STM32/bin/../lib/gcc/arm-none-eabi/13.3.1/../../../../arm-none-eabi/lib/thumb/v7e-m+fp/hard\libg.a(libc_a-freer.o)
 .ARM.attributes
                0x00000506       0x34 C:/ST/STM32CubeCLT_1.18.0/GNU-tools-for-STM32/bin/../lib/gcc/arm-none-eabi/13.3.1/../../../../arm-none-eabi/lib/thumb/v7e-m+fp/hard\libg.a(libc_a-mallocr.o)
 .ARM.attributes
                0x0000053a       0x34 C:/ST/STM32CubeCLT_1.18.0/GNU-tools-for-STM32/bin/../lib/gcc/arm-none-eabi/13.3.1/../../../../arm-none-eabi/lib/thumb/v7e-m+fp/hard\libg.a(libc_a-mlock.o)
 .ARM.attributes
                0x0000056e       0x34 C:/ST/STM32CubeCLT_1.18.0/GNU-tools-for-STM32/bin/../lib/gcc/arm-none-eabi/13.3.1/../../../../arm-none-eabi/lib/thumb/v7e-m+fp/hard\libg.a(libc_a-sbrkr.o)
 .ARM.attributes
                0x000005a2       0x34 C:/ST/STM32CubeCLT_1.18.0/GNU-tools-for-STM32/bin/../lib/gcc/arm-none-eabi/13.3.1/../../../../arm-none-eabi/lib/thumb/v7e-m+fp/hard\libg.a(libc_a-fini.o)
 .ARM.attributes
                0x000005d6       0x34 C:/ST/STM32CubeCLT_1.18.0/GNU-tools-for-STM32/bin/../lib/gcc/arm-none-eabi/13.3.1/../../../../arm-none-eabi/lib/thumb/v7e-m+fp/hard\libg.a(libc_a-sysconf.o)
 .ARM.attributes
                0x0000060a       0x34 C:/ST/STM32CubeCLT_1.18.0/GNU-tools-for-STM32/bin/../lib/gcc/arm-none-eabi/13.3.1/../../../../arm-none-eabi/lib/thumb/v7e-m+fp/hard\libg.a(libc_a-__atexit.o)
 .ARM.attributes
                0x0000063e       0x22 C:/ST/STM32CubeCLT_1.18.0/GNU-tools-for-STM32/bin/../lib/gcc/arm-none-eabi/13.3.1/thumb/v7e-m+fp/hard/crtn.o
OUTPUT(STM32f411ret6_usart_blinking.elf elf32-littlearm)
LOAD linker stubs
LOAD C:/ST/STM32CubeCLT_1.18.0/GNU-tools-for-STM32/bin/../lib/gcc/arm-none-eabi/13.3.1/../../../../arm-none-eabi/lib/thumb/v7e-m+fp/hard\libc.a
LOAD C:/ST/STM32CubeCLT_1.18.0/GNU-tools-for-STM32/bin/../lib/gcc/arm-none-eabi/13.3.1/../../../../arm-none-eabi/lib/thumb/v7e-m+fp/hard\libm.a
LOAD C:/ST/STM32CubeCLT_1.18.0/GNU-tools-for-STM32/bin/../lib/gcc/arm-none-eabi/13.3.1/thumb/v7e-m+fp/hard\libgcc.a

.debug_info     0x00000000    0x16774
 .debug_info    0x00000000     0x11bb CMakeFiles/STM32f411ret6_usart_blinking.elf.dir/Core/Src/main.c.obj
 .debug_info    0x000011bb      0x171 CMakeFiles/STM32f411ret6_usart_blinking.elf.dir/Core/Src/sysmem.c.obj
 .debug_info    0x0000132c      0x54c CMakeFiles/STM32f411ret6_usart_blinking.elf.dir/Core/Src/system_stm32f4xx.c.obj
 .debug_info    0x00001878       0x30 CMakeFiles/STM32f411ret6_usart_blinking.elf.dir/Core/Startup/startup_stm32f411retx.s.obj
 .debug_info    0x000018a8     0x5478 CMakeFiles/STM32f411ret6_usart_blinking.elf.dir/Middlewares/Third_Party/FreeRTOS/Source/CMSIS_RTOS_V2/cmsis_os2.c.obj
 .debug_info    0x00006d20      0xf99 CMakeFiles/STM32f411ret6_usart_blinking.elf.dir/Middlewares/Third_Party/FreeRTOS/Source/event_groups.c.obj
 .debug_info    0x00007cb9      0x2bf CMakeFiles/STM32f411ret6_usart_blinking.elf.dir/Middlewares/Third_Party/FreeRTOS/Source/list.c.obj
 .debug_info    0x00007f78      0x55a CMakeFiles/STM32f411ret6_usart_blinking.elf.dir/Middlewares/Third_Party/FreeRTOS/Source/portable/GCC/ARM_CM4F/port.c.obj
 .debug_info    0x000084d2      0x593 CMakeFiles/STM32f411ret6_usart_blinking.elf.dir/Middlewares/Third_Party/FreeRTOS/Source/portable/MemMang/heap_4.c.obj
 .debug_info    0x00008a65     0x27a8 CMakeFiles/STM32f411ret6_usart_blinking.elf.dir/Middlewares/Third_Party/FreeRTOS/Source/queue.c.obj
 .debug_info    0x0000b20d     0x37d5 CMakeFiles/STM32f411ret6_usart_blinking.elf.dir/Middlewares/Third_Party/FreeRTOS/Source/tasks.c.obj
 .debug_info    0x0000e9e2     0x2215 CMakeFiles/STM32f411ret6_usart_blinking.elf.dir/Middlewares/Third_Party/FreeRTOS/Source/timers.c.obj
 .debug_info    0x00010bf7      0xfee C:/ST/STM32CubeCLT_1.18.0/GNU-tools-for-STM32/bin/../lib/gcc/arm-none-eabi/13.3.1/../../../../arm-none-eabi/lib/thumb/v7e-m+fp/hard\libg.a(libc_a-findfp.o)
 .debug_info    0x00011be5       0xe0 C:/ST/STM32CubeCLT_1.18.0/GNU-tools-for-STM32/bin/../lib/gcc/arm-none-eabi/13.3.1/../../../../arm-none-eabi/lib/thumb/v7e-m+fp/hard\libg.a(libc_a-memset.o)
 .debug_info    0x00011cc5      0x850 C:/ST/STM32CubeCLT_1.18.0/GNU-tools-for-STM32/bin/../lib/gcc/arm-none-eabi/13.3.1/../../../../arm-none-eabi/lib/thumb/v7e-m+fp/hard\libg.a(libc_a-reent.o)
 .debug_info    0x00012515      0x750 C:/ST/STM32CubeCLT_1.18.0/GNU-tools-for-STM32/bin/../lib/gcc/arm-none-eabi/13.3.1/../../../../arm-none-eabi/lib/thumb/v7e-m+fp/hard\libg.a(libc_a-impure.o)
 .debug_info    0x00012c65      0x736 C:/ST/STM32CubeCLT_1.18.0/GNU-tools-for-STM32/bin/../lib/gcc/arm-none-eabi/13.3.1/../../../../arm-none-eabi/lib/thumb/v7e-m+fp/hard\libg.a(libc_a-errno.o)
 .debug_info    0x0001339b      0x10b C:/ST/STM32CubeCLT_1.18.0/GNU-tools-for-STM32/bin/../lib/gcc/arm-none-eabi/13.3.1/../../../../arm-none-eabi/lib/thumb/v7e-m+fp/hard\libg.a(libc_a-init.o)
 .debug_info    0x000134a6      0x218 C:/ST/STM32CubeCLT_1.18.0/GNU-tools-for-STM32/bin/../lib/gcc/arm-none-eabi/13.3.1/../../../../arm-none-eabi/lib/thumb/v7e-m+fp/hard\libg.a(libc_a-lock.o)
 .debug_info    0x000136be      0x121 C:/ST/STM32CubeCLT_1.18.0/GNU-tools-for-STM32/bin/../lib/gcc/arm-none-eabi/13.3.1/../../../../arm-none-eabi/lib/thumb/v7e-m+fp/hard\libg.a(libc_a-memcpy-stub.o)
 .debug_info    0x000137df       0x31 C:/ST/STM32CubeCLT_1.18.0/GNU-tools-for-STM32/bin/../lib/gcc/arm-none-eabi/13.3.1/../../../../arm-none-eabi/lib/thumb/v7e-m+fp/hard\libg.a(libc_a-strlen.o)
 .debug_info    0x00013810      0x2dd C:/ST/STM32CubeCLT_1.18.0/GNU-tools-for-STM32/bin/../lib/gcc/arm-none-eabi/13.3.1/../../../../arm-none-eabi/lib/thumb/v7e-m+fp/hard\libg.a(libc_a-__call_atexit.o)
 .debug_info    0x00013aed      0x11e C:/ST/STM32CubeCLT_1.18.0/GNU-tools-for-STM32/bin/../lib/gcc/arm-none-eabi/13.3.1/../../../../arm-none-eabi/lib/thumb/v7e-m+fp/hard\libg.a(libc_a-atexit.o)
 .debug_info    0x00013c0b      0xb62 C:/ST/STM32CubeCLT_1.18.0/GNU-tools-for-STM32/bin/../lib/gcc/arm-none-eabi/13.3.1/../../../../arm-none-eabi/lib/thumb/v7e-m+fp/hard\libg.a(libc_a-freer.o)
 .debug_info    0x0001476d      0xc8d C:/ST/STM32CubeCLT_1.18.0/GNU-tools-for-STM32/bin/../lib/gcc/arm-none-eabi/13.3.1/../../../../arm-none-eabi/lib/thumb/v7e-m+fp/hard\libg.a(libc_a-mallocr.o)
 .debug_info    0x000153fa      0x7a6 C:/ST/STM32CubeCLT_1.18.0/GNU-tools-for-STM32/bin/../lib/gcc/arm-none-eabi/13.3.1/../../../../arm-none-eabi/lib/thumb/v7e-m+fp/hard\libg.a(libc_a-mlock.o)
 .debug_info    0x00015ba0      0x7bd C:/ST/STM32CubeCLT_1.18.0/GNU-tools-for-STM32/bin/../lib/gcc/arm-none-eabi/13.3.1/../../../../arm-none-eabi/lib/thumb/v7e-m+fp/hard\libg.a(libc_a-sbrkr.o)
 .debug_info    0x0001635d       0xf7 C:/ST/STM32CubeCLT_1.18.0/GNU-tools-for-STM32/bin/../lib/gcc/arm-none-eabi/13.3.1/../../../../arm-none-eabi/lib/thumb/v7e-m+fp/hard\libg.a(libc_a-fini.o)
 .debug_info    0x00016454       0xc1 C:/ST/STM32CubeCLT_1.18.0/GNU-tools-for-STM32/bin/../lib/gcc/arm-none-eabi/13.3.1/../../../../arm-none-eabi/lib/thumb/v7e-m+fp/hard\libg.a(libc_a-sysconf.o)
 .debug_info    0x00016515      0x25f C:/ST/STM32CubeCLT_1.18.0/GNU-tools-for-STM32/bin/../lib/gcc/arm-none-eabi/13.3.1/../../../../arm-none-eabi/lib/thumb/v7e-m+fp/hard\libg.a(libc_a-__atexit.o)

.debug_abbrev   0x00000000     0x3d12
 .debug_abbrev  0x00000000      0x352 CMakeFiles/STM32f411ret6_usart_blinking.elf.dir/Core/Src/main.c.obj
 .debug_abbrev  0x00000352       0xea CMakeFiles/STM32f411ret6_usart_blinking.elf.dir/Core/Src/sysmem.c.obj
 .debug_abbrev  0x0000043c      0x11e CMakeFiles/STM32f411ret6_usart_blinking.elf.dir/Core/Src/system_stm32f4xx.c.obj
 .debug_abbrev  0x0000055a       0x24 CMakeFiles/STM32f411ret6_usart_blinking.elf.dir/Core/Startup/startup_stm32f411retx.s.obj
 .debug_abbrev  0x0000057e      0x615 CMakeFiles/STM32f411ret6_usart_blinking.elf.dir/Middlewares/Third_Party/FreeRTOS/Source/CMSIS_RTOS_V2/cmsis_os2.c.obj
 .debug_abbrev  0x00000b93      0x356 CMakeFiles/STM32f411ret6_usart_blinking.elf.dir/Middlewares/Third_Party/FreeRTOS/Source/event_groups.c.obj
 .debug_abbrev  0x00000ee9      0x10a CMakeFiles/STM32f411ret6_usart_blinking.elf.dir/Middlewares/Third_Party/FreeRTOS/Source/list.c.obj
 .debug_abbrev  0x00000ff3      0x293 CMakeFiles/STM32f411ret6_usart_blinking.elf.dir/Middlewares/Third_Party/FreeRTOS/Source/portable/GCC/ARM_CM4F/port.c.obj
 .debug_abbrev  0x00001286      0x263 CMakeFiles/STM32f411ret6_usart_blinking.elf.dir/Middlewares/Third_Party/FreeRTOS/Source/portable/MemMang/heap_4.c.obj
 .debug_abbrev  0x000014e9      0x3ea CMakeFiles/STM32f411ret6_usart_blinking.elf.dir/Middlewares/Third_Party/FreeRTOS/Source/queue.c.obj
 .debug_abbrev  0x000018d3      0x45f CMakeFiles/STM32f411ret6_usart_blinking.elf.dir/Middlewares/Third_Party/FreeRTOS/Source/tasks.c.obj
 .debug_abbrev  0x00001d32      0x3c7 CMakeFiles/STM32f411ret6_usart_blinking.elf.dir/Middlewares/Third_Party/FreeRTOS/Source/timers.c.obj
 .debug_abbrev  0x000020f9      0x462 C:/ST/STM32CubeCLT_1.18.0/GNU-tools-for-STM32/bin/../lib/gcc/arm-none-eabi/13.3.1/../../../../arm-none-eabi/lib/thumb/v7e-m+fp/hard\libg.a(libc_a-findfp.o)
 .debug_abbrev  0x0000255b       0x9e C:/ST/STM32CubeCLT_1.18.0/GNU-tools-for-STM32/bin/../lib/gcc/arm-none-eabi/13.3.1/../../../../arm-none-eabi/lib/thumb/v7e-m+fp/hard\libg.a(libc_a-memset.o)
 .debug_abbrev  0x000025f9      0x233 C:/ST/STM32CubeCLT_1.18.0/GNU-tools-for-STM32/bin/../lib/gcc/arm-none-eabi/13.3.1/../../../../arm-none-eabi/lib/thumb/v7e-m+fp/hard\libg.a(libc_a-reent.o)
 .debug_abbrev  0x0000282c      0x185 C:/ST/STM32CubeCLT_1.18.0/GNU-tools-for-STM32/bin/../lib/gcc/arm-none-eabi/13.3.1/../../../../arm-none-eabi/lib/thumb/v7e-m+fp/hard\libg.a(libc_a-impure.o)
 .debug_abbrev  0x000029b1      0x19a C:/ST/STM32CubeCLT_1.18.0/GNU-tools-for-STM32/bin/../lib/gcc/arm-none-eabi/13.3.1/../../../../arm-none-eabi/lib/thumb/v7e-m+fp/hard\libg.a(libc_a-errno.o)
 .debug_abbrev  0x00002b4b       0xc9 C:/ST/STM32CubeCLT_1.18.0/GNU-tools-for-STM32/bin/../lib/gcc/arm-none-eabi/13.3.1/../../../../arm-none-eabi/lib/thumb/v7e-m+fp/hard\libg.a(libc_a-init.o)
 .debug_abbrev  0x00002c14      0x115 C:/ST/STM32CubeCLT_1.18.0/GNU-tools-for-STM32/bin/../lib/gcc/arm-none-eabi/13.3.1/../../../../arm-none-eabi/lib/thumb/v7e-m+fp/hard\libg.a(libc_a-lock.o)
 .debug_abbrev  0x00002d29       0xc1 C:/ST/STM32CubeCLT_1.18.0/GNU-tools-for-STM32/bin/../lib/gcc/arm-none-eabi/13.3.1/../../../../arm-none-eabi/lib/thumb/v7e-m+fp/hard\libg.a(libc_a-memcpy-stub.o)
 .debug_abbrev  0x00002dea       0x28 C:/ST/STM32CubeCLT_1.18.0/GNU-tools-for-STM32/bin/../lib/gcc/arm-none-eabi/13.3.1/../../../../arm-none-eabi/lib/thumb/v7e-m+fp/hard\libg.a(libc_a-strlen.o)
 .debug_abbrev  0x00002e12      0x20c C:/ST/STM32CubeCLT_1.18.0/GNU-tools-for-STM32/bin/../lib/gcc/arm-none-eabi/13.3.1/../../../../arm-none-eabi/lib/thumb/v7e-m+fp/hard\libg.a(libc_a-__call_atexit.o)
 .debug_abbrev  0x0000301e       0xc1 C:/ST/STM32CubeCLT_1.18.0/GNU-tools-for-STM32/bin/../lib/gcc/arm-none-eabi/13.3.1/../../../../arm-none-eabi/lib/thumb/v7e-m+fp/hard\libg.a(libc_a-atexit.o)
 .debug_abbrev  0x000030df      0x27d C:/ST/STM32CubeCLT_1.18.0/GNU-tools-for-STM32/bin/../lib/gcc/arm-none-eabi/13.3.1/../../../../arm-none-eabi/lib/thumb/v7e-m+fp/hard\libg.a(libc_a-freer.o)
 .debug_abbrev  0x0000335c      0x2d0 C:/ST/STM32CubeCLT_1.18.0/GNU-tools-for-STM32/bin/../lib/gcc/arm-none-eabi/13.3.1/../../../../arm-none-eabi/lib/thumb/v7e-m+fp/hard\libg.a(libc_a-mallocr.o)
 .debug_abbrev  0x0000362c      0x1fb C:/ST/STM32CubeCLT_1.18.0/GNU-tools-for-STM32/bin/../lib/gcc/arm-none-eabi/13.3.1/../../../../arm-none-eabi/lib/thumb/v7e-m+fp/hard\libg.a(libc_a-mlock.o)
 .debug_abbrev  0x00003827      0x216 C:/ST/STM32CubeCLT_1.18.0/GNU-tools-for-STM32/bin/../lib/gcc/arm-none-eabi/13.3.1/../../../../arm-none-eabi/lib/thumb/v7e-m+fp/hard\libg.a(libc_a-sbrkr.o)
 .debug_abbrev  0x00003a3d       0xcc C:/ST/STM32CubeCLT_1.18.0/GNU-tools-for-STM32/bin/../lib/gcc/arm-none-eabi/13.3.1/../../../../arm-none-eabi/lib/thumb/v7e-m+fp/hard\libg.a(libc_a-fini.o)
 .debug_abbrev  0x00003b09       0x80 C:/ST/STM32CubeCLT_1.18.0/GNU-tools-for-STM32/bin/../lib/gcc/arm-none-eabi/13.3.1/../../../../arm-none-eabi/lib/thumb/v7e-m+fp/hard\libg.a(libc_a-sysconf.o)
 .debug_abbrev  0x00003b89      0x189 C:/ST/STM32CubeCLT_1.18.0/GNU-tools-for-STM32/bin/../lib/gcc/arm-none-eabi/13.3.1/../../../../arm-none-eabi/lib/thumb/v7e-m+fp/hard\libg.a(libc_a-__atexit.o)

.debug_loclists
                0x00000000     0x8b9d
 .debug_loclists
                0x00000000       0xaf CMakeFiles/STM32f411ret6_usart_blinking.elf.dir/Core/Src/main.c.obj
 .debug_loclists
                0x000000af       0x52 CMakeFiles/STM32f411ret6_usart_blinking.elf.dir/Core/Src/sysmem.c.obj
 .debug_loclists
                0x00000101       0xfa CMakeFiles/STM32f411ret6_usart_blinking.elf.dir/Core/Src/system_stm32f4xx.c.obj
 .debug_loclists
                0x000001fb     0x3916 CMakeFiles/STM32f411ret6_usart_blinking.elf.dir/Middlewares/Third_Party/FreeRTOS/Source/CMSIS_RTOS_V2/cmsis_os2.c.obj
 .debug_loclists
                0x00003b11      0x7df CMakeFiles/STM32f411ret6_usart_blinking.elf.dir/Middlewares/Third_Party/FreeRTOS/Source/event_groups.c.obj
 .debug_loclists
                0x000042f0       0x75 CMakeFiles/STM32f411ret6_usart_blinking.elf.dir/Middlewares/Third_Party/FreeRTOS/Source/list.c.obj
 .debug_loclists
                0x00004365       0xc1 CMakeFiles/STM32f411ret6_usart_blinking.elf.dir/Middlewares/Third_Party/FreeRTOS/Source/portable/GCC/ARM_CM4F/port.c.obj
 .debug_loclists
                0x00004426      0x2b7 CMakeFiles/STM32f411ret6_usart_blinking.elf.dir/Middlewares/Third_Party/FreeRTOS/Source/portable/MemMang/heap_4.c.obj
 .debug_loclists
                0x000046dd     0x1110 CMakeFiles/STM32f411ret6_usart_blinking.elf.dir/Middlewares/Third_Party/FreeRTOS/Source/queue.c.obj
 .debug_loclists
                0x000057ed     0x172c CMakeFiles/STM32f411ret6_usart_blinking.elf.dir/Middlewares/Third_Party/FreeRTOS/Source/tasks.c.obj
 .debug_loclists
                0x00006f19      0xba8 CMakeFiles/STM32f411ret6_usart_blinking.elf.dir/Middlewares/Third_Party/FreeRTOS/Source/timers.c.obj
 .debug_loclists
                0x00007ac1      0x2ac C:/ST/STM32CubeCLT_1.18.0/GNU-tools-for-STM32/bin/../lib/gcc/arm-none-eabi/13.3.1/../../../../arm-none-eabi/lib/thumb/v7e-m+fp/hard\libg.a(libc_a-findfp.o)
 .debug_loclists
                0x00007d6d       0x4d C:/ST/STM32CubeCLT_1.18.0/GNU-tools-for-STM32/bin/../lib/gcc/arm-none-eabi/13.3.1/../../../../arm-none-eabi/lib/thumb/v7e-m+fp/hard\libg.a(libc_a-memset.o)
 .debug_loclists
                0x00007dba       0x93 C:/ST/STM32CubeCLT_1.18.0/GNU-tools-for-STM32/bin/../lib/gcc/arm-none-eabi/13.3.1/../../../../arm-none-eabi/lib/thumb/v7e-m+fp/hard\libg.a(libc_a-reent.o)
 .debug_loclists
                0x00007e4d       0x44 C:/ST/STM32CubeCLT_1.18.0/GNU-tools-for-STM32/bin/../lib/gcc/arm-none-eabi/13.3.1/../../../../arm-none-eabi/lib/thumb/v7e-m+fp/hard\libg.a(libc_a-init.o)
 .debug_loclists
                0x00007e91       0x29 C:/ST/STM32CubeCLT_1.18.0/GNU-tools-for-STM32/bin/../lib/gcc/arm-none-eabi/13.3.1/../../../../arm-none-eabi/lib/thumb/v7e-m+fp/hard\libg.a(libc_a-lock.o)
 .debug_loclists
                0x00007eba       0xad C:/ST/STM32CubeCLT_1.18.0/GNU-tools-for-STM32/bin/../lib/gcc/arm-none-eabi/13.3.1/../../../../arm-none-eabi/lib/thumb/v7e-m+fp/hard\libg.a(libc_a-memcpy-stub.o)
 .debug_loclists
                0x00007f67       0xda C:/ST/STM32CubeCLT_1.18.0/GNU-tools-for-STM32/bin/../lib/gcc/arm-none-eabi/13.3.1/../../../../arm-none-eabi/lib/thumb/v7e-m+fp/hard\libg.a(libc_a-__call_atexit.o)
 .debug_loclists
                0x00008041       0x30 C:/ST/STM32CubeCLT_1.18.0/GNU-tools-for-STM32/bin/../lib/gcc/arm-none-eabi/13.3.1/../../../../arm-none-eabi/lib/thumb/v7e-m+fp/hard\libg.a(libc_a-atexit.o)
 .debug_loclists
                0x00008071      0x315 C:/ST/STM32CubeCLT_1.18.0/GNU-tools-for-STM32/bin/../lib/gcc/arm-none-eabi/13.3.1/../../../../arm-none-eabi/lib/thumb/v7e-m+fp/hard\libg.a(libc_a-freer.o)
 .debug_loclists
                0x00008386      0x670 C:/ST/STM32CubeCLT_1.18.0/GNU-tools-for-STM32/bin/../lib/gcc/arm-none-eabi/13.3.1/../../../../arm-none-eabi/lib/thumb/v7e-m+fp/hard\libg.a(libc_a-mallocr.o)
 .debug_loclists
                0x000089f6       0x46 C:/ST/STM32CubeCLT_1.18.0/GNU-tools-for-STM32/bin/../lib/gcc/arm-none-eabi/13.3.1/../../../../arm-none-eabi/lib/thumb/v7e-m+fp/hard\libg.a(libc_a-mlock.o)
 .debug_loclists
                0x00008a3c       0x58 C:/ST/STM32CubeCLT_1.18.0/GNU-tools-for-STM32/bin/../lib/gcc/arm-none-eabi/13.3.1/../../../../arm-none-eabi/lib/thumb/v7e-m+fp/hard\libg.a(libc_a-sbrkr.o)
 .debug_loclists
                0x00008a94       0x3b C:/ST/STM32CubeCLT_1.18.0/GNU-tools-for-STM32/bin/../lib/gcc/arm-none-eabi/13.3.1/../../../../arm-none-eabi/lib/thumb/v7e-m+fp/hard\libg.a(libc_a-fini.o)
 .debug_loclists
                0x00008acf       0x40 C:/ST/STM32CubeCLT_1.18.0/GNU-tools-for-STM32/bin/../lib/gcc/arm-none-eabi/13.3.1/../../../../arm-none-eabi/lib/thumb/v7e-m+fp/hard\libg.a(libc_a-sysconf.o)
 .debug_loclists
                0x00008b0f       0x8e C:/ST/STM32CubeCLT_1.18.0/GNU-tools-for-STM32/bin/../lib/gcc/arm-none-eabi/13.3.1/../../../../arm-none-eabi/lib/thumb/v7e-m+fp/hard\libg.a(libc_a-__atexit.o)

.debug_aranges  0x00000000      0xc50
 .debug_aranges
                0x00000000       0x58 CMakeFiles/STM32f411ret6_usart_blinking.elf.dir/Core/Src/main.c.obj
 .debug_aranges
                0x00000058       0x20 CMakeFiles/STM32f411ret6_usart_blinking.elf.dir/Core/Src/sysmem.c.obj
 .debug_aranges
                0x00000078       0x28 CMakeFiles/STM32f411ret6_usart_blinking.elf.dir/Core/Src/system_stm32f4xx.c.obj
 .debug_aranges
                0x000000a0       0x28 CMakeFiles/STM32f411ret6_usart_blinking.elf.dir/Core/Startup/startup_stm32f411retx.s.obj
 .debug_aranges
                0x000000c8      0x2a0 CMakeFiles/STM32f411ret6_usart_blinking.elf.dir/Middlewares/Third_Party/FreeRTOS/Source/CMSIS_RTOS_V2/cmsis_os2.c.obj
 .debug_aranges
                0x00000368       0x90 CMakeFiles/STM32f411ret6_usart_blinking.elf.dir/Middlewares/Third_Party/FreeRTOS/Source/event_groups.c.obj
 .debug_aranges
                0x000003f8       0x40 CMakeFiles/STM32f411ret6_usart_blinking.elf.dir/Middlewares/Third_Party/FreeRTOS/Source/list.c.obj
 .debug_aranges
                0x00000438       0x80 CMakeFiles/STM32f411ret6_usart_blinking.elf.dir/Middlewares/Third_Party/FreeRTOS/Source/portable/GCC/ARM_CM4F/port.c.obj
 .debug_aranges
                0x000004b8       0x58 CMakeFiles/STM32f411ret6_usart_blinking.elf.dir/Middlewares/Third_Party/FreeRTOS/Source/portable/MemMang/heap_4.c.obj
 .debug_aranges
                0x00000510      0x158 CMakeFiles/STM32f411ret6_usart_blinking.elf.dir/Middlewares/Third_Party/FreeRTOS/Source/queue.c.obj
 .debug_aranges
                0x00000668      0x208 CMakeFiles/STM32f411ret6_usart_blinking.elf.dir/Middlewares/Third_Party/FreeRTOS/Source/tasks.c.obj
 .debug_aranges
                0x00000870       0xf0 CMakeFiles/STM32f411ret6_usart_blinking.elf.dir/Middlewares/Third_Party/FreeRTOS/Source/timers.c.obj
 .debug_aranges
                0x00000960       0x78 C:/ST/STM32CubeCLT_1.18.0/GNU-tools-for-STM32/bin/../lib/gcc/arm-none-eabi/13.3.1/../../../../arm-none-eabi/lib/thumb/v7e-m+fp/hard\libg.a(libc_a-findfp.o)
 .debug_aranges
                0x000009d8       0x20 C:/ST/STM32CubeCLT_1.18.0/GNU-tools-for-STM32/bin/../lib/gcc/arm-none-eabi/13.3.1/../../../../arm-none-eabi/lib/thumb/v7e-m+fp/hard\libg.a(libc_a-memset.o)
 .debug_aranges
                0x000009f8       0x20 C:/ST/STM32CubeCLT_1.18.0/GNU-tools-for-STM32/bin/../lib/gcc/arm-none-eabi/13.3.1/../../../../arm-none-eabi/lib/thumb/v7e-m+fp/hard\libg.a(libc_a-reent.o)
 .debug_aranges
                0x00000a18       0x18 C:/ST/STM32CubeCLT_1.18.0/GNU-tools-for-STM32/bin/../lib/gcc/arm-none-eabi/13.3.1/../../../../arm-none-eabi/lib/thumb/v7e-m+fp/hard\libg.a(libc_a-impure.o)
 .debug_aranges
                0x00000a30       0x20 C:/ST/STM32CubeCLT_1.18.0/GNU-tools-for-STM32/bin/../lib/gcc/arm-none-eabi/13.3.1/../../../../arm-none-eabi/lib/thumb/v7e-m+fp/hard\libg.a(libc_a-errno.o)
 .debug_aranges
                0x00000a50       0x20 C:/ST/STM32CubeCLT_1.18.0/GNU-tools-for-STM32/bin/../lib/gcc/arm-none-eabi/13.3.1/../../../../arm-none-eabi/lib/thumb/v7e-m+fp/hard\libg.a(libc_a-init.o)
 .debug_aranges
                0x00000a70       0x68 C:/ST/STM32CubeCLT_1.18.0/GNU-tools-for-STM32/bin/../lib/gcc/arm-none-eabi/13.3.1/../../../../arm-none-eabi/lib/thumb/v7e-m+fp/hard\libg.a(libc_a-lock.o)
 .debug_aranges
                0x00000ad8       0x20 C:/ST/STM32CubeCLT_1.18.0/GNU-tools-for-STM32/bin/../lib/gcc/arm-none-eabi/13.3.1/../../../../arm-none-eabi/lib/thumb/v7e-m+fp/hard\libg.a(libc_a-memcpy-stub.o)
 .debug_aranges
                0x00000af8       0x20 C:/ST/STM32CubeCLT_1.18.0/GNU-tools-for-STM32/bin/../lib/gcc/arm-none-eabi/13.3.1/../../../../arm-none-eabi/lib/thumb/v7e-m+fp/hard\libg.a(libc_a-strlen.o)
 .debug_aranges
                0x00000b18       0x28 C:/ST/STM32CubeCLT_1.18.0/GNU-tools-for-STM32/bin/../lib/gcc/arm-none-eabi/13.3.1/../../../../arm-none-eabi/lib/thumb/v7e-m+fp/hard\libg.a(libc_a-__call_atexit.o)
 .debug_aranges
                0x00000b40       0x20 C:/ST/STM32CubeCLT_1.18.0/GNU-tools-for-STM32/bin/../lib/gcc/arm-none-eabi/13.3.1/../../../../arm-none-eabi/lib/thumb/v7e-m+fp/hard\libg.a(libc_a-atexit.o)
 .debug_aranges
                0x00000b60       0x28 C:/ST/STM32CubeCLT_1.18.0/GNU-tools-for-STM32/bin/../lib/gcc/arm-none-eabi/13.3.1/../../../../arm-none-eabi/lib/thumb/v7e-m+fp/hard\libg.a(libc_a-freer.o)
 .debug_aranges
                0x00000b88       0x20 C:/ST/STM32CubeCLT_1.18.0/GNU-tools-for-STM32/bin/../lib/gcc/arm-none-eabi/13.3.1/../../../../arm-none-eabi/lib/thumb/v7e-m+fp/hard\libg.a(libc_a-mallocr.o)
 .debug_aranges
                0x00000ba8       0x28 C:/ST/STM32CubeCLT_1.18.0/GNU-tools-for-STM32/bin/../lib/gcc/arm-none-eabi/13.3.1/../../../../arm-none-eabi/lib/thumb/v7e-m+fp/hard\libg.a(libc_a-mlock.o)
 .debug_aranges
                0x00000bd0       0x20 C:/ST/STM32CubeCLT_1.18.0/GNU-tools-for-STM32/bin/../lib/gcc/arm-none-eabi/13.3.1/../../../../arm-none-eabi/lib/thumb/v7e-m+fp/hard\libg.a(libc_a-sbrkr.o)
 .debug_aranges
                0x00000bf0       0x20 C:/ST/STM32CubeCLT_1.18.0/GNU-tools-for-STM32/bin/../lib/gcc/arm-none-eabi/13.3.1/../../../../arm-none-eabi/lib/thumb/v7e-m+fp/hard\libg.a(libc_a-fini.o)
 .debug_aranges
                0x00000c10       0x20 C:/ST/STM32CubeCLT_1.18.0/GNU-tools-for-STM32/bin/../lib/gcc/arm-none-eabi/13.3.1/../../../../arm-none-eabi/lib/thumb/v7e-m+fp/hard\libg.a(libc_a-sysconf.o)
 .debug_aranges
                0x00000c30       0x20 C:/ST/STM32CubeCLT_1.18.0/GNU-tools-for-STM32/bin/../lib/gcc/arm-none-eabi/13.3.1/../../../../arm-none-eabi/lib/thumb/v7e-m+fp/hard\libg.a(libc_a-__atexit.o)

.debug_rnglists
                0x00000000      0xa62
 .debug_rnglists
                0x00000000       0x4c CMakeFiles/STM32f411ret6_usart_blinking.elf.dir/Core/Src/main.c.obj
 .debug_rnglists
                0x0000004c       0x13 CMakeFiles/STM32f411ret6_usart_blinking.elf.dir/Core/Src/sysmem.c.obj
 .debug_rnglists
                0x0000005f       0x1a CMakeFiles/STM32f411ret6_usart_blinking.elf.dir/Core/Src/system_stm32f4xx.c.obj
 .debug_rnglists
                0x00000079       0x19 CMakeFiles/STM32f411ret6_usart_blinking.elf.dir/Core/Startup/startup_stm32f411retx.s.obj
 .debug_rnglists
                0x00000092      0x1fe CMakeFiles/STM32f411ret6_usart_blinking.elf.dir/Middlewares/Third_Party/FreeRTOS/Source/CMSIS_RTOS_V2/cmsis_os2.c.obj
 .debug_rnglists
                0x00000290       0x85 CMakeFiles/STM32f411ret6_usart_blinking.elf.dir/Middlewares/Third_Party/FreeRTOS/Source/event_groups.c.obj
 .debug_rnglists
                0x00000315       0x2b CMakeFiles/STM32f411ret6_usart_blinking.elf.dir/Middlewares/Third_Party/FreeRTOS/Source/list.c.obj
 .debug_rnglists
                0x00000340       0x69 CMakeFiles/STM32f411ret6_usart_blinking.elf.dir/Middlewares/Third_Party/FreeRTOS/Source/portable/GCC/ARM_CM4F/port.c.obj
 .debug_rnglists
                0x000003a9       0x3f CMakeFiles/STM32f411ret6_usart_blinking.elf.dir/Middlewares/Third_Party/FreeRTOS/Source/portable/MemMang/heap_4.c.obj
 .debug_rnglists
                0x000003e8      0x170 CMakeFiles/STM32f411ret6_usart_blinking.elf.dir/Middlewares/Third_Party/FreeRTOS/Source/queue.c.obj
 .debug_rnglists
                0x00000558      0x23a CMakeFiles/STM32f411ret6_usart_blinking.elf.dir/Middlewares/Third_Party/FreeRTOS/Source/tasks.c.obj
 .debug_rnglists
                0x00000792       0xb0 CMakeFiles/STM32f411ret6_usart_blinking.elf.dir/Middlewares/Third_Party/FreeRTOS/Source/timers.c.obj
 .debug_rnglists
                0x00000842       0x7a C:/ST/STM32CubeCLT_1.18.0/GNU-tools-for-STM32/bin/../lib/gcc/arm-none-eabi/13.3.1/../../../../arm-none-eabi/lib/thumb/v7e-m+fp/hard\libg.a(libc_a-findfp.o)
 .debug_rnglists
                0x000008bc       0x13 C:/ST/STM32CubeCLT_1.18.0/GNU-tools-for-STM32/bin/../lib/gcc/arm-none-eabi/13.3.1/../../../../arm-none-eabi/lib/thumb/v7e-m+fp/hard\libg.a(libc_a-memset.o)
 .debug_rnglists
                0x000008cf       0x2b C:/ST/STM32CubeCLT_1.18.0/GNU-tools-for-STM32/bin/../lib/gcc/arm-none-eabi/13.3.1/../../../../arm-none-eabi/lib/thumb/v7e-m+fp/hard\libg.a(libc_a-reent.o)
 .debug_rnglists
                0x000008fa       0x13 C:/ST/STM32CubeCLT_1.18.0/GNU-tools-for-STM32/bin/../lib/gcc/arm-none-eabi/13.3.1/../../../../arm-none-eabi/lib/thumb/v7e-m+fp/hard\libg.a(libc_a-errno.o)
 .debug_rnglists
                0x0000090d       0x13 C:/ST/STM32CubeCLT_1.18.0/GNU-tools-for-STM32/bin/../lib/gcc/arm-none-eabi/13.3.1/../../../../arm-none-eabi/lib/thumb/v7e-m+fp/hard\libg.a(libc_a-init.o)
 .debug_rnglists
                0x00000920       0x49 C:/ST/STM32CubeCLT_1.18.0/GNU-tools-for-STM32/bin/../lib/gcc/arm-none-eabi/13.3.1/../../../../arm-none-eabi/lib/thumb/v7e-m+fp/hard\libg.a(libc_a-lock.o)
 .debug_rnglists
                0x00000969       0x13 C:/ST/STM32CubeCLT_1.18.0/GNU-tools-for-STM32/bin/../lib/gcc/arm-none-eabi/13.3.1/../../../../arm-none-eabi/lib/thumb/v7e-m+fp/hard\libg.a(libc_a-memcpy-stub.o)
 .debug_rnglists
                0x0000097c       0x2a C:/ST/STM32CubeCLT_1.18.0/GNU-tools-for-STM32/bin/../lib/gcc/arm-none-eabi/13.3.1/../../../../arm-none-eabi/lib/thumb/v7e-m+fp/hard\libg.a(libc_a-__call_atexit.o)
 .debug_rnglists
                0x000009a6       0x13 C:/ST/STM32CubeCLT_1.18.0/GNU-tools-for-STM32/bin/../lib/gcc/arm-none-eabi/13.3.1/../../../../arm-none-eabi/lib/thumb/v7e-m+fp/hard\libg.a(libc_a-atexit.o)
 .debug_rnglists
                0x000009b9       0x1b C:/ST/STM32CubeCLT_1.18.0/GNU-tools-for-STM32/bin/../lib/gcc/arm-none-eabi/13.3.1/../../../../arm-none-eabi/lib/thumb/v7e-m+fp/hard\libg.a(libc_a-freer.o)
 .debug_rnglists
                0x000009d4       0x28 C:/ST/STM32CubeCLT_1.18.0/GNU-tools-for-STM32/bin/../lib/gcc/arm-none-eabi/13.3.1/../../../../arm-none-eabi/lib/thumb/v7e-m+fp/hard\libg.a(libc_a-mallocr.o)
 .debug_rnglists
                0x000009fc       0x19 C:/ST/STM32CubeCLT_1.18.0/GNU-tools-for-STM32/bin/../lib/gcc/arm-none-eabi/13.3.1/../../../../arm-none-eabi/lib/thumb/v7e-m+fp/hard\libg.a(libc_a-mlock.o)
 .debug_rnglists
                0x00000a15       0x13 C:/ST/STM32CubeCLT_1.18.0/GNU-tools-for-STM32/bin/../lib/gcc/arm-none-eabi/13.3.1/../../../../arm-none-eabi/lib/thumb/v7e-m+fp/hard\libg.a(libc_a-sbrkr.o)
 .debug_rnglists
                0x00000a28       0x13 C:/ST/STM32CubeCLT_1.18.0/GNU-tools-for-STM32/bin/../lib/gcc/arm-none-eabi/13.3.1/../../../../arm-none-eabi/lib/thumb/v7e-m+fp/hard\libg.a(libc_a-fini.o)
 .debug_rnglists
                0x00000a3b       0x13 C:/ST/STM32CubeCLT_1.18.0/GNU-tools-for-STM32/bin/../lib/gcc/arm-none-eabi/13.3.1/../../../../arm-none-eabi/lib/thumb/v7e-m+fp/hard\libg.a(libc_a-sysconf.o)
 .debug_rnglists
                0x00000a4e       0x14 C:/ST/STM32CubeCLT_1.18.0/GNU-tools-for-STM32/bin/../lib/gcc/arm-none-eabi/13.3.1/../../../../arm-none-eabi/lib/thumb/v7e-m+fp/hard\libg.a(libc_a-__atexit.o)

.debug_line     0x00000000     0xddac
 .debug_line    0x00000000      0x7ae CMakeFiles/STM32f411ret6_usart_blinking.elf.dir/Core/Src/main.c.obj
 .debug_line    0x000007ae      0x266 CMakeFiles/STM32f411ret6_usart_blinking.elf.dir/Core/Src/sysmem.c.obj
 .debug_line    0x00000a14      0x380 CMakeFiles/STM32f411ret6_usart_blinking.elf.dir/Core/Src/system_stm32f4xx.c.obj
 .debug_line    0x00000d94       0x7a CMakeFiles/STM32f411ret6_usart_blinking.elf.dir/Core/Startup/startup_stm32f411retx.s.obj
 .debug_line    0x00000e0e     0x2e43 CMakeFiles/STM32f411ret6_usart_blinking.elf.dir/Middlewares/Third_Party/FreeRTOS/Source/CMSIS_RTOS_V2/cmsis_os2.c.obj
 .debug_line    0x00003c51      0xb6c CMakeFiles/STM32f411ret6_usart_blinking.elf.dir/Middlewares/Third_Party/FreeRTOS/Source/event_groups.c.obj
 .debug_line    0x000047bd      0x487 CMakeFiles/STM32f411ret6_usart_blinking.elf.dir/Middlewares/Third_Party/FreeRTOS/Source/list.c.obj
 .debug_line    0x00004c44      0x755 CMakeFiles/STM32f411ret6_usart_blinking.elf.dir/Middlewares/Third_Party/FreeRTOS/Source/portable/GCC/ARM_CM4F/port.c.obj
 .debug_line    0x00005399      0x839 CMakeFiles/STM32f411ret6_usart_blinking.elf.dir/Middlewares/Third_Party/FreeRTOS/Source/portable/MemMang/heap_4.c.obj
 .debug_line    0x00005bd2     0x1e53 CMakeFiles/STM32f411ret6_usart_blinking.elf.dir/Middlewares/Third_Party/FreeRTOS/Source/queue.c.obj
 .debug_line    0x00007a25     0x29aa CMakeFiles/STM32f411ret6_usart_blinking.elf.dir/Middlewares/Third_Party/FreeRTOS/Source/tasks.c.obj
 .debug_line    0x0000a3cf      0xf45 CMakeFiles/STM32f411ret6_usart_blinking.elf.dir/Middlewares/Third_Party/FreeRTOS/Source/timers.c.obj
 .debug_line    0x0000b314      0x5c0 C:/ST/STM32CubeCLT_1.18.0/GNU-tools-for-STM32/bin/../lib/gcc/arm-none-eabi/13.3.1/../../../../arm-none-eabi/lib/thumb/v7e-m+fp/hard\libg.a(libc_a-findfp.o)
 .debug_line    0x0000b8d4      0x17e C:/ST/STM32CubeCLT_1.18.0/GNU-tools-for-STM32/bin/../lib/gcc/arm-none-eabi/13.3.1/../../../../arm-none-eabi/lib/thumb/v7e-m+fp/hard\libg.a(libc_a-memset.o)
 .debug_line    0x0000ba52      0x27f C:/ST/STM32CubeCLT_1.18.0/GNU-tools-for-STM32/bin/../lib/gcc/arm-none-eabi/13.3.1/../../../../arm-none-eabi/lib/thumb/v7e-m+fp/hard\libg.a(libc_a-reent.o)
 .debug_line    0x0000bcd1      0x163 C:/ST/STM32CubeCLT_1.18.0/GNU-tools-for-STM32/bin/../lib/gcc/arm-none-eabi/13.3.1/../../../../arm-none-eabi/lib/thumb/v7e-m+fp/hard\libg.a(libc_a-impure.o)
 .debug_line    0x0000be34      0x185 C:/ST/STM32CubeCLT_1.18.0/GNU-tools-for-STM32/bin/../lib/gcc/arm-none-eabi/13.3.1/../../../../arm-none-eabi/lib/thumb/v7e-m+fp/hard\libg.a(libc_a-errno.o)
 .debug_line    0x0000bfb9      0x170 C:/ST/STM32CubeCLT_1.18.0/GNU-tools-for-STM32/bin/../lib/gcc/arm-none-eabi/13.3.1/../../../../arm-none-eabi/lib/thumb/v7e-m+fp/hard\libg.a(libc_a-init.o)
 .debug_line    0x0000c129      0x19b C:/ST/STM32CubeCLT_1.18.0/GNU-tools-for-STM32/bin/../lib/gcc/arm-none-eabi/13.3.1/../../../../arm-none-eabi/lib/thumb/v7e-m+fp/hard\libg.a(libc_a-lock.o)
 .debug_line    0x0000c2c4      0x202 C:/ST/STM32CubeCLT_1.18.0/GNU-tools-for-STM32/bin/../lib/gcc/arm-none-eabi/13.3.1/../../../../arm-none-eabi/lib/thumb/v7e-m+fp/hard\libg.a(libc_a-memcpy-stub.o)
 .debug_line    0x0000c4c6       0x4f C:/ST/STM32CubeCLT_1.18.0/GNU-tools-for-STM32/bin/../lib/gcc/arm-none-eabi/13.3.1/../../../../arm-none-eabi/lib/thumb/v7e-m+fp/hard\libg.a(libc_a-strlen.o)
 .debug_line    0x0000c515      0x29e C:/ST/STM32CubeCLT_1.18.0/GNU-tools-for-STM32/bin/../lib/gcc/arm-none-eabi/13.3.1/../../../../arm-none-eabi/lib/thumb/v7e-m+fp/hard\libg.a(libc_a-__call_atexit.o)
 .debug_line    0x0000c7b3      0x102 C:/ST/STM32CubeCLT_1.18.0/GNU-tools-for-STM32/bin/../lib/gcc/arm-none-eabi/13.3.1/../../../../arm-none-eabi/lib/thumb/v7e-m+fp/hard\libg.a(libc_a-atexit.o)
 .debug_line    0x0000c8b5      0x4e4 C:/ST/STM32CubeCLT_1.18.0/GNU-tools-for-STM32/bin/../lib/gcc/arm-none-eabi/13.3.1/../../../../arm-none-eabi/lib/thumb/v7e-m+fp/hard\libg.a(libc_a-freer.o)
 .debug_line    0x0000cd99      0x80b C:/ST/STM32CubeCLT_1.18.0/GNU-tools-for-STM32/bin/../lib/gcc/arm-none-eabi/13.3.1/../../../../arm-none-eabi/lib/thumb/v7e-m+fp/hard\libg.a(libc_a-mallocr.o)
 .debug_line    0x0000d5a4      0x1ed C:/ST/STM32CubeCLT_1.18.0/GNU-tools-for-STM32/bin/../lib/gcc/arm-none-eabi/13.3.1/../../../../arm-none-eabi/lib/thumb/v7e-m+fp/hard\libg.a(libc_a-mlock.o)
 .debug_line    0x0000d791      0x21f C:/ST/STM32CubeCLT_1.18.0/GNU-tools-for-STM32/bin/../lib/gcc/arm-none-eabi/13.3.1/../../../../arm-none-eabi/lib/thumb/v7e-m+fp/hard\libg.a(libc_a-sbrkr.o)
 .debug_line    0x0000d9b0      0x134 C:/ST/STM32CubeCLT_1.18.0/GNU-tools-for-STM32/bin/../lib/gcc/arm-none-eabi/13.3.1/../../../../arm-none-eabi/lib/thumb/v7e-m+fp/hard\libg.a(libc_a-fini.o)
 .debug_line    0x0000dae4      0x123 C:/ST/STM32CubeCLT_1.18.0/GNU-tools-for-STM32/bin/../lib/gcc/arm-none-eabi/13.3.1/../../../../arm-none-eabi/lib/thumb/v7e-m+fp/hard\libg.a(libc_a-sysconf.o)
 .debug_line    0x0000dc07      0x1a5 C:/ST/STM32CubeCLT_1.18.0/GNU-tools-for-STM32/bin/../lib/gcc/arm-none-eabi/13.3.1/../../../../arm-none-eabi/lib/thumb/v7e-m+fp/hard\libg.a(libc_a-__atexit.o)

.debug_str      0x00000000     0x547d
 .debug_str     0x00000000     0x547d CMakeFiles/STM32f411ret6_usart_blinking.elf.dir/Core/Src/main.c.obj
                                0xf32 (size before relaxing)
 .debug_str     0x0000547d      0x2ac CMakeFiles/STM32f411ret6_usart_blinking.elf.dir/Core/Src/sysmem.c.obj
 .debug_str     0x0000547d      0x402 CMakeFiles/STM32f411ret6_usart_blinking.elf.dir/Core/Src/system_stm32f4xx.c.obj
 .debug_str     0x0000547d       0xe3 CMakeFiles/STM32f411ret6_usart_blinking.elf.dir/Core/Startup/startup_stm32f411retx.s.obj